[0.000000] (-) TimerEvent: {}
[0.000241] (lab2_turtlesim) JobQueued: {'identifier': 'lab2_turtlesim', 'dependencies': OrderedDict()}
[0.000270] (lab2_turtlesim) JobStarted: {'identifier': 'lab2_turtlesim'}
[0.097654] (-) TimerEvent: {}
[0.198062] (-) TimerEvent: {}
[0.298308] (-) TimerEvent: {}
[0.398572] (-) TimerEvent: {}
[0.499132] (-) TimerEvent: {}
[0.599456] (-) TimerEvent: {}
[0.699730] (-) TimerEvent: {}
[0.732518] (lab2_turtlesim) Command: {'cmd': ['/usr/bin/python3', '-W', 'ignore:setup.py install is deprecated', '-W', 'ignore:easy_install command is deprecated', 'setup.py', 'egg_info', '--egg-base', 'build/lab2_turtlesim', 'build', '--build-base', '/home/cc/ee106a/fa26/class/ee106a-agi/ros_workspaces/lab2/src/lab2_turtlesim/build/lab2_turtlesim/build', 'install', '--record', '/home/cc/ee106a/fa26/class/ee106a-agi/ros_workspaces/lab2/src/lab2_turtlesim/build/lab2_turtlesim/install.log', '--install-scripts', '$base/lib/lab2_turtlesim', '--single-version-externally-managed', 'install_data'], 'cwd': '/home/cc/ee106a/fa26/class/ee106a-agi/ros_workspaces/lab2/src/lab2_turtlesim', 'env': {'ARCH': 'x86_64', 'QT_SCALE_FACTOR': '1', 'USER': 'ee106a-agi', 'HOSTNAME': 'ros2', 'XDG_SESSION_TYPE': 'x11', 'MASTERDIR': '/home/ff/ee106a', 'COMPIZ_CONFIG_PROFILE': 'mate', 'XDG_CACHE_HOME': '/home/cc/ee106a/fa26/class/ee106a-agi/.cache', 'SHLVL': '2', 'LD_LIBRARY_PATH': '/home/cc/ee106a/fa26/class/ee106a-agi/ros_workspaces/install/turtle_patrol_interface/lib:/usr/lib/x86_64-linux-gnu/gazebo-11/plugins:/opt/ros/humble/opt/rviz_ogre_vendor/lib:/opt/ros/humble/lib/x86_64-linux-gnu:/opt/ros/humble/lib', 'HOME': '/home/cc/ee106a/fa26/class/ee106a-agi', 'OLDPWD': '/home/cc/ee106a/fa26/class/ee106a-agi/ros_workspaces/lab2/src', 'DESKTOP_SESSION': 'mate', 'ROS_PYTHON_VERSION': '3', 'GTK_MODULES': 'gail:atk-bridge:appmenu-gtk-module:gail:atk-bridge:canberra-gtk-module', 'EE106_UR_ROBOT_IP': '192.168.1.102', 'DISTROBOX_ENTER_PATH': '/usr/local/bin/distrobox-enter', 'SYSTEMD_EXEC_PID': '701345', 'NNTPSERVER': 'news.csua.berkeley.edu', 'VISUAL': 'emacs', 'XDG_STATE_HOME': '/home/cc/ee106a/fa26/class/ee106a-agi/.local/state', 'DBUS_SESSION_BUS_ADDRESS': 'unix:path=/run/user/91029/bus', 'COLORTERM': 'truecolor', 'container': 'podman', 'UBUNTU_MENUPROXY': '1', 'QT_QPA_PLATFORMTHEME': 'gtk2', 'COLCON_PREFIX_PATH': '/home/cc/ee106a/fa26/class/ee106a-agi/ros_workspaces/install:/home/ff/ee106a/robot_workspaces/ur/install', 'ROS_DISTRO': 'humble', 'GTK_IM_MODULE': 'ibus', 'LOGNAME': 'ee106a-agi', 'MASTER': 'ee106a', 'WINDOWID': '31457286', 'ROS_VERSION': '2', 'XDG_SESSION_CLASS': 'user', 'TERMINFO_DIRS': '/usr/share/terminfo:/run/host/usr/share/terminfo', 'USERNAME': 'ee106a-agi', 'TERM': 'xterm-256color', 'GTK_OVERLAY_SCROLLING': '0', 'XDG_SESSION_ID': '1397', 'ROS_LOCALHOST_ONLY': '0', 'WINDOWPATH': '2', 'PATH': '/opt/ros/humble/bin:/share/b/grading/bin:/home/ff/ee106a/bin:/home/ff/ee106a/bin/arch/x86_64:/share/b/grading/bin:/home/ff/ee106a/bin:/home/ff/ee106a/bin/arch/x86_64:/usr/local/sbin:/usr/local/bin:/usr/sbin:/usr/bin:/sbin:/bin:/usr/games:/usr/local/games:/snap/bin:/snap/bin:/share/b/grading/bin:/share/b/grading/sbin:/share/b/runas/x86_64:/share/b/bin:/home/ff/ee106a/venvs/all:/usr/local/sbin:/usr/local/bin:/usr/sbin:/usr/bin:/sbin:/bin:/share/b/grading/bin:/share/b/grading/sbin:/share/b/runas/x86_64:/share/b/bin:/home/ff/ee106a/venvs/all', 'SESSION_MANAGER': 'local/c105-8:@/tmp/.ICE-unix/701454,unix/c105-8:/tmp/.ICE-unix/701454', 'OS': 'Linux', 'XDG_RUNTIME_DIR': '/run/user/91029', 'DISPLAY': ':1', 'LANG': 'en_US.UTF-8', 'XDG_CURRENT_DESKTOP': 'MATE', 'XDG_DATA_HOME': '/home/cc/ee106a/fa26/class/ee106a-agi/.local/share', 'XDG_CONFIG_HOME': '/home/cc/ee106a/fa26/class/ee106a-agi/.config', 'XMODIFIERS': '@im=ibus', 'XDG_SESSION_DESKTOP': 'mate', 'XAUTHORITY': '/run/user/91029/gdm/Xauthority', 'SSH_AUTH_SOCK': '/run/user/91029/keyring/ssh', 'ROS_DOMAIN_ID': '28', 'AMENT_PREFIX_PATH': '/home/cc/ee106a/fa26/class/ee106a-agi/ros_workspaces/install/turtle_patrol_interface:/home/cc/ee106a/fa26/class/ee106a-agi/ros_workspaces/install/turtle_patrol:/home/cc/ee106a/fa26/class/ee106a-agi/ros_workspaces/install/lab2_turtlesim:/home/cc/ee106a/fa26/class/ee106a-agi/ros_workspaces/install/chatter:/home/ff/ee106a/robot_workspaces/ur/install/ur7e_utils:/opt/ros/humble', 'SHELL': '/usr/bin/bash', 'QT_ACCESSIBILITY': '1', 'EE106_UR_ROBOT_NAME': 'astroboy', 'GDMSESSION': 'mate', 'RUNAS': '/share/b/runas/x86_64', 'GPG_AGENT_INFO': '/run/user/91029/gnupg/S.gpg-agent:0:1', 'CONFIG_SHELL': '/usr/bin/ksh', 'QT_IM_MODULE': 'ibus', 'PWD': '/home/cc/ee106a/fa26/class/ee106a-agi/ros_workspaces/lab2/src/lab2_turtlesim/build/lab2_turtlesim', 'EE106_ENV_SETUP': 'ur_ros2', 'CONTAINER_ID': 'ros2', 'LC_ALL': 'C.UTF-8', 'XDG_CONFIG_DIRS': '/etc/xdg/xdg-mate:/etc/xdg', 'CLUTTER_IM_MODULE': 'ibus', 'XDG_DATA_DIRS': '/usr/share/mate:/usr/share/mate:/usr/share/gnome:/home/cc/ee106a/fa26/class/ee106a-agi/.local/share/flatpak/exports/share:/var/lib/flatpak/exports/share:/usr/local/share/:/usr/share/:/var/lib/snapd/desktop:/usr/local/share:/usr/share', 'PYTHONPATH': '/home/cc/ee106a/fa26/class/ee106a-agi/ros_workspaces/lab2/src/lab2_turtlesim/build/lab2_turtlesim/prefix_override:/usr/lib/python3/dist-packages/colcon_core/task/python/colcon_distutils_commands:/home/cc/ee106a/fa26/class/ee106a-agi/ros_workspaces/lab2/src/lab2_turtlesim/install/lab2_turtlesim/lib/python3.10/site-packages:/home/cc/ee106a/fa26/class/ee106a-agi/ros_workspaces/install/turtle_patrol_interface/local/lib/python3.10/dist-packages:/home/cc/ee106a/fa26/class/ee106a-agi/ros_workspaces/install/turtle_patrol/lib/python3.10/site-packages:/home/cc/ee106a/fa26/class/ee106a-agi/ros_workspaces/install/lab2_turtlesim/lib/python3.10/site-packages:/home/cc/ee106a/fa26/class/ee106a-agi/ros_workspaces/install/chatter/lib/python3.10/site-packages:/home/ff/ee106a/robot_workspaces/ur/install/ur7e_utils/lib/python3.10/site-packages:/opt/ros/humble/lib/python3.10/site-packages:/opt/ros/humble/local/lib/python3.10/dist-packages', 'MATE_DESKTOP_SESSION_ID': 'this-is-deprecated', 'COLCON': '1', 'MANPATH': '/usr/local/man:/usr/man:/usr/X11/man:/usr/local/man:/share/b/grading/man:/usr/local/man:/usr/man:/usr/X11/man:/usr/local/man:/share/b/grading/man:', 'VTE_VERSION': '6800', 'EDITOR': 'emacs', 'CMAKE_PREFIX_PATH': '/home/cc/ee106a/fa26/class/ee106a-agi/ros_workspaces/install/turtle_patrol_interface', 'QT_FONT_DPI': '122'}, 'shell': False}
[0.799795] (-) TimerEvent: {}
[0.900019] (-) TimerEvent: {}
[0.942337] (lab2_turtlesim) StdoutLine: {'line': b'running egg_info\n'}
[0.942962] (lab2_turtlesim) StdoutLine: {'line': b'creating build/lab2_turtlesim/lab2_turtlesim.egg-info\n'}
[0.946132] (lab2_turtlesim) StdoutLine: {'line': b'writing build/lab2_turtlesim/lab2_turtlesim.egg-info/PKG-INFO\n'}
[0.952402] (lab2_turtlesim) StdoutLine: {'line': b'writing dependency_links to build/lab2_turtlesim/lab2_turtlesim.egg-info/dependency_links.txt\n'}
[0.955471] (lab2_turtlesim) StdoutLine: {'line': b'writing entry points to build/lab2_turtlesim/lab2_turtlesim.egg-info/entry_points.txt\n'}
[0.958919] (lab2_turtlesim) StdoutLine: {'line': b'writing requirements to build/lab2_turtlesim/lab2_turtlesim.egg-info/requires.txt\n'}
[0.961480] (lab2_turtlesim) StdoutLine: {'line': b'writing top-level names to build/lab2_turtlesim/lab2_turtlesim.egg-info/top_level.txt\n'}
[0.964432] (lab2_turtlesim) StdoutLine: {'line': b"writing manifest file 'build/lab2_turtlesim/lab2_turtlesim.egg-info/SOURCES.txt'\n"}
[0.970849] (lab2_turtlesim) StdoutLine: {'line': b"reading manifest file 'build/lab2_turtlesim/lab2_turtlesim.egg-info/SOURCES.txt'\n"}
[0.973043] (lab2_turtlesim) StdoutLine: {'line': b"writing manifest file 'build/lab2_turtlesim/lab2_turtlesim.egg-info/SOURCES.txt'\n"}
[0.973948] (lab2_turtlesim) StdoutLine: {'line': b'running build\n'}
[0.974532] (lab2_turtlesim) StdoutLine: {'line': b'running build_py\n'}
[0.974819] (lab2_turtlesim) StdoutLine: {'line': b'creating /home/cc/ee106a/fa26/class/ee106a-agi/ros_workspaces/lab2/src/lab2_turtlesim/build/lab2_turtlesim/build\n'}
[0.976055] (lab2_turtlesim) StdoutLine: {'line': b'creating /home/cc/ee106a/fa26/class/ee106a-agi/ros_workspaces/lab2/src/lab2_turtlesim/build/lab2_turtlesim/build/lib\n'}
[0.977601] (lab2_turtlesim) StdoutLine: {'line': b'creating /home/cc/ee106a/fa26/class/ee106a-agi/ros_workspaces/lab2/src/lab2_turtlesim/build/lab2_turtlesim/build/lib/lab2_turtlesim\n'}
[0.979387] (lab2_turtlesim) StdoutLine: {'line': b'copying lab2_turtlesim/publisher.py -> /home/cc/ee106a/fa26/class/ee106a-agi/ros_workspaces/lab2/src/lab2_turtlesim/build/lab2_turtlesim/build/lib/lab2_turtlesim\n'}
[0.983916] (lab2_turtlesim) StdoutLine: {'line': b'copying lab2_turtlesim/__init__.py -> /home/cc/ee106a/fa26/class/ee106a-agi/ros_workspaces/lab2/src/lab2_turtlesim/build/lab2_turtlesim/build/lib/lab2_turtlesim\n'}
[0.987703] (lab2_turtlesim) StdoutLine: {'line': b'running install\n'}
[0.988339] (lab2_turtlesim) StdoutLine: {'line': b'running install_lib\n'}
[0.993617] (lab2_turtlesim) StdoutLine: {'line': b'creating /home/cc/ee106a/fa26/class/ee106a-agi/ros_workspaces/lab2/src/lab2_turtlesim/install/lab2_turtlesim/lib/python3.10/site-packages/lab2_turtlesim\n'}
[0.995476] (lab2_turtlesim) StdoutLine: {'line': b'copying /home/cc/ee106a/fa26/class/ee106a-agi/ros_workspaces/lab2/src/lab2_turtlesim/build/lab2_turtlesim/build/lib/lab2_turtlesim/__init__.py -> /home/cc/ee106a/fa26/class/ee106a-agi/ros_workspaces/lab2/src/lab2_turtlesim/install/lab2_turtlesim/lib/python3.10/site-packages/lab2_turtlesim\n'}
[0.999811] (lab2_turtlesim) StdoutLine: {'line': b'copying /home/cc/ee106a/fa26/class/ee106a-agi/ros_workspaces/lab2/src/lab2_turtlesim/build/lab2_turtlesim/build/lib/lab2_turtlesim/publisher.py -> /home/cc/ee106a/fa26/class/ee106a-agi/ros_workspaces/lab2/src/lab2_turtlesim/install/lab2_turtlesim/lib/python3.10/site-packages/lab2_turtlesim\n'}
[1.000043] (-) TimerEvent: {}
[1.007349] (lab2_turtlesim) StdoutLine: {'line': b'byte-compiling /home/cc/ee106a/fa26/class/ee106a-agi/ros_workspaces/lab2/src/lab2_turtlesim/install/lab2_turtlesim/lib/python3.10/site-packages/lab2_turtlesim/__init__.py to __init__.cpython-310.pyc\n'}
[1.014415] (lab2_turtlesim) StdoutLine: {'line': b'byte-compiling /home/cc/ee106a/fa26/class/ee106a-agi/ros_workspaces/lab2/src/lab2_turtlesim/install/lab2_turtlesim/lib/python3.10/site-packages/lab2_turtlesim/publisher.py to publisher.cpython-310.pyc\n'}
[1.015017] (lab2_turtlesim) StderrLine: {'line': b'  File "/home/cc/ee106a/fa26/class/ee106a-agi/ros_workspaces/lab2/src/lab2_turtlesim/install/lab2_turtlesim/lib/python3.10/site-packages/lab2_turtlesim/publisher.py", line 1\n'}
[1.015932] (lab2_turtlesim) StderrLine: {'line': b'    import geometry_msgs.msg import Twist\n'}
[1.016017] (lab2_turtlesim) StderrLine: {'line': b'                             ^^^^^^\n'}
[1.016106] (lab2_turtlesim) StderrLine: {'line': b'SyntaxError: invalid syntax\n'}
[1.016184] (lab2_turtlesim) StderrLine: {'line': b'\n'}
[1.016270] (lab2_turtlesim) StdoutLine: {'line': b'running install_data\n'}
[1.017199] (lab2_turtlesim) StdoutLine: {'line': b'creating /home/cc/ee106a/fa26/class/ee106a-agi/ros_workspaces/lab2/src/lab2_turtlesim/install/lab2_turtlesim/share/ament_index\n'}
[1.017442] (lab2_turtlesim) StdoutLine: {'line': b'creating /home/cc/ee106a/fa26/class/ee106a-agi/ros_workspaces/lab2/src/lab2_turtlesim/install/lab2_turtlesim/share/ament_index/resource_index\n'}
[1.018993] (lab2_turtlesim) StdoutLine: {'line': b'creating /home/cc/ee106a/fa26/class/ee106a-agi/ros_workspaces/lab2/src/lab2_turtlesim/install/lab2_turtlesim/share/ament_index/resource_index/packages\n'}
[1.021227] (lab2_turtlesim) StdoutLine: {'line': b'copying resource/lab2_turtlesim -> /home/cc/ee106a/fa26/class/ee106a-agi/ros_workspaces/lab2/src/lab2_turtlesim/install/lab2_turtlesim/share/ament_index/resource_index/packages\n'}
[1.027175] (lab2_turtlesim) StdoutLine: {'line': b'copying package.xml -> /home/cc/ee106a/fa26/class/ee106a-agi/ros_workspaces/lab2/src/lab2_turtlesim/install/lab2_turtlesim/share/lab2_turtlesim\n'}
[1.032080] (lab2_turtlesim) StdoutLine: {'line': b'running install_egg_info\n'}
[1.038098] (lab2_turtlesim) StdoutLine: {'line': b'Copying build/lab2_turtlesim/lab2_turtlesim.egg-info to /home/cc/ee106a/fa26/class/ee106a-agi/ros_workspaces/lab2/src/lab2_turtlesim/install/lab2_turtlesim/lib/python3.10/site-packages/lab2_turtlesim-0.0.0-py3.10.egg-info\n'}
[1.077158] (lab2_turtlesim) StdoutLine: {'line': b'running install_scripts\n'}
[1.100149] (-) TimerEvent: {}
[1.114593] (lab2_turtlesim) StdoutLine: {'line': b"writing list of installed files to '/home/cc/ee106a/fa26/class/ee106a-agi/ros_workspaces/lab2/src/lab2_turtlesim/build/lab2_turtlesim/install.log'\n"}
[1.130297] (lab2_turtlesim) CommandEnded: {'returncode': 0}
[1.186621] (lab2_turtlesim) JobEnded: {'identifier': 'lab2_turtlesim', 'rc': 0}
[1.191527] (-) EventReactorShutdown: {}
