[0.742s] Invoking command in '/home/cc/ee106a/fa26/class/ee106a-agi/ros_workspaces/lab2/src/lab2_turtlesim': PYTHONPATH=/home/cc/ee106a/fa26/class/ee106a-agi/ros_workspaces/lab2/src/lab2_turtlesim/build/lab2_turtlesim/prefix_override:/usr/lib/python3/dist-packages/colcon_core/task/python/colcon_distutils_commands:/home/cc/ee106a/fa26/class/ee106a-agi/ros_workspaces/lab2/src/lab2_turtlesim/install/lab2_turtlesim/lib/python3.10/site-packages:${PYTHONPATH} /usr/bin/python3 -W ignore:setup.py install is deprecated -W ignore:easy_install command is deprecated setup.py egg_info --egg-base build/lab2_turtlesim build --build-base /home/cc/ee106a/fa26/class/ee106a-agi/ros_workspaces/lab2/src/lab2_turtlesim/build/lab2_turtlesim/build install --record /home/cc/ee106a/fa26/class/ee106a-agi/ros_workspaces/lab2/src/lab2_turtlesim/build/lab2_turtlesim/install.log --install-scripts $base/lib/lab2_turtlesim --single-version-externally-managed install_data
[0.942s] running egg_info
[0.943s] creating build/lab2_turtlesim/lab2_turtlesim.egg-info
[0.946s] writing build/lab2_turtlesim/lab2_turtlesim.egg-info/PKG-INFO
[0.952s] writing dependency_links to build/lab2_turtlesim/lab2_turtlesim.egg-info/dependency_links.txt
[0.956s] writing entry points to build/lab2_turtlesim/lab2_turtlesim.egg-info/entry_points.txt
[0.960s] writing requirements to build/lab2_turtlesim/lab2_turtlesim.egg-info/requires.txt
[0.961s] writing top-level names to build/lab2_turtlesim/lab2_turtlesim.egg-info/top_level.txt
[0.965s] writing manifest file 'build/lab2_turtlesim/lab2_turtlesim.egg-info/SOURCES.txt'
[0.971s] reading manifest file 'build/lab2_turtlesim/lab2_turtlesim.egg-info/SOURCES.txt'
[0.973s] writing manifest file 'build/lab2_turtlesim/lab2_turtlesim.egg-info/SOURCES.txt'
[0.974s] running build
[0.974s] running build_py
[0.975s] creating /home/cc/ee106a/fa26/class/ee106a-agi/ros_workspaces/lab2/src/lab2_turtlesim/build/lab2_turtlesim/build
[0.976s] creating /home/cc/ee106a/fa26/class/ee106a-agi/ros_workspaces/lab2/src/lab2_turtlesim/build/lab2_turtlesim/build/lib
[0.978s] creating /home/cc/ee106a/fa26/class/ee106a-agi/ros_workspaces/lab2/src/lab2_turtlesim/build/lab2_turtlesim/build/lib/lab2_turtlesim
[0.980s] copying lab2_turtlesim/publisher.py -> /home/cc/ee106a/fa26/class/ee106a-agi/ros_workspaces/lab2/src/lab2_turtlesim/build/lab2_turtlesim/build/lib/lab2_turtlesim
[0.984s] copying lab2_turtlesim/__init__.py -> /home/cc/ee106a/fa26/class/ee106a-agi/ros_workspaces/lab2/src/lab2_turtlesim/build/lab2_turtlesim/build/lib/lab2_turtlesim
[0.988s] running install
[0.988s] running install_lib
[0.994s] creating /home/cc/ee106a/fa26/class/ee106a-agi/ros_workspaces/lab2/src/lab2_turtlesim/install/lab2_turtlesim/lib/python3.10/site-packages/lab2_turtlesim
[0.995s] copying /home/cc/ee106a/fa26/class/ee106a-agi/ros_workspaces/lab2/src/lab2_turtlesim/build/lab2_turtlesim/build/lib/lab2_turtlesim/__init__.py -> /home/cc/ee106a/fa26/class/ee106a-agi/ros_workspaces/lab2/src/lab2_turtlesim/install/lab2_turtlesim/lib/python3.10/site-packages/lab2_turtlesim
[1.000s] copying /home/cc/ee106a/fa26/class/ee106a-agi/ros_workspaces/lab2/src/lab2_turtlesim/build/lab2_turtlesim/build/lib/lab2_turtlesim/publisher.py -> /home/cc/ee106a/fa26/class/ee106a-agi/ros_workspaces/lab2/src/lab2_turtlesim/install/lab2_turtlesim/lib/python3.10/site-packages/lab2_turtlesim
[1.007s] byte-compiling /home/cc/ee106a/fa26/class/ee106a-agi/ros_workspaces/lab2/src/lab2_turtlesim/install/lab2_turtlesim/lib/python3.10/site-packages/lab2_turtlesim/__init__.py to __init__.cpython-310.pyc
[1.014s] byte-compiling /home/cc/ee106a/fa26/class/ee106a-agi/ros_workspaces/lab2/src/lab2_turtlesim/install/lab2_turtlesim/lib/python3.10/site-packages/lab2_turtlesim/publisher.py to publisher.cpython-310.pyc
[1.016s]   File "/home/cc/ee106a/fa26/class/ee106a-agi/ros_workspaces/lab2/src/lab2_turtlesim/install/lab2_turtlesim/lib/python3.10/site-packages/lab2_turtlesim/publisher.py", line 1
[1.016s]     import geometry_msgs.msg import Twist
[1.016s]                              ^^^^^^
[1.016s] SyntaxError: invalid syntax
[1.016s] 
[1.017s] running install_data
[1.017s] creating /home/cc/ee106a/fa26/class/ee106a-agi/ros_workspaces/lab2/src/lab2_turtlesim/install/lab2_turtlesim/share/ament_index
[1.018s] creating /home/cc/ee106a/fa26/class/ee106a-agi/ros_workspaces/lab2/src/lab2_turtlesim/install/lab2_turtlesim/share/ament_index/resource_index
[1.019s] creating /home/cc/ee106a/fa26/class/ee106a-agi/ros_workspaces/lab2/src/lab2_turtlesim/install/lab2_turtlesim/share/ament_index/resource_index/packages
[1.022s] copying resource/lab2_turtlesim -> /home/cc/ee106a/fa26/class/ee106a-agi/ros_workspaces/lab2/src/lab2_turtlesim/install/lab2_turtlesim/share/ament_index/resource_index/packages
[1.028s] copying package.xml -> /home/cc/ee106a/fa26/class/ee106a-agi/ros_workspaces/lab2/src/lab2_turtlesim/install/lab2_turtlesim/share/lab2_turtlesim
[1.032s] running install_egg_info
[1.038s] Copying build/lab2_turtlesim/lab2_turtlesim.egg-info to /home/cc/ee106a/fa26/class/ee106a-agi/ros_workspaces/lab2/src/lab2_turtlesim/install/lab2_turtlesim/lib/python3.10/site-packages/lab2_turtlesim-0.0.0-py3.10.egg-info
[1.077s] running install_scripts
[1.114s] writing list of installed files to '/home/cc/ee106a/fa26/class/ee106a-agi/ros_workspaces/lab2/src/lab2_turtlesim/build/lab2_turtlesim/install.log'
[1.130s] Invoked command in '/home/cc/ee106a/fa26/class/ee106a-agi/ros_workspaces/lab2/src/lab2_turtlesim' returned '0': PYTHONPATH=/home/cc/ee106a/fa26/class/ee106a-agi/ros_workspaces/lab2/src/lab2_turtlesim/build/lab2_turtlesim/prefix_override:/usr/lib/python3/dist-packages/colcon_core/task/python/colcon_distutils_commands:/home/cc/ee106a/fa26/class/ee106a-agi/ros_workspaces/lab2/src/lab2_turtlesim/install/lab2_turtlesim/lib/python3.10/site-packages:${PYTHONPATH} /usr/bin/python3 -W ignore:setup.py install is deprecated -W ignore:easy_install command is deprecated setup.py egg_info --egg-base build/lab2_turtlesim build --build-base /home/cc/ee106a/fa26/class/ee106a-agi/ros_workspaces/lab2/src/lab2_turtlesim/build/lab2_turtlesim/build install --record /home/cc/ee106a/fa26/class/ee106a-agi/ros_workspaces/lab2/src/lab2_turtlesim/build/lab2_turtlesim/install.log --install-scripts $base/lib/lab2_turtlesim --single-version-externally-managed install_data
