[0.530s] DEBUG:colcon:Command line arguments: ['/usr/bin/colcon', 'build', '--packages-select', 'lab2_turtlesim', '--symlink-install']
[0.530s] DEBUG:colcon:Parsed command line arguments: Namespace(log_base=None, log_level=None, verb_name='build', build_base='build', install_base='install', merge_install=False, symlink_install=True, test_result_base=None, continue_on_error=False, executor='parallel', parallel_workers=24, event_handlers=None, ignore_user_meta=False, metas=['./colcon.meta'], base_paths=['.'], packages_ignore=None, packages_ignore_regex=None, paths=None, packages_up_to=None, packages_up_to_regex=None, packages_above=None, packages_above_and_dependencies=None, packages_above_depth=None, packages_select_by_dep=None, packages_skip_by_dep=None, packages_skip_up_to=None, packages_select_build_failed=False, packages_skip_build_finished=False, packages_select_test_failures=False, packages_skip_test_passed=False, packages_select=['lab2_turtlesim'], packages_skip=None, packages_select_regex=None, packages_skip_regex=None, packages_start=None, packages_end=None, cmake_args=None, cmake_target=None, cmake_target_skip_unavailable=False, cmake_clean_cache=False, cmake_clean_first=False, cmake_force_configure=False, ament_cmake_args=None, catkin_cmake_args=None, catkin_skip_building_tests=False, mixin_files=None, mixin=None, verb_parser=<colcon_mixin.mixin.mixin_argument.MixinArgumentDecorator object at 0x71ba6e1493f0>, verb_extension=<colcon_core.verb.build.BuildVerb object at 0x71ba6e148f10>, main=<bound method BuildVerb.main of <colcon_core.verb.build.BuildVerb object at 0x71ba6e148f10>>, mixin_verb=('build',))
[1.616s] Level 1:colcon.colcon_core.package_discovery:discover_packages(colcon_meta) check parameters
[1.617s] Level 1:colcon.colcon_core.package_discovery:discover_packages(recursive) check parameters
[1.619s] Level 1:colcon.colcon_core.package_discovery:discover_packages(ignore) check parameters
[1.621s] Level 1:colcon.colcon_core.package_discovery:discover_packages(path) check parameters
[1.621s] Level 1:colcon.colcon_core.package_discovery:discover_packages(colcon_meta) discover
[1.621s] Level 1:colcon.colcon_core.package_discovery:discover_packages(recursive) discover
[1.623s] INFO:colcon.colcon_core.package_discovery:Crawling recursively for packages in '/home/cc/ee106a/fa26/class/ee106a-agi/ros_workspaces/lab2'
[1.624s] Level 1:colcon.colcon_core.package_identification:_identify(.) by extensions ['ignore', 'ignore_ament_install']
[1.624s] Level 1:colcon.colcon_core.package_identification:_identify(.) by extension 'ignore'
[1.625s] Level 1:colcon.colcon_core.package_identification:_identify(.) by extension 'ignore_ament_install'
[1.626s] Level 1:colcon.colcon_core.package_identification:_identify(.) by extensions ['colcon_pkg']
[1.627s] Level 1:colcon.colcon_core.package_identification:_identify(.) by extension 'colcon_pkg'
[1.628s] Level 1:colcon.colcon_core.package_identification:_identify(.) by extensions ['colcon_meta']
[1.629s] Level 1:colcon.colcon_core.package_identification:_identify(.) by extension 'colcon_meta'
[1.629s] Level 1:colcon.colcon_core.package_identification:_identify(.) by extensions ['ros']
[1.629s] Level 1:colcon.colcon_core.package_identification:_identify(.) by extension 'ros'
[1.671s] Level 1:colcon.colcon_core.package_identification:_identify(.) by extensions ['cmake', 'python']
[1.671s] Level 1:colcon.colcon_core.package_identification:_identify(.) by extension 'cmake'
[1.672s] Level 1:colcon.colcon_core.package_identification:_identify(.) by extension 'python'
[1.673s] Level 1:colcon.colcon_core.package_identification:_identify(.) by extensions ['python_setup_py']
[1.674s] Level 1:colcon.colcon_core.package_identification:_identify(.) by extension 'python_setup_py'
[1.676s] Level 1:colcon.colcon_core.package_identification:_identify(build) by extensions ['ignore', 'ignore_ament_install']
[1.676s] Level 1:colcon.colcon_core.package_identification:_identify(build) by extension 'ignore'
[1.676s] Level 1:colcon.colcon_core.package_identification:_identify(build) ignored
[1.679s] Level 1:colcon.colcon_core.package_identification:_identify(install) by extensions ['ignore', 'ignore_ament_install']
[1.680s] Level 1:colcon.colcon_core.package_identification:_identify(install) by extension 'ignore'
[1.680s] Level 1:colcon.colcon_core.package_identification:_identify(install) ignored
[1.683s] Level 1:colcon.colcon_core.package_identification:_identify(log) by extensions ['ignore', 'ignore_ament_install']
[1.684s] Level 1:colcon.colcon_core.package_identification:_identify(log) by extension 'ignore'
[1.684s] Level 1:colcon.colcon_core.package_identification:_identify(log) ignored
[1.687s] Level 1:colcon.colcon_core.package_identification:_identify(src) by extensions ['ignore', 'ignore_ament_install']
[1.688s] Level 1:colcon.colcon_core.package_identification:_identify(src) by extension 'ignore'
[1.688s] Level 1:colcon.colcon_core.package_identification:_identify(src) by extension 'ignore_ament_install'
[1.691s] Level 1:colcon.colcon_core.package_identification:_identify(src) by extensions ['colcon_pkg']
[1.691s] Level 1:colcon.colcon_core.package_identification:_identify(src) by extension 'colcon_pkg'
[1.692s] Level 1:colcon.colcon_core.package_identification:_identify(src) by extensions ['colcon_meta']
[1.693s] Level 1:colcon.colcon_core.package_identification:_identify(src) by extension 'colcon_meta'
[1.693s] Level 1:colcon.colcon_core.package_identification:_identify(src) by extensions ['ros']
[1.693s] Level 1:colcon.colcon_core.package_identification:_identify(src) by extension 'ros'
[1.695s] Level 1:colcon.colcon_core.package_identification:_identify(src) by extensions ['cmake', 'python']
[1.696s] Level 1:colcon.colcon_core.package_identification:_identify(src) by extension 'cmake'
[1.696s] Level 1:colcon.colcon_core.package_identification:_identify(src) by extension 'python'
[1.698s] Level 1:colcon.colcon_core.package_identification:_identify(src) by extensions ['python_setup_py']
[1.699s] Level 1:colcon.colcon_core.package_identification:_identify(src) by extension 'python_setup_py'
[1.700s] Level 1:colcon.colcon_core.package_identification:_identify(src/lab2_turtlesim) by extensions ['ignore', 'ignore_ament_install']
[1.701s] Level 1:colcon.colcon_core.package_identification:_identify(src/lab2_turtlesim) by extension 'ignore'
[1.701s] Level 1:colcon.colcon_core.package_identification:_identify(src/lab2_turtlesim) by extension 'ignore_ament_install'
[1.704s] Level 1:colcon.colcon_core.package_identification:_identify(src/lab2_turtlesim) by extensions ['colcon_pkg']
[1.705s] Level 1:colcon.colcon_core.package_identification:_identify(src/lab2_turtlesim) by extension 'colcon_pkg'
[1.706s] Level 1:colcon.colcon_core.package_identification:_identify(src/lab2_turtlesim) by extensions ['colcon_meta']
[1.707s] Level 1:colcon.colcon_core.package_identification:_identify(src/lab2_turtlesim) by extension 'colcon_meta'
[1.707s] Level 1:colcon.colcon_core.package_identification:_identify(src/lab2_turtlesim) by extensions ['ros']
[1.709s] Level 1:colcon.colcon_core.package_identification:_identify(src/lab2_turtlesim) by extension 'ros'
[1.723s] DEBUG:colcon.colcon_core.package_identification:Package 'src/lab2_turtlesim' with type 'ros.ament_python' and name 'lab2_turtlesim'
[1.725s] Level 1:colcon.colcon_core.package_identification:_identify(src/turtle_patrol) by extensions ['ignore', 'ignore_ament_install']
[1.726s] Level 1:colcon.colcon_core.package_identification:_identify(src/turtle_patrol) by extension 'ignore'
[1.727s] Level 1:colcon.colcon_core.package_identification:_identify(src/turtle_patrol) by extension 'ignore_ament_install'
[1.730s] Level 1:colcon.colcon_core.package_identification:_identify(src/turtle_patrol) by extensions ['colcon_pkg']
[1.730s] Level 1:colcon.colcon_core.package_identification:_identify(src/turtle_patrol) by extension 'colcon_pkg'
[1.731s] Level 1:colcon.colcon_core.package_identification:_identify(src/turtle_patrol) by extensions ['colcon_meta']
[1.732s] Level 1:colcon.colcon_core.package_identification:_identify(src/turtle_patrol) by extension 'colcon_meta'
[1.732s] Level 1:colcon.colcon_core.package_identification:_identify(src/turtle_patrol) by extensions ['ros']
[1.732s] Level 1:colcon.colcon_core.package_identification:_identify(src/turtle_patrol) by extension 'ros'
[1.738s] DEBUG:colcon.colcon_core.package_identification:Package 'src/turtle_patrol' with type 'ros.ament_python' and name 'turtle_patrol'
[1.739s] Level 1:colcon.colcon_core.package_identification:_identify(src/turtle_patrol_interface) by extensions ['ignore', 'ignore_ament_install']
[1.740s] Level 1:colcon.colcon_core.package_identification:_identify(src/turtle_patrol_interface) by extension 'ignore'
[1.740s] Level 1:colcon.colcon_core.package_identification:_identify(src/turtle_patrol_interface) by extension 'ignore_ament_install'
[1.743s] Level 1:colcon.colcon_core.package_identification:_identify(src/turtle_patrol_interface) by extensions ['colcon_pkg']
[1.743s] Level 1:colcon.colcon_core.package_identification:_identify(src/turtle_patrol_interface) by extension 'colcon_pkg'
[1.744s] Level 1:colcon.colcon_core.package_identification:_identify(src/turtle_patrol_interface) by extensions ['colcon_meta']
[1.745s] Level 1:colcon.colcon_core.package_identification:_identify(src/turtle_patrol_interface) by extension 'colcon_meta'
[1.745s] Level 1:colcon.colcon_core.package_identification:_identify(src/turtle_patrol_interface) by extensions ['ros']
[1.745s] Level 1:colcon.colcon_core.package_identification:_identify(src/turtle_patrol_interface) by extension 'ros'
[1.750s] DEBUG:colcon.colcon_core.package_identification:Package 'src/turtle_patrol_interface' with type 'ros.ament_cmake' and name 'turtle_patrol_interface'
[1.751s] Level 1:colcon.colcon_core.package_discovery:discover_packages(recursive) using defaults
[1.752s] Level 1:colcon.colcon_core.package_discovery:discover_packages(ignore) discover
[1.754s] Level 1:colcon.colcon_core.package_discovery:discover_packages(ignore) using defaults
[1.754s] Level 1:colcon.colcon_core.package_discovery:discover_packages(path) discover
[1.754s] Level 1:colcon.colcon_core.package_discovery:discover_packages(path) using defaults
[1.874s] INFO:colcon.colcon_core.package_selection:Skipping not selected package 'turtle_patrol' in 'src/turtle_patrol'
[1.874s] INFO:colcon.colcon_core.package_selection:Skipping not selected package 'turtle_patrol_interface' in 'src/turtle_patrol_interface'
[1.875s] Level 5:colcon.colcon_core.verb:set package 'lab2_turtlesim' build argument 'cmake_args' from command line to 'None'
[1.876s] Level 5:colcon.colcon_core.verb:set package 'lab2_turtlesim' build argument 'cmake_target' from command line to 'None'
[1.876s] Level 5:colcon.colcon_core.verb:set package 'lab2_turtlesim' build argument 'cmake_target_skip_unavailable' from command line to 'False'
[1.876s] Level 5:colcon.colcon_core.verb:set package 'lab2_turtlesim' build argument 'cmake_clean_cache' from command line to 'False'
[1.876s] Level 5:colcon.colcon_core.verb:set package 'lab2_turtlesim' build argument 'cmake_clean_first' from command line to 'False'
[1.876s] Level 5:colcon.colcon_core.verb:set package 'lab2_turtlesim' build argument 'cmake_force_configure' from command line to 'False'
[1.876s] Level 5:colcon.colcon_core.verb:set package 'lab2_turtlesim' build argument 'ament_cmake_args' from command line to 'None'
[1.876s] Level 5:colcon.colcon_core.verb:set package 'lab2_turtlesim' build argument 'catkin_cmake_args' from command line to 'None'
[1.877s] Level 5:colcon.colcon_core.verb:set package 'lab2_turtlesim' build argument 'catkin_skip_building_tests' from command line to 'False'
[1.878s] DEBUG:colcon.colcon_core.verb:Building package 'lab2_turtlesim' with the following arguments: {'ament_cmake_args': None, 'build_base': '/home/cc/ee106a/fa26/class/ee106a-agi/ros_workspaces/lab2/build/lab2_turtlesim', 'catkin_cmake_args': None, 'catkin_skip_building_tests': False, 'cmake_args': None, 'cmake_clean_cache': False, 'cmake_clean_first': False, 'cmake_force_configure': False, 'cmake_target': None, 'cmake_target_skip_unavailable': False, 'install_base': '/home/cc/ee106a/fa26/class/ee106a-agi/ros_workspaces/lab2/install/lab2_turtlesim', 'merge_install': False, 'path': '/home/cc/ee106a/fa26/class/ee106a-agi/ros_workspaces/lab2/src/lab2_turtlesim', 'symlink_install': True, 'test_result_base': None}
[1.878s] INFO:colcon.colcon_core.executor:Executing jobs using 'parallel' executor
[1.882s] DEBUG:colcon.colcon_parallel_executor.executor.parallel:run_until_complete
[1.882s] INFO:colcon.colcon_ros.task.ament_python.build:Building ROS package in '/home/cc/ee106a/fa26/class/ee106a-agi/ros_workspaces/lab2/src/lab2_turtlesim' with build type 'ament_python'
[1.884s] Level 1:colcon.colcon_core.shell:create_environment_hook('lab2_turtlesim', 'ament_prefix_path')
[1.896s] INFO:colcon.colcon_core.plugin_system:Skipping extension 'colcon_core.shell.bat': Not used on non-Windows systems
[1.897s] INFO:colcon.colcon_core.shell:Creating environment hook '/home/cc/ee106a/fa26/class/ee106a-agi/ros_workspaces/lab2/install/lab2_turtlesim/share/lab2_turtlesim/hook/ament_prefix_path.ps1'
[1.913s] INFO:colcon.colcon_core.shell:Creating environment descriptor '/home/cc/ee106a/fa26/class/ee106a-agi/ros_workspaces/lab2/install/lab2_turtlesim/share/lab2_turtlesim/hook/ament_prefix_path.dsv'
[1.921s] INFO:colcon.colcon_core.shell:Creating environment hook '/home/cc/ee106a/fa26/class/ee106a-agi/ros_workspaces/lab2/install/lab2_turtlesim/share/lab2_turtlesim/hook/ament_prefix_path.sh'
[1.929s] INFO:colcon.colcon_core.shell:Skip shell extension 'powershell' for command environment: Not usable outside of PowerShell
[1.929s] DEBUG:colcon.colcon_core.shell:Skip shell extension 'dsv' for command environment
[3.549s] INFO:colcon.colcon_core.task.python.build:Building Python package in '/home/cc/ee106a/fa26/class/ee106a-agi/ros_workspaces/lab2/src/lab2_turtlesim'
[3.550s] INFO:colcon.colcon_core.shell:Skip shell extension 'powershell' for command environment: Not usable outside of PowerShell
[3.551s] DEBUG:colcon.colcon_core.shell:Skip shell extension 'dsv' for command environment
[6.922s] DEBUG:colcon.colcon_core.task.python.build:Available setuptools commands: build_scripts, setopt, saveopts, upload_docs, upload, build_py, install_lib, bdist, bdist_rpm, bdist_dumb, update_catalog, build, easy_install, install_headers, rotate, bdist_egg, develop, sdist, build_clib, symlink_data, compile_catalog, bdist_wheel, init_catalog, test, install_data, egg_info, alias, install, install_scripts, dist_info, install_egg_info, register, extract_messages, build_ext, check, clean
[8.475s] DEBUG:colcon.colcon_core.task.python.build:Available setuptools 'develop' options: --force-installation-into-system-dir, --zip-ok, --help, --local-snapshots-ok, --optimize, --no-deps, --uninstall, --allow-hosts, --version, --user, --prefix, --multi-version, --editable, --no-find-links, --upgrade, --no-user-cfg, --site-dirs, --install-layout, --exclude-scripts, --quiet, --dry-run, --script-dir, --index-url, --record, --find-links, --verbose, --install-dir, --build-directory, --egg-path, --always-copy, --always-unzip
[8.509s] DEBUG:colcon.colcon_core.event_handler.log_command:Invoking command in '/home/cc/ee106a/fa26/class/ee106a-agi/ros_workspaces/lab2/build/lab2_turtlesim': PYTHONPATH=/home/cc/ee106a/fa26/class/ee106a-agi/ros_workspaces/lab2/build/lab2_turtlesim/prefix_override:/usr/lib/python3/dist-packages/colcon_core/task/python/colcon_distutils_commands:/home/cc/ee106a/fa26/class/ee106a-agi/ros_workspaces/lab2/install/lab2_turtlesim/lib/python3.10/site-packages:${PYTHONPATH} /usr/bin/python3 -W ignore:setup.py install is deprecated -W ignore:easy_install command is deprecated setup.py develop --editable --build-directory /home/cc/ee106a/fa26/class/ee106a-agi/ros_workspaces/lab2/build/lab2_turtlesim/build --no-deps symlink_data
[11.441s] Level 1:colcon.colcon_core.shell:create_environment_hook('lab2_turtlesim', 'pythonpath_develop')
[11.442s] INFO:colcon.colcon_core.shell:Creating environment hook '/home/cc/ee106a/fa26/class/ee106a-agi/ros_workspaces/lab2/build/lab2_turtlesim/share/lab2_turtlesim/hook/pythonpath_develop.ps1'
[11.444s] DEBUG:colcon.colcon_core.event_handler.log_command:Invoked command in '/home/cc/ee106a/fa26/class/ee106a-agi/ros_workspaces/lab2/build/lab2_turtlesim' returned '0': PYTHONPATH=/home/cc/ee106a/fa26/class/ee106a-agi/ros_workspaces/lab2/build/lab2_turtlesim/prefix_override:/usr/lib/python3/dist-packages/colcon_core/task/python/colcon_distutils_commands:/home/cc/ee106a/fa26/class/ee106a-agi/ros_workspaces/lab2/install/lab2_turtlesim/lib/python3.10/site-packages:${PYTHONPATH} /usr/bin/python3 -W ignore:setup.py install is deprecated -W ignore:easy_install command is deprecated setup.py develop --editable --build-directory /home/cc/ee106a/fa26/class/ee106a-agi/ros_workspaces/lab2/build/lab2_turtlesim/build --no-deps symlink_data
[11.456s] INFO:colcon.colcon_core.shell:Creating environment descriptor '/home/cc/ee106a/fa26/class/ee106a-agi/ros_workspaces/lab2/build/lab2_turtlesim/share/lab2_turtlesim/hook/pythonpath_develop.dsv'
[11.462s] INFO:colcon.colcon_core.shell:Creating environment hook '/home/cc/ee106a/fa26/class/ee106a-agi/ros_workspaces/lab2/build/lab2_turtlesim/share/lab2_turtlesim/hook/pythonpath_develop.sh'
[11.522s] Level 1:colcon.colcon_core.environment:checking '/home/cc/ee106a/fa26/class/ee106a-agi/ros_workspaces/lab2/install/lab2_turtlesim' for CMake module files
[11.530s] Level 1:colcon.colcon_core.environment:checking '/home/cc/ee106a/fa26/class/ee106a-agi/ros_workspaces/lab2/install/lab2_turtlesim' for CMake config files
[11.544s] Level 1:colcon.colcon_core.environment:checking '/home/cc/ee106a/fa26/class/ee106a-agi/ros_workspaces/lab2/install/lab2_turtlesim/lib'
[11.545s] Level 1:colcon.colcon_core.environment:checking '/home/cc/ee106a/fa26/class/ee106a-agi/ros_workspaces/lab2/install/lab2_turtlesim/bin'
[11.546s] Level 1:colcon.colcon_core.environment:checking '/home/cc/ee106a/fa26/class/ee106a-agi/ros_workspaces/lab2/install/lab2_turtlesim/lib/pkgconfig/lab2_turtlesim.pc'
[11.548s] Level 1:colcon.colcon_core.environment:checking '/home/cc/ee106a/fa26/class/ee106a-agi/ros_workspaces/lab2/install/lab2_turtlesim/lib/python3.10/site-packages'
[11.549s] Level 1:colcon.colcon_core.shell:create_environment_hook('lab2_turtlesim', 'pythonpath')
[11.552s] INFO:colcon.colcon_core.shell:Creating environment hook '/home/cc/ee106a/fa26/class/ee106a-agi/ros_workspaces/lab2/install/lab2_turtlesim/share/lab2_turtlesim/hook/pythonpath.ps1'
[11.559s] INFO:colcon.colcon_core.shell:Creating environment descriptor '/home/cc/ee106a/fa26/class/ee106a-agi/ros_workspaces/lab2/install/lab2_turtlesim/share/lab2_turtlesim/hook/pythonpath.dsv'
[11.565s] INFO:colcon.colcon_core.shell:Creating environment hook '/home/cc/ee106a/fa26/class/ee106a-agi/ros_workspaces/lab2/install/lab2_turtlesim/share/lab2_turtlesim/hook/pythonpath.sh'
[11.571s] Level 1:colcon.colcon_core.environment:checking '/home/cc/ee106a/fa26/class/ee106a-agi/ros_workspaces/lab2/install/lab2_turtlesim/bin'
[11.572s] Level 1:colcon.colcon_core.environment:create_environment_scripts_only(lab2_turtlesim)
[11.574s] INFO:colcon.colcon_core.shell:Creating package script '/home/cc/ee106a/fa26/class/ee106a-agi/ros_workspaces/lab2/install/lab2_turtlesim/share/lab2_turtlesim/package.ps1'
[11.584s] INFO:colcon.colcon_core.shell:Creating package descriptor '/home/cc/ee106a/fa26/class/ee106a-agi/ros_workspaces/lab2/install/lab2_turtlesim/share/lab2_turtlesim/package.dsv'
[11.592s] INFO:colcon.colcon_core.shell:Creating package script '/home/cc/ee106a/fa26/class/ee106a-agi/ros_workspaces/lab2/install/lab2_turtlesim/share/lab2_turtlesim/package.sh'
[11.599s] INFO:colcon.colcon_core.shell:Creating package script '/home/cc/ee106a/fa26/class/ee106a-agi/ros_workspaces/lab2/install/lab2_turtlesim/share/lab2_turtlesim/package.bash'
[11.608s] INFO:colcon.colcon_core.shell:Creating package script '/home/cc/ee106a/fa26/class/ee106a-agi/ros_workspaces/lab2/install/lab2_turtlesim/share/lab2_turtlesim/package.zsh'
[11.615s] Level 1:colcon.colcon_core.environment:create_file_with_runtime_dependencies(/home/cc/ee106a/fa26/class/ee106a-agi/ros_workspaces/lab2/install/lab2_turtlesim/share/colcon-core/packages/lab2_turtlesim)
[11.625s] DEBUG:colcon.colcon_parallel_executor.executor.parallel:closing loop
[11.625s] DEBUG:colcon.colcon_parallel_executor.executor.parallel:loop closed
[11.626s] DEBUG:colcon.colcon_parallel_executor.executor.parallel:run_until_complete finished with '0'
[11.626s] DEBUG:colcon.colcon_core.event_reactor:joining thread
[11.667s] INFO:colcon.colcon_core.plugin_system:Skipping extension 'colcon_notification.desktop_notification.notify_send': Could not find 'notify-send'
[11.667s] INFO:colcon.colcon_core.plugin_system:Skipping extension 'colcon_notification.desktop_notification.terminal_notifier': Not used on non-Darwin systems
[11.668s] INFO:colcon.colcon_core.plugin_system:Skipping extension 'colcon_notification.desktop_notification.win32': Not used on non-Windows systems
[11.669s] INFO:colcon.colcon_notification.desktop_notification:Sending desktop notification using 'notify2'
[12.218s] DEBUG:colcon.colcon_core.event_reactor:joined thread
[12.219s] INFO:colcon.colcon_core.shell:Creating prefix script '/home/cc/ee106a/fa26/class/ee106a-agi/ros_workspaces/lab2/install/local_setup.ps1'
[12.228s] INFO:colcon.colcon_core.shell:Creating prefix util module '/home/cc/ee106a/fa26/class/ee106a-agi/ros_workspaces/lab2/install/_local_setup_util_ps1.py'
[12.237s] INFO:colcon.colcon_core.shell:Creating prefix chain script '/home/cc/ee106a/fa26/class/ee106a-agi/ros_workspaces/lab2/install/setup.ps1'
[12.247s] INFO:colcon.colcon_core.shell:Creating prefix script '/home/cc/ee106a/fa26/class/ee106a-agi/ros_workspaces/lab2/install/local_setup.sh'
[12.254s] INFO:colcon.colcon_core.shell:Creating prefix util module '/home/cc/ee106a/fa26/class/ee106a-agi/ros_workspaces/lab2/install/_local_setup_util_sh.py'
[12.262s] INFO:colcon.colcon_core.shell:Creating prefix chain script '/home/cc/ee106a/fa26/class/ee106a-agi/ros_workspaces/lab2/install/setup.sh'
[12.272s] INFO:colcon.colcon_core.shell:Creating prefix script '/home/cc/ee106a/fa26/class/ee106a-agi/ros_workspaces/lab2/install/local_setup.bash'
[12.279s] INFO:colcon.colcon_core.shell:Creating prefix chain script '/home/cc/ee106a/fa26/class/ee106a-agi/ros_workspaces/lab2/install/setup.bash'
[12.289s] INFO:colcon.colcon_core.shell:Creating prefix script '/home/cc/ee106a/fa26/class/ee106a-agi/ros_workspaces/lab2/install/local_setup.zsh'
[12.295s] INFO:colcon.colcon_core.shell:Creating prefix chain script '/home/cc/ee106a/fa26/class/ee106a-agi/ros_workspaces/lab2/install/setup.zsh'
