/usr/local/lib/python3.10/dist-packages/setuptools/_distutils/dist.py:289: UserWarning: Unknown distribution option: 'tests_require'
  warnings.warn(msg)
running egg_info
creating ../../build/chatter/chatter.egg-info
writing ../../build/chatter/chatter.egg-info/PKG-INFO
writing dependency_links to ../../build/chatter/chatter.egg-info/dependency_links.txt
writing entry points to ../../build/chatter/chatter.egg-info/entry_points.txt
writing requirements to ../../build/chatter/chatter.egg-info/requires.txt
writing top-level names to ../../build/chatter/chatter.egg-info/top_level.txt
writing manifest file '../../build/chatter/chatter.egg-info/SOURCES.txt'
reading manifest file '../../build/chatter/chatter.egg-info/SOURCES.txt'
writing manifest file '../../build/chatter/chatter.egg-info/SOURCES.txt'
running build
running build_py
creating /home/user/ros_workspaces/lab1/build/chatter/build/lib/chatter
copying chatter/publisher_member_function.py -> /home/user/ros_workspaces/lab1/build/chatter/build/lib/chatter
copying chatter/__init__.py -> /home/user/ros_workspaces/lab1/build/chatter/build/lib/chatter
copying chatter/subscriber_member_function.py -> /home/user/ros_workspaces/lab1/build/chatter/build/lib/chatter
running install
running install_lib
creating /home/user/ros_workspaces/lab1/install/chatter/lib/python3.10/site-packages/chatter
copying /home/user/ros_workspaces/lab1/build/chatter/build/lib/chatter/publisher_member_function.py -> /home/user/ros_workspaces/lab1/install/chatter/lib/python3.10/site-packages/chatter
copying /home/user/ros_workspaces/lab1/build/chatter/build/lib/chatter/__init__.py -> /home/user/ros_workspaces/lab1/install/chatter/lib/python3.10/site-packages/chatter
copying /home/user/ros_workspaces/lab1/build/chatter/build/lib/chatter/subscriber_member_function.py -> /home/user/ros_workspaces/lab1/install/chatter/lib/python3.10/site-packages/chatter
byte-compiling /home/user/ros_workspaces/lab1/install/chatter/lib/python3.10/site-packages/chatter/publisher_member_function.py to publisher_member_function.cpython-310.pyc
byte-compiling /home/user/ros_workspaces/lab1/install/chatter/lib/python3.10/site-packages/chatter/__init__.py to __init__.cpython-310.pyc
byte-compiling /home/user/ros_workspaces/lab1/install/chatter/lib/python3.10/site-packages/chatter/subscriber_member_function.py to subscriber_member_function.cpython-310.pyc
running install_data
creating /home/user/ros_workspaces/lab1/install/chatter/share/ament_index/resource_index/packages
copying resource/chatter -> /home/user/ros_workspaces/lab1/install/chatter/share/ament_index/resource_index/packages
copying package.xml -> /home/user/ros_workspaces/lab1/install/chatter/share/chatter
running install_egg_info
Copying ../../build/chatter/chatter.egg-info to /home/user/ros_workspaces/lab1/install/chatter/lib/python3.10/site-packages/chatter-0.0.0-py3.10.egg-info
running install_scripts
Installing listener script to /home/user/ros_workspaces/lab1/install/chatter/lib/chatter
Installing talker script to /home/user/ros_workspaces/lab1/install/chatter/lib/chatter
writing list of installed files to '/home/user/ros_workspaces/lab1/build/chatter/install.log'
