[0.653s] Invoking command in '/home/user/ros_workspaces/lab1/src/chatter': PYTHONPATH=/home/user/ros_workspaces/lab1/build/chatter/prefix_override:/usr/lib/python3/dist-packages/colcon_core/task/python/colcon_distutils_commands:/home/user/ros_workspaces/lab1/install/chatter/lib/python3.10/site-packages:${PYTHONPATH} _=/usr/bin/env /usr/bin/python3 -W ignore:setup.py install is deprecated -W ignore:easy_install command is deprecated setup.py egg_info --egg-base ../../build/chatter build --build-base /home/user/ros_workspaces/lab1/build/chatter/build install --record /home/user/ros_workspaces/lab1/build/chatter/install.log --single-version-externally-managed install_data
[0.805s] /usr/local/lib/python3.10/dist-packages/setuptools/_distutils/dist.py:289: UserWarning: Unknown distribution option: 'tests_require'
[0.805s]   warnings.warn(msg)
[0.911s] running egg_info
[0.928s] creating ../../build/chatter/chatter.egg-info
[0.928s] writing ../../build/chatter/chatter.egg-info/PKG-INFO
[0.928s] writing dependency_links to ../../build/chatter/chatter.egg-info/dependency_links.txt
[0.928s] writing entry points to ../../build/chatter/chatter.egg-info/entry_points.txt
[0.929s] writing requirements to ../../build/chatter/chatter.egg-info/requires.txt
[0.929s] writing top-level names to ../../build/chatter/chatter.egg-info/top_level.txt
[0.929s] writing manifest file '../../build/chatter/chatter.egg-info/SOURCES.txt'
[0.964s] reading manifest file '../../build/chatter/chatter.egg-info/SOURCES.txt'
[0.965s] writing manifest file '../../build/chatter/chatter.egg-info/SOURCES.txt'
[0.965s] running build
[0.965s] running build_py
[0.966s] creating /home/user/ros_workspaces/lab1/build/chatter/build/lib/chatter
[0.966s] copying chatter/publisher_member_function.py -> /home/user/ros_workspaces/lab1/build/chatter/build/lib/chatter
[0.966s] copying chatter/__init__.py -> /home/user/ros_workspaces/lab1/build/chatter/build/lib/chatter
[0.966s] copying chatter/subscriber_member_function.py -> /home/user/ros_workspaces/lab1/build/chatter/build/lib/chatter
[0.966s] running install
[0.970s] running install_lib
[0.988s] creating /home/user/ros_workspaces/lab1/install/chatter/lib/python3.10/site-packages/chatter
[0.988s] copying /home/user/ros_workspaces/lab1/build/chatter/build/lib/chatter/publisher_member_function.py -> /home/user/ros_workspaces/lab1/install/chatter/lib/python3.10/site-packages/chatter
[0.988s] copying /home/user/ros_workspaces/lab1/build/chatter/build/lib/chatter/__init__.py -> /home/user/ros_workspaces/lab1/install/chatter/lib/python3.10/site-packages/chatter
[0.988s] copying /home/user/ros_workspaces/lab1/build/chatter/build/lib/chatter/subscriber_member_function.py -> /home/user/ros_workspaces/lab1/install/chatter/lib/python3.10/site-packages/chatter
[0.988s] byte-compiling /home/user/ros_workspaces/lab1/install/chatter/lib/python3.10/site-packages/chatter/publisher_member_function.py to publisher_member_function.cpython-310.pyc
[0.989s] byte-compiling /home/user/ros_workspaces/lab1/install/chatter/lib/python3.10/site-packages/chatter/__init__.py to __init__.cpython-310.pyc
[0.989s] byte-compiling /home/user/ros_workspaces/lab1/install/chatter/lib/python3.10/site-packages/chatter/subscriber_member_function.py to subscriber_member_function.cpython-310.pyc
[0.989s] running install_data
[0.990s] creating /home/user/ros_workspaces/lab1/install/chatter/share/ament_index/resource_index/packages
[0.990s] copying resource/chatter -> /home/user/ros_workspaces/lab1/install/chatter/share/ament_index/resource_index/packages
[0.990s] copying package.xml -> /home/user/ros_workspaces/lab1/install/chatter/share/chatter
[0.990s] running install_egg_info
[1.008s] Copying ../../build/chatter/chatter.egg-info to /home/user/ros_workspaces/lab1/install/chatter/lib/python3.10/site-packages/chatter-0.0.0-py3.10.egg-info
[1.009s] running install_scripts
[1.045s] Installing listener script to /home/user/ros_workspaces/lab1/install/chatter/lib/chatter
[1.046s] Installing talker script to /home/user/ros_workspaces/lab1/install/chatter/lib/chatter
[1.046s] writing list of installed files to '/home/user/ros_workspaces/lab1/build/chatter/install.log'
[1.068s] Invoked command in '/home/user/ros_workspaces/lab1/src/chatter' returned '0': PYTHONPATH=/home/user/ros_workspaces/lab1/build/chatter/prefix_override:/usr/lib/python3/dist-packages/colcon_core/task/python/colcon_distutils_commands:/home/user/ros_workspaces/lab1/install/chatter/lib/python3.10/site-packages:${PYTHONPATH} _=/usr/bin/env /usr/bin/python3 -W ignore:setup.py install is deprecated -W ignore:easy_install command is deprecated setup.py egg_info --egg-base ../../build/chatter build --build-base /home/user/ros_workspaces/lab1/build/chatter/build install --record /home/user/ros_workspaces/lab1/build/chatter/install.log --single-version-externally-managed install_data
