[0.128s] DEBUG:colcon:Command line arguments: ['/usr/bin/colcon', 'build']
[0.129s] DEBUG:colcon:Parsed command line arguments: Namespace(log_base=None, log_level=None, verb_name='build', build_base='build', install_base='install', merge_install=False, symlink_install=False, test_result_base=None, continue_on_error=False, executor='parallel', parallel_workers=8, event_handlers=None, ignore_user_meta=False, metas=['./colcon.meta'], base_paths=['.'], packages_ignore=None, packages_ignore_regex=None, paths=None, packages_up_to=None, packages_up_to_regex=None, packages_above=None, packages_above_and_dependencies=None, packages_above_depth=None, packages_select_by_dep=None, packages_skip_by_dep=None, packages_skip_up_to=None, packages_select_build_failed=False, packages_skip_build_finished=False, packages_select_test_failures=False, packages_skip_test_passed=False, packages_select=None, packages_skip=None, packages_select_regex=None, packages_skip_regex=None, packages_start=None, packages_end=None, cmake_args=None, cmake_target=None, cmake_target_skip_unavailable=False, cmake_clean_cache=False, cmake_clean_first=False, cmake_force_configure=False, ament_cmake_args=None, catkin_cmake_args=None, catkin_skip_building_tests=False, mixin_files=None, mixin=None, verb_parser=<colcon_mixin.mixin.mixin_argument.MixinArgumentDecorator object at 0x7fe81f7f8a90>, verb_extension=<colcon_core.verb.build.BuildVerb object at 0x7fe81f7c7f10>, main=<bound method BuildVerb.main of <colcon_core.verb.build.BuildVerb object at 0x7fe81f7c7f10>>, mixin_verb=('build',))
[0.172s] Level 1:colcon.colcon_core.package_discovery:discover_packages(colcon_meta) check parameters
[0.172s] Level 1:colcon.colcon_core.package_discovery:discover_packages(recursive) check parameters
[0.172s] Level 1:colcon.colcon_core.package_discovery:discover_packages(ignore) check parameters
[0.172s] Level 1:colcon.colcon_core.package_discovery:discover_packages(path) check parameters
[0.172s] Level 1:colcon.colcon_core.package_discovery:discover_packages(colcon_meta) discover
[0.172s] Level 1:colcon.colcon_core.package_discovery:discover_packages(recursive) discover
[0.173s] INFO:colcon.colcon_core.package_discovery:Crawling recursively for packages in '/home/user/ros_workspaces/lab0'
[0.173s] Level 1:colcon.colcon_core.package_identification:_identify(.) by extensions ['ignore', 'ignore_ament_install']
[0.173s] Level 1:colcon.colcon_core.package_identification:_identify(.) by extension 'ignore'
[0.173s] Level 1:colcon.colcon_core.package_identification:_identify(.) by extension 'ignore_ament_install'
[0.173s] Level 1:colcon.colcon_core.package_identification:_identify(.) by extensions ['colcon_pkg']
[0.173s] Level 1:colcon.colcon_core.package_identification:_identify(.) by extension 'colcon_pkg'
[0.173s] Level 1:colcon.colcon_core.package_identification:_identify(.) by extensions ['colcon_meta']
[0.173s] Level 1:colcon.colcon_core.package_identification:_identify(.) by extension 'colcon_meta'
[0.173s] Level 1:colcon.colcon_core.package_identification:_identify(.) by extensions ['ros']
[0.173s] Level 1:colcon.colcon_core.package_identification:_identify(.) by extension 'ros'
[0.193s] Level 1:colcon.colcon_core.package_identification:_identify(.) by extensions ['cmake', 'python']
[0.193s] Level 1:colcon.colcon_core.package_identification:_identify(.) by extension 'cmake'
[0.193s] Level 1:colcon.colcon_core.package_identification:_identify(.) by extension 'python'
[0.194s] Level 1:colcon.colcon_core.package_identification:_identify(.) by extensions ['python_setup_py']
[0.194s] Level 1:colcon.colcon_core.package_identification:_identify(.) by extension 'python_setup_py'
[0.194s] Level 1:colcon.colcon_core.package_identification:_identify(build) by extensions ['ignore', 'ignore_ament_install']
[0.194s] Level 1:colcon.colcon_core.package_identification:_identify(build) by extension 'ignore'
[0.194s] Level 1:colcon.colcon_core.package_identification:_identify(build) ignored
[0.194s] Level 1:colcon.colcon_core.package_identification:_identify(install) by extensions ['ignore', 'ignore_ament_install']
[0.194s] Level 1:colcon.colcon_core.package_identification:_identify(install) by extension 'ignore'
[0.194s] Level 1:colcon.colcon_core.package_identification:_identify(install) ignored
[0.194s] Level 1:colcon.colcon_core.package_identification:_identify(log) by extensions ['ignore', 'ignore_ament_install']
[0.195s] Level 1:colcon.colcon_core.package_identification:_identify(log) by extension 'ignore'
[0.195s] Level 1:colcon.colcon_core.package_identification:_identify(log) ignored
[0.195s] Level 1:colcon.colcon_core.package_identification:_identify(src) by extensions ['ignore', 'ignore_ament_install']
[0.195s] Level 1:colcon.colcon_core.package_identification:_identify(src) by extension 'ignore'
[0.195s] Level 1:colcon.colcon_core.package_identification:_identify(src) by extension 'ignore_ament_install'
[0.195s] Level 1:colcon.colcon_core.package_identification:_identify(src) by extensions ['colcon_pkg']
[0.195s] Level 1:colcon.colcon_core.package_identification:_identify(src) by extension 'colcon_pkg'
[0.195s] Level 1:colcon.colcon_core.package_identification:_identify(src) by extensions ['colcon_meta']
[0.195s] Level 1:colcon.colcon_core.package_identification:_identify(src) by extension 'colcon_meta'
[0.195s] Level 1:colcon.colcon_core.package_identification:_identify(src) by extensions ['ros']
[0.195s] Level 1:colcon.colcon_core.package_identification:_identify(src) by extension 'ros'
[0.195s] Level 1:colcon.colcon_core.package_identification:_identify(src) by extensions ['cmake', 'python']
[0.196s] Level 1:colcon.colcon_core.package_identification:_identify(src) by extension 'cmake'
[0.196s] Level 1:colcon.colcon_core.package_identification:_identify(src) by extension 'python'
[0.196s] Level 1:colcon.colcon_core.package_identification:_identify(src) by extensions ['python_setup_py']
[0.196s] Level 1:colcon.colcon_core.package_identification:_identify(src) by extension 'python_setup_py'
[0.196s] Level 1:colcon.colcon_core.package_identification:_identify(src/bar) by extensions ['ignore', 'ignore_ament_install']
[0.196s] Level 1:colcon.colcon_core.package_identification:_identify(src/bar) by extension 'ignore'
[0.196s] Level 1:colcon.colcon_core.package_identification:_identify(src/bar) by extension 'ignore_ament_install'
[0.196s] Level 1:colcon.colcon_core.package_identification:_identify(src/bar) by extensions ['colcon_pkg']
[0.196s] Level 1:colcon.colcon_core.package_identification:_identify(src/bar) by extension 'colcon_pkg'
[0.196s] Level 1:colcon.colcon_core.package_identification:_identify(src/bar) by extensions ['colcon_meta']
[0.196s] Level 1:colcon.colcon_core.package_identification:_identify(src/bar) by extension 'colcon_meta'
[0.196s] Level 1:colcon.colcon_core.package_identification:_identify(src/bar) by extensions ['ros']
[0.196s] Level 1:colcon.colcon_core.package_identification:_identify(src/bar) by extension 'ros'
[0.203s] DEBUG:colcon.colcon_core.package_identification:Package 'src/bar' with type 'ros.ament_python' and name 'bar'
[0.203s] Level 1:colcon.colcon_core.package_identification:_identify(src/foo) by extensions ['ignore', 'ignore_ament_install']
[0.203s] Level 1:colcon.colcon_core.package_identification:_identify(src/foo) by extension 'ignore'
[0.203s] Level 1:colcon.colcon_core.package_identification:_identify(src/foo) by extension 'ignore_ament_install'
[0.203s] Level 1:colcon.colcon_core.package_identification:_identify(src/foo) by extensions ['colcon_pkg']
[0.203s] Level 1:colcon.colcon_core.package_identification:_identify(src/foo) by extension 'colcon_pkg'
[0.203s] Level 1:colcon.colcon_core.package_identification:_identify(src/foo) by extensions ['colcon_meta']
[0.203s] Level 1:colcon.colcon_core.package_identification:_identify(src/foo) by extension 'colcon_meta'
[0.204s] Level 1:colcon.colcon_core.package_identification:_identify(src/foo) by extensions ['ros']
[0.204s] Level 1:colcon.colcon_core.package_identification:_identify(src/foo) by extension 'ros'
[0.204s] DEBUG:colcon.colcon_core.package_identification:Package 'src/foo' with type 'ros.ament_python' and name 'foo'
[0.204s] Level 1:colcon.colcon_core.package_discovery:discover_packages(recursive) using defaults
[0.204s] Level 1:colcon.colcon_core.package_discovery:discover_packages(ignore) discover
[0.204s] Level 1:colcon.colcon_core.package_discovery:discover_packages(ignore) using defaults
[0.204s] Level 1:colcon.colcon_core.package_discovery:discover_packages(path) discover
[0.204s] Level 1:colcon.colcon_core.package_discovery:discover_packages(path) using defaults
[0.226s] Level 5:colcon.colcon_core.verb:set package 'bar' build argument 'cmake_args' from command line to 'None'
[0.226s] Level 5:colcon.colcon_core.verb:set package 'bar' build argument 'cmake_target' from command line to 'None'
[0.226s] Level 5:colcon.colcon_core.verb:set package 'bar' build argument 'cmake_target_skip_unavailable' from command line to 'False'
[0.226s] Level 5:colcon.colcon_core.verb:set package 'bar' build argument 'cmake_clean_cache' from command line to 'False'
[0.226s] Level 5:colcon.colcon_core.verb:set package 'bar' build argument 'cmake_clean_first' from command line to 'False'
[0.226s] Level 5:colcon.colcon_core.verb:set package 'bar' build argument 'cmake_force_configure' from command line to 'False'
[0.226s] Level 5:colcon.colcon_core.verb:set package 'bar' build argument 'ament_cmake_args' from command line to 'None'
[0.226s] Level 5:colcon.colcon_core.verb:set package 'bar' build argument 'catkin_cmake_args' from command line to 'None'
[0.226s] Level 5:colcon.colcon_core.verb:set package 'bar' build argument 'catkin_skip_building_tests' from command line to 'False'
[0.226s] DEBUG:colcon.colcon_core.verb:Building package 'bar' with the following arguments: {'ament_cmake_args': None, 'build_base': '/home/user/ros_workspaces/lab0/build/bar', 'catkin_cmake_args': None, 'catkin_skip_building_tests': False, 'cmake_args': None, 'cmake_clean_cache': False, 'cmake_clean_first': False, 'cmake_force_configure': False, 'cmake_target': None, 'cmake_target_skip_unavailable': False, 'install_base': '/home/user/ros_workspaces/lab0/install/bar', 'merge_install': False, 'path': '/home/user/ros_workspaces/lab0/src/bar', 'symlink_install': False, 'test_result_base': None}
[0.226s] Level 5:colcon.colcon_core.verb:set package 'foo' build argument 'cmake_args' from command line to 'None'
[0.226s] Level 5:colcon.colcon_core.verb:set package 'foo' build argument 'cmake_target' from command line to 'None'
[0.226s] Level 5:colcon.colcon_core.verb:set package 'foo' build argument 'cmake_target_skip_unavailable' from command line to 'False'
[0.226s] Level 5:colcon.colcon_core.verb:set package 'foo' build argument 'cmake_clean_cache' from command line to 'False'
[0.226s] Level 5:colcon.colcon_core.verb:set package 'foo' build argument 'cmake_clean_first' from command line to 'False'
[0.226s] Level 5:colcon.colcon_core.verb:set package 'foo' build argument 'cmake_force_configure' from command line to 'False'
[0.226s] Level 5:colcon.colcon_core.verb:set package 'foo' build argument 'ament_cmake_args' from command line to 'None'
[0.226s] Level 5:colcon.colcon_core.verb:set package 'foo' build argument 'catkin_cmake_args' from command line to 'None'
[0.226s] Level 5:colcon.colcon_core.verb:set package 'foo' build argument 'catkin_skip_building_tests' from command line to 'False'
[0.226s] DEBUG:colcon.colcon_core.verb:Building package 'foo' with the following arguments: {'ament_cmake_args': None, 'build_base': '/home/user/ros_workspaces/lab0/build/foo', 'catkin_cmake_args': None, 'catkin_skip_building_tests': False, 'cmake_args': None, 'cmake_clean_cache': False, 'cmake_clean_first': False, 'cmake_force_configure': False, 'cmake_target': None, 'cmake_target_skip_unavailable': False, 'install_base': '/home/user/ros_workspaces/lab0/install/foo', 'merge_install': False, 'path': '/home/user/ros_workspaces/lab0/src/foo', 'symlink_install': False, 'test_result_base': None}
[0.227s] INFO:colcon.colcon_core.executor:Executing jobs using 'parallel' executor
[0.228s] DEBUG:colcon.colcon_parallel_executor.executor.parallel:run_until_complete
[0.228s] INFO:colcon.colcon_ros.task.ament_python.build:Building ROS package in '/home/user/ros_workspaces/lab0/src/bar' with build type 'ament_python'
[0.228s] Level 1:colcon.colcon_core.shell:create_environment_hook('bar', 'ament_prefix_path')
[0.230s] INFO:colcon.colcon_core.plugin_system:Skipping extension 'colcon_core.shell.bat': Not used on non-Windows systems
[0.230s] INFO:colcon.colcon_core.shell:Creating environment hook '/home/user/ros_workspaces/lab0/install/bar/share/bar/hook/ament_prefix_path.ps1'
[0.231s] INFO:colcon.colcon_core.shell:Creating environment descriptor '/home/user/ros_workspaces/lab0/install/bar/share/bar/hook/ament_prefix_path.dsv'
[0.232s] INFO:colcon.colcon_core.shell:Creating environment hook '/home/user/ros_workspaces/lab0/install/bar/share/bar/hook/ament_prefix_path.sh'
[0.234s] INFO:colcon.colcon_core.shell:Skip shell extension 'powershell' for command environment: Not usable outside of PowerShell
[0.234s] DEBUG:colcon.colcon_core.shell:Skip shell extension 'dsv' for command environment
[0.241s] INFO:colcon.colcon_ros.task.ament_python.build:Building ROS package in '/home/user/ros_workspaces/lab0/src/foo' with build type 'ament_python'
[0.241s] Level 1:colcon.colcon_core.shell:create_environment_hook('foo', 'ament_prefix_path')
[0.242s] INFO:colcon.colcon_core.shell:Creating environment hook '/home/user/ros_workspaces/lab0/install/foo/share/foo/hook/ament_prefix_path.ps1'
[0.242s] INFO:colcon.colcon_core.shell:Creating environment descriptor '/home/user/ros_workspaces/lab0/install/foo/share/foo/hook/ament_prefix_path.dsv'
[0.243s] INFO:colcon.colcon_core.shell:Creating environment hook '/home/user/ros_workspaces/lab0/install/foo/share/foo/hook/ament_prefix_path.sh'
[0.243s] INFO:colcon.colcon_core.shell:Skip shell extension 'powershell' for command environment: Not usable outside of PowerShell
[0.244s] DEBUG:colcon.colcon_core.shell:Skip shell extension 'dsv' for command environment
[0.504s] INFO:colcon.colcon_core.task.python.build:Building Python package in '/home/user/ros_workspaces/lab0/src/bar'
[0.504s] INFO:colcon.colcon_core.shell:Skip shell extension 'powershell' for command environment: Not usable outside of PowerShell
[0.504s] DEBUG:colcon.colcon_core.shell:Skip shell extension 'dsv' for command environment
[0.762s] INFO:colcon.colcon_core.task.python.build:Building Python package in '/home/user/ros_workspaces/lab0/src/foo'
[0.762s] INFO:colcon.colcon_core.shell:Skip shell extension 'powershell' for command environment: Not usable outside of PowerShell
[0.762s] DEBUG:colcon.colcon_core.shell:Skip shell extension 'dsv' for command environment
[1.339s] DEBUG:colcon.colcon_core.event_handler.log_command:Invoking command in '/home/user/ros_workspaces/lab0/src/bar': PYTHONPATH=/home/user/ros_workspaces/lab0/build/bar/prefix_override:/usr/lib/python3/dist-packages/colcon_core/task/python/colcon_distutils_commands:/home/user/ros_workspaces/lab0/install/bar/lib/python3.10/site-packages:${PYTHONPATH} _=/usr/bin/env /usr/bin/python3 -W ignore:setup.py install is deprecated -W ignore:easy_install command is deprecated setup.py egg_info --egg-base ../../build/bar build --build-base /home/user/ros_workspaces/lab0/build/bar/build install --record /home/user/ros_workspaces/lab0/build/bar/install.log --single-version-externally-managed install_data
[1.345s] DEBUG:colcon.colcon_core.event_handler.log_command:Invoking command in '/home/user/ros_workspaces/lab0/src/foo': PYTHONPATH=/home/user/ros_workspaces/lab0/build/foo/prefix_override:/usr/lib/python3/dist-packages/colcon_core/task/python/colcon_distutils_commands:/home/user/ros_workspaces/lab0/install/foo/lib/python3.10/site-packages:${PYTHONPATH} _=/usr/bin/env /usr/bin/python3 -W ignore:setup.py install is deprecated -W ignore:easy_install command is deprecated setup.py egg_info --egg-base ../../build/foo build --build-base /home/user/ros_workspaces/lab0/build/foo/build install --record /home/user/ros_workspaces/lab0/build/foo/install.log --single-version-externally-managed install_data
[1.877s] DEBUG:colcon.colcon_core.event_handler.log_command:Invoked command in '/home/user/ros_workspaces/lab0/src/bar' returned '0': PYTHONPATH=/home/user/ros_workspaces/lab0/build/bar/prefix_override:/usr/lib/python3/dist-packages/colcon_core/task/python/colcon_distutils_commands:/home/user/ros_workspaces/lab0/install/bar/lib/python3.10/site-packages:${PYTHONPATH} _=/usr/bin/env /usr/bin/python3 -W ignore:setup.py install is deprecated -W ignore:easy_install command is deprecated setup.py egg_info --egg-base ../../build/bar build --build-base /home/user/ros_workspaces/lab0/build/bar/build install --record /home/user/ros_workspaces/lab0/build/bar/install.log --single-version-externally-managed install_data
[1.886s] Level 1:colcon.colcon_core.environment:checking '/home/user/ros_workspaces/lab0/install/bar' for CMake module files
[1.886s] Level 1:colcon.colcon_core.environment:checking '/home/user/ros_workspaces/lab0/install/bar' for CMake config files
[1.887s] Level 1:colcon.colcon_core.environment:checking '/home/user/ros_workspaces/lab0/install/bar/lib'
[1.887s] Level 1:colcon.colcon_core.environment:checking '/home/user/ros_workspaces/lab0/install/bar/bin'
[1.887s] Level 1:colcon.colcon_core.environment:checking '/home/user/ros_workspaces/lab0/install/bar/lib/pkgconfig/bar.pc'
[1.888s] Level 1:colcon.colcon_core.environment:checking '/home/user/ros_workspaces/lab0/install/bar/lib/python3.10/site-packages'
[1.888s] Level 1:colcon.colcon_core.shell:create_environment_hook('bar', 'pythonpath')
[1.888s] INFO:colcon.colcon_core.shell:Creating environment hook '/home/user/ros_workspaces/lab0/install/bar/share/bar/hook/pythonpath.ps1'
[1.888s] INFO:colcon.colcon_core.shell:Creating environment descriptor '/home/user/ros_workspaces/lab0/install/bar/share/bar/hook/pythonpath.dsv'
[1.889s] INFO:colcon.colcon_core.shell:Creating environment hook '/home/user/ros_workspaces/lab0/install/bar/share/bar/hook/pythonpath.sh'
[1.889s] Level 1:colcon.colcon_core.environment:checking '/home/user/ros_workspaces/lab0/install/bar/bin'
[1.889s] Level 1:colcon.colcon_core.environment:create_environment_scripts_only(bar)
[1.890s] INFO:colcon.colcon_core.shell:Creating package script '/home/user/ros_workspaces/lab0/install/bar/share/bar/package.ps1'
[1.891s] INFO:colcon.colcon_core.shell:Creating package descriptor '/home/user/ros_workspaces/lab0/install/bar/share/bar/package.dsv'
[1.892s] INFO:colcon.colcon_core.shell:Creating package script '/home/user/ros_workspaces/lab0/install/bar/share/bar/package.sh'
[1.893s] INFO:colcon.colcon_core.shell:Creating package script '/home/user/ros_workspaces/lab0/install/bar/share/bar/package.bash'
[1.894s] INFO:colcon.colcon_core.shell:Creating package script '/home/user/ros_workspaces/lab0/install/bar/share/bar/package.zsh'
[1.896s] Level 1:colcon.colcon_core.environment:create_file_with_runtime_dependencies(/home/user/ros_workspaces/lab0/install/bar/share/colcon-core/packages/bar)
[1.907s] Level 1:colcon.colcon_core.environment:checking '/home/user/ros_workspaces/lab0/install/foo' for CMake module files
[1.908s] DEBUG:colcon.colcon_core.event_handler.log_command:Invoked command in '/home/user/ros_workspaces/lab0/src/foo' returned '0': PYTHONPATH=/home/user/ros_workspaces/lab0/build/foo/prefix_override:/usr/lib/python3/dist-packages/colcon_core/task/python/colcon_distutils_commands:/home/user/ros_workspaces/lab0/install/foo/lib/python3.10/site-packages:${PYTHONPATH} _=/usr/bin/env /usr/bin/python3 -W ignore:setup.py install is deprecated -W ignore:easy_install command is deprecated setup.py egg_info --egg-base ../../build/foo build --build-base /home/user/ros_workspaces/lab0/build/foo/build install --record /home/user/ros_workspaces/lab0/build/foo/install.log --single-version-externally-managed install_data
[1.908s] Level 1:colcon.colcon_core.environment:checking '/home/user/ros_workspaces/lab0/install/foo' for CMake config files
[1.908s] Level 1:colcon.colcon_core.environment:checking '/home/user/ros_workspaces/lab0/install/foo/lib'
[1.908s] Level 1:colcon.colcon_core.environment:checking '/home/user/ros_workspaces/lab0/install/foo/bin'
[1.908s] Level 1:colcon.colcon_core.environment:checking '/home/user/ros_workspaces/lab0/install/foo/lib/pkgconfig/foo.pc'
[1.909s] Level 1:colcon.colcon_core.environment:checking '/home/user/ros_workspaces/lab0/install/foo/lib/python3.10/site-packages'
[1.909s] Level 1:colcon.colcon_core.shell:create_environment_hook('foo', 'pythonpath')
[1.909s] INFO:colcon.colcon_core.shell:Creating environment hook '/home/user/ros_workspaces/lab0/install/foo/share/foo/hook/pythonpath.ps1'
[1.909s] INFO:colcon.colcon_core.shell:Creating environment descriptor '/home/user/ros_workspaces/lab0/install/foo/share/foo/hook/pythonpath.dsv'
[1.910s] INFO:colcon.colcon_core.shell:Creating environment hook '/home/user/ros_workspaces/lab0/install/foo/share/foo/hook/pythonpath.sh'
[1.911s] Level 1:colcon.colcon_core.environment:checking '/home/user/ros_workspaces/lab0/install/foo/bin'
[1.911s] Level 1:colcon.colcon_core.environment:create_environment_scripts_only(foo)
[1.911s] INFO:colcon.colcon_core.shell:Creating package script '/home/user/ros_workspaces/lab0/install/foo/share/foo/package.ps1'
[1.912s] INFO:colcon.colcon_core.shell:Creating package descriptor '/home/user/ros_workspaces/lab0/install/foo/share/foo/package.dsv'
[1.912s] INFO:colcon.colcon_core.shell:Creating package script '/home/user/ros_workspaces/lab0/install/foo/share/foo/package.sh'
[1.913s] INFO:colcon.colcon_core.shell:Creating package script '/home/user/ros_workspaces/lab0/install/foo/share/foo/package.bash'
[1.913s] INFO:colcon.colcon_core.shell:Creating package script '/home/user/ros_workspaces/lab0/install/foo/share/foo/package.zsh'
[1.914s] Level 1:colcon.colcon_core.environment:create_file_with_runtime_dependencies(/home/user/ros_workspaces/lab0/install/foo/share/colcon-core/packages/foo)
[1.914s] DEBUG:colcon.colcon_parallel_executor.executor.parallel:closing loop
[1.914s] DEBUG:colcon.colcon_parallel_executor.executor.parallel:loop closed
[1.914s] DEBUG:colcon.colcon_parallel_executor.executor.parallel:run_until_complete finished with '0'
[1.914s] DEBUG:colcon.colcon_core.event_reactor:joining thread
[1.919s] INFO:colcon.colcon_core.plugin_system:Skipping extension 'colcon_notification.desktop_notification.notify_send': Could not find 'notify-send'
[1.919s] INFO:colcon.colcon_core.plugin_system:Skipping extension 'colcon_notification.desktop_notification.terminal_notifier': Not used on non-Darwin systems
[1.919s] INFO:colcon.colcon_core.plugin_system:Skipping extension 'colcon_notification.desktop_notification.win32': Not used on non-Windows systems
[1.919s] INFO:colcon.colcon_notification.desktop_notification:Sending desktop notification using 'notify2'
[1.921s] DEBUG:colcon.colcon_notification.desktop_notification.notify2:Failed to initialize notify2: org.freedesktop.DBus.Error.Spawn.ExecFailed: /usr/bin/dbus-launch terminated abnormally without any error message
[1.921s] DEBUG:colcon.colcon_core.event_reactor:joined thread
[1.922s] INFO:colcon.colcon_core.shell:Creating prefix script '/home/user/ros_workspaces/lab0/install/local_setup.ps1'
[1.923s] INFO:colcon.colcon_core.shell:Creating prefix util module '/home/user/ros_workspaces/lab0/install/_local_setup_util_ps1.py'
[1.924s] INFO:colcon.colcon_core.shell:Creating prefix chain script '/home/user/ros_workspaces/lab0/install/setup.ps1'
[1.925s] INFO:colcon.colcon_core.shell:Creating prefix script '/home/user/ros_workspaces/lab0/install/local_setup.sh'
[1.926s] INFO:colcon.colcon_core.shell:Creating prefix util module '/home/user/ros_workspaces/lab0/install/_local_setup_util_sh.py'
[1.926s] INFO:colcon.colcon_core.shell:Creating prefix chain script '/home/user/ros_workspaces/lab0/install/setup.sh'
[1.928s] INFO:colcon.colcon_core.shell:Creating prefix script '/home/user/ros_workspaces/lab0/install/local_setup.bash'
[1.929s] INFO:colcon.colcon_core.shell:Creating prefix chain script '/home/user/ros_workspaces/lab0/install/setup.bash'
[1.930s] INFO:colcon.colcon_core.shell:Creating prefix script '/home/user/ros_workspaces/lab0/install/local_setup.zsh'
[1.930s] INFO:colcon.colcon_core.shell:Creating prefix chain script '/home/user/ros_workspaces/lab0/install/setup.zsh'
