[0.498s] Invoking command in '/home/cc/ee106a/fa26/class/ee106a-agi/ros_workspaces/lab2/build/turtle_patrol_interface': CMAKE_PREFIX_PATH=${CMAKE_PREFIX_PATH}:/opt/ros/turtlebot3_ws/install/turtlebot3_teleop:/opt/ros/turtlebot3_ws/install/turtlebot3_example:/opt/ros/humble /usr/bin/cmake /home/cc/ee106a/fa26/class/ee106a-agi/ros_workspaces/lab2/src/turtle_patrol_interface -DCMAKE_INSTALL_PREFIX=/home/cc/ee106a/fa26/class/ee106a-agi/ros_workspaces/lab2/install/turtle_patrol_interface
[0.536s] -- Found ament_cmake: 1.3.14 (/opt/ros/humble/share/ament_cmake/cmake)
[0.717s] -- Override CMake install command with custom implementation using symlinks instead of copying resources
[0.789s] -- Found geometry_msgs: 4.9.2 (/opt/ros/humble/share/geometry_msgs/cmake)
[0.819s] -- Found rosidl_generator_c: 3.1.9 (/opt/ros/humble/share/rosidl_generator_c/cmake)
[0.823s] -- Found rosidl_adapter: 3.1.9 (/opt/ros/humble/share/rosidl_adapter/cmake)
[0.830s] -- Found rosidl_generator_cpp: 3.1.9 (/opt/ros/humble/share/rosidl_generator_cpp/cmake)
[0.842s] -- Using all available rosidl_typesupport_c: rosidl_typesupport_fastrtps_c;rosidl_typesupport_introspection_c
[0.852s] -- Using all available rosidl_typesupport_cpp: rosidl_typesupport_fastrtps_cpp;rosidl_typesupport_introspection_cpp
[0.880s] -- Found rosidl_default_generators: 1.2.1 (/opt/ros/humble/share/rosidl_default_generators/cmake)
[1.391s] -- Found ament_cmake_ros: 0.10.0 (/opt/ros/humble/share/ament_cmake_ros/cmake)
[3.244s] -- Using all available rosidl_typesupport_c: rosidl_typesupport_fastrtps_c;rosidl_typesupport_introspection_c
[3.997s] -- Using all available rosidl_typesupport_cpp: rosidl_typesupport_fastrtps_cpp;rosidl_typesupport_introspection_cpp
[4.052s] -- Found python_cmake_module: 0.10.0 (/opt/ros/humble/share/python_cmake_module/cmake)
[4.109s] -- Using PYTHON_EXECUTABLE: /usr/bin/python3
[4.110s] -- Using PYTHON_INCLUDE_DIRS: /usr/include/python3.10
[4.110s] -- Using PYTHON_LIBRARIES: /usr/lib/x86_64-linux-gnu/libpython3.10.so
[4.826s] -- Found ament_lint_auto: 0.12.15 (/opt/ros/humble/share/ament_lint_auto/cmake)
[4.984s] -- Added test 'lint_cmake' to check CMake code style
[4.991s] -- Added test 'xmllint' to check XML markup files
[5.068s] -- Configuring done
[5.962s] -- Generating done
[6.188s] -- Build files have been written to: /home/cc/ee106a/fa26/class/ee106a-agi/ros_workspaces/lab2/build/turtle_patrol_interface
[6.199s] Invoked command in '/home/cc/ee106a/fa26/class/ee106a-agi/ros_workspaces/lab2/build/turtle_patrol_interface' returned '0': CMAKE_PREFIX_PATH=${CMAKE_PREFIX_PATH}:/opt/ros/turtlebot3_ws/install/turtlebot3_teleop:/opt/ros/turtlebot3_ws/install/turtlebot3_example:/opt/ros/humble /usr/bin/cmake /home/cc/ee106a/fa26/class/ee106a-agi/ros_workspaces/lab2/src/turtle_patrol_interface -DCMAKE_INSTALL_PREFIX=/home/cc/ee106a/fa26/class/ee106a-agi/ros_workspaces/lab2/install/turtle_patrol_interface
[6.206s] Invoking command in '/home/cc/ee106a/fa26/class/ee106a-agi/ros_workspaces/lab2/build/turtle_patrol_interface': CMAKE_PREFIX_PATH=${CMAKE_PREFIX_PATH}:/opt/ros/turtlebot3_ws/install/turtlebot3_teleop:/opt/ros/turtlebot3_ws/install/turtlebot3_example:/opt/ros/humble /usr/bin/cmake --build /home/cc/ee106a/fa26/class/ee106a-agi/ros_workspaces/lab2/build/turtle_patrol_interface -- -j32 -l32
[6.375s] [35m[1mConsolidate compiler generated dependencies of target turtle_patrol_interface__rosidl_generator_c[0m
[6.410s] [  6%] Built target turtle_patrol_interface__cpp
[6.412s] [  6%] Built target turtle_patrol_interface__rs
[6.425s] [ 15%] Built target turtle_patrol_interface__rosidl_generator_c
[6.433s] [ 15%] Built target ament_cmake_python_symlink_turtle_patrol_interface
[6.470s] [35m[1mConsolidate compiler generated dependencies of target turtle_patrol_interface__rosidl_typesupport_fastrtps_cpp[0m
[6.473s] [35m[1mConsolidate compiler generated dependencies of target turtle_patrol_interface__rosidl_typesupport_introspection_cpp[0m
[6.474s] [35m[1mConsolidate compiler generated dependencies of target turtle_patrol_interface__rosidl_typesupport_cpp[0m
[6.484s] [35m[1mConsolidate compiler generated dependencies of target turtle_patrol_interface__rosidl_typesupport_fastrtps_c[0m
[6.488s] [35m[1mConsolidate compiler generated dependencies of target turtle_patrol_interface__rosidl_typesupport_introspection_c[0m
[6.489s] [35m[1mConsolidate compiler generated dependencies of target turtle_patrol_interface__rosidl_typesupport_c[0m
[6.540s] [ 25%] Built target turtle_patrol_interface__rosidl_typesupport_introspection_cpp
[6.552s] [ 43%] Built target turtle_patrol_interface__rosidl_typesupport_fastrtps_cpp
[6.557s] [ 53%] Built target turtle_patrol_interface__rosidl_typesupport_cpp
[6.565s] [ 71%] Built target turtle_patrol_interface__rosidl_typesupport_fastrtps_c
[6.565s] [ 71%] Built target turtle_patrol_interface__rosidl_typesupport_introspection_c
[6.567s] [ 71%] Built target turtle_patrol_interface__rosidl_typesupport_c
[6.592s] [ 71%] Built target turtle_patrol_interface
[6.621s] [ 75%] Built target turtle_patrol_interface__py
[6.636s] [35m[1mConsolidate compiler generated dependencies of target turtle_patrol_interface__rosidl_generator_py[0m
[6.668s] [ 81%] Built target turtle_patrol_interface__rosidl_generator_py
[6.687s] [35m[1mConsolidate compiler generated dependencies of target turtle_patrol_interface__rosidl_typesupport_fastrtps_c__pyext[0m
[6.688s] [35m[1mConsolidate compiler generated dependencies of target turtle_patrol_interface__rosidl_typesupport_c__pyext[0m
[6.688s] [35m[1mConsolidate compiler generated dependencies of target turtle_patrol_interface__rosidl_typesupport_introspection_c__pyext[0m
[6.724s] [100%] Built target turtle_patrol_interface__rosidl_typesupport_fastrtps_c__pyext
[6.724s] [100%] Built target turtle_patrol_interface__rosidl_typesupport_c__pyext
[6.725s] [100%] Built target turtle_patrol_interface__rosidl_typesupport_introspection_c__pyext
[6.752s] running egg_info
[6.756s] writing turtle_patrol_interface.egg-info/PKG-INFO
[6.759s] writing dependency_links to turtle_patrol_interface.egg-info/dependency_links.txt
[6.762s] writing top-level names to turtle_patrol_interface.egg-info/top_level.txt
[6.772s] reading manifest file 'turtle_patrol_interface.egg-info/SOURCES.txt'
[6.775s] writing manifest file 'turtle_patrol_interface.egg-info/SOURCES.txt'
[6.820s] [100%] Built target ament_cmake_python_build_turtle_patrol_interface_egg
[6.892s] Invoked command in '/home/cc/ee106a/fa26/class/ee106a-agi/ros_workspaces/lab2/build/turtle_patrol_interface' returned '0': CMAKE_PREFIX_PATH=${CMAKE_PREFIX_PATH}:/opt/ros/turtlebot3_ws/install/turtlebot3_teleop:/opt/ros/turtlebot3_ws/install/turtlebot3_example:/opt/ros/humble /usr/bin/cmake --build /home/cc/ee106a/fa26/class/ee106a-agi/ros_workspaces/lab2/build/turtle_patrol_interface -- -j32 -l32
[6.917s] Invoking command in '/home/cc/ee106a/fa26/class/ee106a-agi/ros_workspaces/lab2/build/turtle_patrol_interface': CMAKE_PREFIX_PATH=${CMAKE_PREFIX_PATH}:/opt/ros/turtlebot3_ws/install/turtlebot3_teleop:/opt/ros/turtlebot3_ws/install/turtlebot3_example:/opt/ros/humble /usr/bin/cmake --install /home/cc/ee106a/fa26/class/ee106a-agi/ros_workspaces/lab2/build/turtle_patrol_interface
[6.929s] -- Install configuration: ""
[6.933s] -- Execute custom install script
[6.934s] -- Up-to-date symlink: /home/cc/ee106a/fa26/class/ee106a-agi/ros_workspaces/lab2/install/turtle_patrol_interface/share/ament_index/resource_index/rosidl_interfaces/turtle_patrol_interface
[6.940s] -- Up-to-date symlink: /home/cc/ee106a/fa26/class/ee106a-agi/ros_workspaces/lab2/install/turtle_patrol_interface/include/turtle_patrol_interface/turtle_patrol_interface/msg/rosidl_generator_c__visibility_control.h
[6.942s] -- Up-to-date symlink: /home/cc/ee106a/fa26/class/ee106a-agi/ros_workspaces/lab2/install/turtle_patrol_interface/include/turtle_patrol_interface/turtle_patrol_interface/srv/detail/patrol__functions.h
[6.945s] -- Up-to-date symlink: /home/cc/ee106a/fa26/class/ee106a-agi/ros_workspaces/lab2/install/turtle_patrol_interface/include/turtle_patrol_interface/turtle_patrol_interface/srv/detail/patrol__struct.h
[6.945s] -- Up-to-date symlink: /home/cc/ee106a/fa26/class/ee106a-agi/ros_workspaces/lab2/install/turtle_patrol_interface/include/turtle_patrol_interface/turtle_patrol_interface/srv/detail/patrol__type_support.h
[6.948s] -- Up-to-date symlink: /home/cc/ee106a/fa26/class/ee106a-agi/ros_workspaces/lab2/install/turtle_patrol_interface/include/turtle_patrol_interface/turtle_patrol_interface/srv/patrol.h
[6.951s] -- Up-to-date symlink: /home/cc/ee106a/fa26/class/ee106a-agi/ros_workspaces/lab2/install/turtle_patrol_interface/share/turtle_patrol_interface/environment/library_path.sh
[6.951s] -- Up-to-date symlink: /home/cc/ee106a/fa26/class/ee106a-agi/ros_workspaces/lab2/install/turtle_patrol_interface/share/turtle_patrol_interface/environment/library_path.dsv
[6.957s] -- Up-to-date symlink: /home/cc/ee106a/fa26/class/ee106a-agi/ros_workspaces/lab2/install/turtle_patrol_interface/include/turtle_patrol_interface/turtle_patrol_interface/msg/rosidl_typesupport_fastrtps_c__visibility_control.h
[6.958s] -- Up-to-date symlink: /home/cc/ee106a/fa26/class/ee106a-agi/ros_workspaces/lab2/install/turtle_patrol_interface/include/turtle_patrol_interface/turtle_patrol_interface/srv/detail/patrol__rosidl_typesupport_fastrtps_c.h
[6.962s] -- Up-to-date symlink: /home/cc/ee106a/fa26/class/ee106a-agi/ros_workspaces/lab2/install/turtle_patrol_interface/include/turtle_patrol_interface/turtle_patrol_interface/msg/rosidl_generator_cpp__visibility_control.hpp
[6.964s] -- Up-to-date symlink: /home/cc/ee106a/fa26/class/ee106a-agi/ros_workspaces/lab2/install/turtle_patrol_interface/include/turtle_patrol_interface/turtle_patrol_interface/srv/detail/patrol__builder.hpp
[6.966s] -- Up-to-date symlink: /home/cc/ee106a/fa26/class/ee106a-agi/ros_workspaces/lab2/install/turtle_patrol_interface/include/turtle_patrol_interface/turtle_patrol_interface/srv/detail/patrol__struct.hpp
[6.968s] -- Up-to-date symlink: /home/cc/ee106a/fa26/class/ee106a-agi/ros_workspaces/lab2/install/turtle_patrol_interface/include/turtle_patrol_interface/turtle_patrol_interface/srv/detail/patrol__traits.hpp
[6.970s] -- Up-to-date symlink: /home/cc/ee106a/fa26/class/ee106a-agi/ros_workspaces/lab2/install/turtle_patrol_interface/include/turtle_patrol_interface/turtle_patrol_interface/srv/detail/patrol__type_support.hpp
[6.972s] -- Up-to-date symlink: /home/cc/ee106a/fa26/class/ee106a-agi/ros_workspaces/lab2/install/turtle_patrol_interface/include/turtle_patrol_interface/turtle_patrol_interface/srv/patrol.hpp
[6.978s] -- Up-to-date symlink: /home/cc/ee106a/fa26/class/ee106a-agi/ros_workspaces/lab2/install/turtle_patrol_interface/include/turtle_patrol_interface/turtle_patrol_interface/msg/rosidl_typesupport_fastrtps_cpp__visibility_control.h
[6.980s] -- Up-to-date symlink: /home/cc/ee106a/fa26/class/ee106a-agi/ros_workspaces/lab2/install/turtle_patrol_interface/include/turtle_patrol_interface/turtle_patrol_interface/srv/detail/patrol__rosidl_typesupport_fastrtps_cpp.hpp
[6.984s] -- Up-to-date symlink: /home/cc/ee106a/fa26/class/ee106a-agi/ros_workspaces/lab2/install/turtle_patrol_interface/include/turtle_patrol_interface/turtle_patrol_interface/msg/rosidl_typesupport_introspection_c__visibility_control.h
[6.987s] -- Up-to-date symlink: /home/cc/ee106a/fa26/class/ee106a-agi/ros_workspaces/lab2/install/turtle_patrol_interface/include/turtle_patrol_interface/turtle_patrol_interface/srv/detail/patrol__rosidl_typesupport_introspection_c.h
[6.990s] -- Up-to-date symlink: /home/cc/ee106a/fa26/class/ee106a-agi/ros_workspaces/lab2/install/turtle_patrol_interface/include/turtle_patrol_interface/turtle_patrol_interface/srv/detail/patrol__rosidl_typesupport_introspection_cpp.hpp
[6.992s] -- Up-to-date symlink: /home/cc/ee106a/fa26/class/ee106a-agi/ros_workspaces/lab2/install/turtle_patrol_interface/share/turtle_patrol_interface/environment/pythonpath.sh
[6.993s] -- Up-to-date symlink: /home/cc/ee106a/fa26/class/ee106a-agi/ros_workspaces/lab2/install/turtle_patrol_interface/share/turtle_patrol_interface/environment/pythonpath.dsv
[7.000s] -- Up-to-date symlink: /home/cc/ee106a/fa26/class/ee106a-agi/ros_workspaces/lab2/install/turtle_patrol_interface/local/lib/python3.10/dist-packages/turtle_patrol_interface-0.0.0-py3.10.egg-info/PKG-INFO
[7.001s] -- Up-to-date symlink: /home/cc/ee106a/fa26/class/ee106a-agi/ros_workspaces/lab2/install/turtle_patrol_interface/local/lib/python3.10/dist-packages/turtle_patrol_interface-0.0.0-py3.10.egg-info/SOURCES.txt
[7.004s] -- Up-to-date symlink: /home/cc/ee106a/fa26/class/ee106a-agi/ros_workspaces/lab2/install/turtle_patrol_interface/local/lib/python3.10/dist-packages/turtle_patrol_interface-0.0.0-py3.10.egg-info/dependency_links.txt
[7.005s] -- Up-to-date symlink: /home/cc/ee106a/fa26/class/ee106a-agi/ros_workspaces/lab2/install/turtle_patrol_interface/local/lib/python3.10/dist-packages/turtle_patrol_interface-0.0.0-py3.10.egg-info/top_level.txt
[7.011s] -- Up-to-date symlink: /home/cc/ee106a/fa26/class/ee106a-agi/ros_workspaces/lab2/install/turtle_patrol_interface/local/lib/python3.10/dist-packages/turtle_patrol_interface/__init__.py
[7.014s] -- Up-to-date symlink: /home/cc/ee106a/fa26/class/ee106a-agi/ros_workspaces/lab2/install/turtle_patrol_interface/local/lib/python3.10/dist-packages/turtle_patrol_interface/_turtle_patrol_interface_s.ep.rosidl_typesupport_c.c
[7.015s] -- Up-to-date symlink: /home/cc/ee106a/fa26/class/ee106a-agi/ros_workspaces/lab2/install/turtle_patrol_interface/local/lib/python3.10/dist-packages/turtle_patrol_interface/_turtle_patrol_interface_s.ep.rosidl_typesupport_fastrtps_c.c
[7.018s] -- Up-to-date symlink: /home/cc/ee106a/fa26/class/ee106a-agi/ros_workspaces/lab2/install/turtle_patrol_interface/local/lib/python3.10/dist-packages/turtle_patrol_interface/_turtle_patrol_interface_s.ep.rosidl_typesupport_introspection_c.c
[7.020s] -- Up-to-date symlink: /home/cc/ee106a/fa26/class/ee106a-agi/ros_workspaces/lab2/install/turtle_patrol_interface/local/lib/python3.10/dist-packages/turtle_patrol_interface/libturtle_patrol_interface__rosidl_generator_py.so
[7.022s] -- Up-to-date symlink: /home/cc/ee106a/fa26/class/ee106a-agi/ros_workspaces/lab2/install/turtle_patrol_interface/local/lib/python3.10/dist-packages/turtle_patrol_interface/srv/__init__.py
[7.024s] -- Up-to-date symlink: /home/cc/ee106a/fa26/class/ee106a-agi/ros_workspaces/lab2/install/turtle_patrol_interface/local/lib/python3.10/dist-packages/turtle_patrol_interface/srv/_patrol.py
[7.025s] -- Up-to-date symlink: /home/cc/ee106a/fa26/class/ee106a-agi/ros_workspaces/lab2/install/turtle_patrol_interface/local/lib/python3.10/dist-packages/turtle_patrol_interface/srv/_patrol_s.c
[7.027s] -- Up-to-date symlink: /home/cc/ee106a/fa26/class/ee106a-agi/ros_workspaces/lab2/install/turtle_patrol_interface/local/lib/python3.10/dist-packages/turtle_patrol_interface/turtle_patrol_interface_s__rosidl_typesupport_c.cpython-310-x86_64-linux-gnu.so
[7.031s] -- Up-to-date symlink: /home/cc/ee106a/fa26/class/ee106a-agi/ros_workspaces/lab2/install/turtle_patrol_interface/local/lib/python3.10/dist-packages/turtle_patrol_interface/turtle_patrol_interface_s__rosidl_typesupport_fastrtps_c.cpython-310-x86_64-linux-gnu.so
[7.032s] -- Up-to-date symlink: /home/cc/ee106a/fa26/class/ee106a-agi/ros_workspaces/lab2/install/turtle_patrol_interface/local/lib/python3.10/dist-packages/turtle_patrol_interface/turtle_patrol_interface_s__rosidl_typesupport_introspection_c.cpython-310-x86_64-linux-gnu.so
[7.035s] -- Up-to-date symlink: /home/cc/ee106a/fa26/class/ee106a-agi/ros_workspaces/lab2/install/turtle_patrol_interface/local/lib/python3.10/dist-packages/turtle_patrol_interface/turtle_patrol_interface_s__rosidl_typesupport_fastrtps_c.cpython-310-x86_64-linux-gnu.so
[7.037s] -- Up-to-date symlink: /home/cc/ee106a/fa26/class/ee106a-agi/ros_workspaces/lab2/install/turtle_patrol_interface/local/lib/python3.10/dist-packages/turtle_patrol_interface/turtle_patrol_interface_s__rosidl_typesupport_introspection_c.cpython-310-x86_64-linux-gnu.so
[7.038s] -- Up-to-date symlink: /home/cc/ee106a/fa26/class/ee106a-agi/ros_workspaces/lab2/install/turtle_patrol_interface/local/lib/python3.10/dist-packages/turtle_patrol_interface/turtle_patrol_interface_s__rosidl_typesupport_c.cpython-310-x86_64-linux-gnu.so
[7.041s] -- Up-to-date symlink: /home/cc/ee106a/fa26/class/ee106a-agi/ros_workspaces/lab2/install/turtle_patrol_interface/share/ament_index/resource_index/rust_packages/turtle_patrol_interface
[7.045s] -- Up-to-date symlink: /home/cc/ee106a/fa26/class/ee106a-agi/ros_workspaces/lab2/install/turtle_patrol_interface/share/turtle_patrol_interface/rust/Cargo.toml
[7.047s] -- Up-to-date symlink: /home/cc/ee106a/fa26/class/ee106a-agi/ros_workspaces/lab2/install/turtle_patrol_interface/share/turtle_patrol_interface/rust/build.rs
[7.050s] -- Up-to-date symlink: /home/cc/ee106a/fa26/class/ee106a-agi/ros_workspaces/lab2/install/turtle_patrol_interface/share/turtle_patrol_interface/rust/src/lib.rs
[7.051s] -- Up-to-date symlink: /home/cc/ee106a/fa26/class/ee106a-agi/ros_workspaces/lab2/install/turtle_patrol_interface/share/turtle_patrol_interface/rust/src/srv.rs
[7.054s] -- Up-to-date symlink: /home/cc/ee106a/fa26/class/ee106a-agi/ros_workspaces/lab2/install/turtle_patrol_interface/share/turtle_patrol_interface/rust/src/srv/rmw.rs
[7.056s] -- Up-to-date symlink: /home/cc/ee106a/fa26/class/ee106a-agi/ros_workspaces/lab2/install/turtle_patrol_interface/share/turtle_patrol_interface/srv/Patrol.idl
[7.058s] -- Up-to-date symlink: /home/cc/ee106a/fa26/class/ee106a-agi/ros_workspaces/lab2/install/turtle_patrol_interface/share/turtle_patrol_interface/srv/Patrol.srv
[7.061s] -- Up-to-date symlink: /home/cc/ee106a/fa26/class/ee106a-agi/ros_workspaces/lab2/install/turtle_patrol_interface/share/turtle_patrol_interface/srv/Patrol_Request.msg
[7.062s] -- Up-to-date symlink: /home/cc/ee106a/fa26/class/ee106a-agi/ros_workspaces/lab2/install/turtle_patrol_interface/share/turtle_patrol_interface/srv/Patrol_Response.msg
[7.065s] -- Up-to-date symlink: /home/cc/ee106a/fa26/class/ee106a-agi/ros_workspaces/lab2/install/turtle_patrol_interface/share/ament_index/resource_index/package_run_dependencies/turtle_patrol_interface
[7.068s] -- Up-to-date symlink: /home/cc/ee106a/fa26/class/ee106a-agi/ros_workspaces/lab2/install/turtle_patrol_interface/share/ament_index/resource_index/parent_prefix_path/turtle_patrol_interface
[7.069s] -- Up-to-date symlink: /home/cc/ee106a/fa26/class/ee106a-agi/ros_workspaces/lab2/install/turtle_patrol_interface/share/turtle_patrol_interface/environment/ament_prefix_path.sh
[7.071s] -- Up-to-date symlink: /home/cc/ee106a/fa26/class/ee106a-agi/ros_workspaces/lab2/install/turtle_patrol_interface/share/turtle_patrol_interface/environment/ament_prefix_path.dsv
[7.073s] -- Up-to-date symlink: /home/cc/ee106a/fa26/class/ee106a-agi/ros_workspaces/lab2/install/turtle_patrol_interface/share/turtle_patrol_interface/environment/path.sh
[7.075s] -- Up-to-date symlink: /home/cc/ee106a/fa26/class/ee106a-agi/ros_workspaces/lab2/install/turtle_patrol_interface/share/turtle_patrol_interface/environment/path.dsv
[7.078s] -- Up-to-date symlink: /home/cc/ee106a/fa26/class/ee106a-agi/ros_workspaces/lab2/install/turtle_patrol_interface/share/turtle_patrol_interface/local_setup.bash
[7.080s] -- Up-to-date symlink: /home/cc/ee106a/fa26/class/ee106a-agi/ros_workspaces/lab2/install/turtle_patrol_interface/share/turtle_patrol_interface/local_setup.sh
[7.081s] -- Up-to-date symlink: /home/cc/ee106a/fa26/class/ee106a-agi/ros_workspaces/lab2/install/turtle_patrol_interface/share/turtle_patrol_interface/local_setup.zsh
[7.083s] -- Up-to-date symlink: /home/cc/ee106a/fa26/class/ee106a-agi/ros_workspaces/lab2/install/turtle_patrol_interface/share/turtle_patrol_interface/local_setup.dsv
[7.086s] -- Symlinking: /home/cc/ee106a/fa26/class/ee106a-agi/ros_workspaces/lab2/install/turtle_patrol_interface/share/turtle_patrol_interface/package.dsv
[7.125s] -- Up-to-date symlink: /home/cc/ee106a/fa26/class/ee106a-agi/ros_workspaces/lab2/install/turtle_patrol_interface/share/ament_index/resource_index/packages/turtle_patrol_interface
[7.128s] -- Up-to-date symlink: /home/cc/ee106a/fa26/class/ee106a-agi/ros_workspaces/lab2/install/turtle_patrol_interface/share/turtle_patrol_interface/cmake/rosidl_cmake-extras.cmake
[7.130s] -- Up-to-date symlink: /home/cc/ee106a/fa26/class/ee106a-agi/ros_workspaces/lab2/install/turtle_patrol_interface/share/turtle_patrol_interface/cmake/ament_cmake_export_dependencies-extras.cmake
[7.133s] -- Up-to-date symlink: /home/cc/ee106a/fa26/class/ee106a-agi/ros_workspaces/lab2/install/turtle_patrol_interface/share/turtle_patrol_interface/cmake/ament_cmake_export_include_directories-extras.cmake
[7.135s] -- Up-to-date symlink: /home/cc/ee106a/fa26/class/ee106a-agi/ros_workspaces/lab2/install/turtle_patrol_interface/share/turtle_patrol_interface/cmake/ament_cmake_export_libraries-extras.cmake
[7.137s] -- Up-to-date symlink: /home/cc/ee106a/fa26/class/ee106a-agi/ros_workspaces/lab2/install/turtle_patrol_interface/share/turtle_patrol_interface/cmake/ament_cmake_export_targets-extras.cmake
[7.140s] -- Up-to-date symlink: /home/cc/ee106a/fa26/class/ee106a-agi/ros_workspaces/lab2/install/turtle_patrol_interface/share/turtle_patrol_interface/cmake/rosidl_cmake_export_typesupport_targets-extras.cmake
[7.143s] -- Up-to-date symlink: /home/cc/ee106a/fa26/class/ee106a-agi/ros_workspaces/lab2/install/turtle_patrol_interface/share/turtle_patrol_interface/cmake/rosidl_cmake_export_typesupport_libraries-extras.cmake
[7.144s] -- Up-to-date symlink: /home/cc/ee106a/fa26/class/ee106a-agi/ros_workspaces/lab2/install/turtle_patrol_interface/share/turtle_patrol_interface/cmake/rosidl_cmake_aggregate_target-extras.cmake
[7.146s] -- Up-to-date symlink: /home/cc/ee106a/fa26/class/ee106a-agi/ros_workspaces/lab2/install/turtle_patrol_interface/share/turtle_patrol_interface/cmake/turtle_patrol_interfaceConfig.cmake
[7.148s] -- Up-to-date symlink: /home/cc/ee106a/fa26/class/ee106a-agi/ros_workspaces/lab2/install/turtle_patrol_interface/share/turtle_patrol_interface/cmake/turtle_patrol_interfaceConfig-version.cmake
[7.149s] -- Up-to-date symlink: /home/cc/ee106a/fa26/class/ee106a-agi/ros_workspaces/lab2/install/turtle_patrol_interface/share/turtle_patrol_interface/package.xml
[7.152s] -- Up-to-date: /home/cc/ee106a/fa26/class/ee106a-agi/ros_workspaces/lab2/install/turtle_patrol_interface/lib/libturtle_patrol_interface__rosidl_generator_c.so
[7.156s] -- Up-to-date: /home/cc/ee106a/fa26/class/ee106a-agi/ros_workspaces/lab2/install/turtle_patrol_interface/lib/libturtle_patrol_interface__rosidl_typesupport_fastrtps_c.so
[7.162s] -- Up-to-date: /home/cc/ee106a/fa26/class/ee106a-agi/ros_workspaces/lab2/install/turtle_patrol_interface/lib/libturtle_patrol_interface__rosidl_typesupport_fastrtps_cpp.so
[7.169s] -- Up-to-date: /home/cc/ee106a/fa26/class/ee106a-agi/ros_workspaces/lab2/install/turtle_patrol_interface/lib/libturtle_patrol_interface__rosidl_typesupport_introspection_c.so
[7.175s] -- Up-to-date: /home/cc/ee106a/fa26/class/ee106a-agi/ros_workspaces/lab2/install/turtle_patrol_interface/lib/libturtle_patrol_interface__rosidl_typesupport_c.so
[7.181s] -- Up-to-date: /home/cc/ee106a/fa26/class/ee106a-agi/ros_workspaces/lab2/install/turtle_patrol_interface/lib/libturtle_patrol_interface__rosidl_typesupport_introspection_cpp.so
[7.187s] -- Installing: /home/cc/ee106a/fa26/class/ee106a-agi/ros_workspaces/lab2/install/turtle_patrol_interface/lib/libturtle_patrol_interface__rosidl_typesupport_cpp.so
[7.198s] -- Set runtime path of "/home/cc/ee106a/fa26/class/ee106a-agi/ros_workspaces/lab2/install/turtle_patrol_interface/lib/libturtle_patrol_interface__rosidl_typesupport_cpp.so" to ""
[7.243s] Listing '/home/cc/ee106a/fa26/class/ee106a-agi/ros_workspaces/lab2/install/turtle_patrol_interface/local/lib/python3.10/dist-packages/turtle_patrol_interface'...
[7.244s] Listing '/home/cc/ee106a/fa26/class/ee106a-agi/ros_workspaces/lab2/install/turtle_patrol_interface/local/lib/python3.10/dist-packages/turtle_patrol_interface/srv'...
[7.247s] -- Installing: /home/cc/ee106a/fa26/class/ee106a-agi/ros_workspaces/lab2/install/turtle_patrol_interface/lib/libturtle_patrol_interface__rosidl_generator_py.so
[7.258s] -- Set runtime path of "/home/cc/ee106a/fa26/class/ee106a-agi/ros_workspaces/lab2/install/turtle_patrol_interface/lib/libturtle_patrol_interface__rosidl_generator_py.so" to ""
[7.261s] -- Up-to-date: /home/cc/ee106a/fa26/class/ee106a-agi/ros_workspaces/lab2/install/turtle_patrol_interface/share/turtle_patrol_interface/cmake/export_turtle_patrol_interface__rosidl_generator_cExport.cmake
[7.262s] -- Up-to-date: /home/cc/ee106a/fa26/class/ee106a-agi/ros_workspaces/lab2/install/turtle_patrol_interface/share/turtle_patrol_interface/cmake/export_turtle_patrol_interface__rosidl_generator_cExport-noconfig.cmake
[7.265s] -- Up-to-date: /home/cc/ee106a/fa26/class/ee106a-agi/ros_workspaces/lab2/install/turtle_patrol_interface/share/turtle_patrol_interface/cmake/export_turtle_patrol_interface__rosidl_typesupport_fastrtps_cExport.cmake
[7.266s] -- Up-to-date: /home/cc/ee106a/fa26/class/ee106a-agi/ros_workspaces/lab2/install/turtle_patrol_interface/share/turtle_patrol_interface/cmake/export_turtle_patrol_interface__rosidl_typesupport_fastrtps_cExport-noconfig.cmake
[7.269s] -- Up-to-date: /home/cc/ee106a/fa26/class/ee106a-agi/ros_workspaces/lab2/install/turtle_patrol_interface/share/turtle_patrol_interface/cmake/export_turtle_patrol_interface__rosidl_generator_cppExport.cmake
[7.271s] -- Up-to-date: /home/cc/ee106a/fa26/class/ee106a-agi/ros_workspaces/lab2/install/turtle_patrol_interface/share/turtle_patrol_interface/cmake/export_turtle_patrol_interface__rosidl_typesupport_fastrtps_cppExport.cmake
[7.274s] -- Up-to-date: /home/cc/ee106a/fa26/class/ee106a-agi/ros_workspaces/lab2/install/turtle_patrol_interface/share/turtle_patrol_interface/cmake/export_turtle_patrol_interface__rosidl_typesupport_fastrtps_cppExport-noconfig.cmake
[7.276s] -- Up-to-date: /home/cc/ee106a/fa26/class/ee106a-agi/ros_workspaces/lab2/install/turtle_patrol_interface/share/turtle_patrol_interface/cmake/turtle_patrol_interface__rosidl_typesupport_introspection_cExport.cmake
[7.277s] -- Up-to-date: /home/cc/ee106a/fa26/class/ee106a-agi/ros_workspaces/lab2/install/turtle_patrol_interface/share/turtle_patrol_interface/cmake/turtle_patrol_interface__rosidl_typesupport_introspection_cExport-noconfig.cmake
[7.280s] -- Up-to-date: /home/cc/ee106a/fa26/class/ee106a-agi/ros_workspaces/lab2/install/turtle_patrol_interface/share/turtle_patrol_interface/cmake/turtle_patrol_interface__rosidl_typesupport_cExport.cmake
[7.281s] -- Up-to-date: /home/cc/ee106a/fa26/class/ee106a-agi/ros_workspaces/lab2/install/turtle_patrol_interface/share/turtle_patrol_interface/cmake/turtle_patrol_interface__rosidl_typesupport_cExport-noconfig.cmake
[7.284s] -- Up-to-date: /home/cc/ee106a/fa26/class/ee106a-agi/ros_workspaces/lab2/install/turtle_patrol_interface/share/turtle_patrol_interface/cmake/turtle_patrol_interface__rosidl_typesupport_introspection_cppExport.cmake
[7.286s] -- Up-to-date: /home/cc/ee106a/fa26/class/ee106a-agi/ros_workspaces/lab2/install/turtle_patrol_interface/share/turtle_patrol_interface/cmake/turtle_patrol_interface__rosidl_typesupport_introspection_cppExport-noconfig.cmake
[7.288s] -- Up-to-date: /home/cc/ee106a/fa26/class/ee106a-agi/ros_workspaces/lab2/install/turtle_patrol_interface/share/turtle_patrol_interface/cmake/turtle_patrol_interface__rosidl_typesupport_cppExport.cmake
[7.291s] -- Up-to-date: /home/cc/ee106a/fa26/class/ee106a-agi/ros_workspaces/lab2/install/turtle_patrol_interface/share/turtle_patrol_interface/cmake/turtle_patrol_interface__rosidl_typesupport_cppExport-noconfig.cmake
[7.292s] -- Up-to-date: /home/cc/ee106a/fa26/class/ee106a-agi/ros_workspaces/lab2/install/turtle_patrol_interface/share/turtle_patrol_interface/cmake/export_turtle_patrol_interface__rosidl_generator_pyExport.cmake
[7.295s] -- Up-to-date: /home/cc/ee106a/fa26/class/ee106a-agi/ros_workspaces/lab2/install/turtle_patrol_interface/share/turtle_patrol_interface/cmake/export_turtle_patrol_interface__rosidl_generator_pyExport-noconfig.cmake
[7.301s] Invoked command in '/home/cc/ee106a/fa26/class/ee106a-agi/ros_workspaces/lab2/build/turtle_patrol_interface' returned '0': CMAKE_PREFIX_PATH=${CMAKE_PREFIX_PATH}:/opt/ros/turtlebot3_ws/install/turtlebot3_teleop:/opt/ros/turtlebot3_ws/install/turtlebot3_example:/opt/ros/humble /usr/bin/cmake --install /home/cc/ee106a/fa26/class/ee106a-agi/ros_workspaces/lab2/build/turtle_patrol_interface
