[1.110s] Invoking command in '/home/user/ros_workspaces/lab0/src/bar': PYTHONPATH=/home/user/ros_workspaces/lab0/build/bar/prefix_override:/usr/lib/python3/dist-packages/colcon_core/task/python/colcon_distutils_commands:/home/user/ros_workspaces/lab0/install/bar/lib/python3.10/site-packages:${PYTHONPATH} _=/usr/bin/env /usr/bin/python3 -W ignore:setup.py install is deprecated -W ignore:easy_install command is deprecated setup.py egg_info --egg-base ../../build/bar build --build-base /home/user/ros_workspaces/lab0/build/bar/build install --record /home/user/ros_workspaces/lab0/build/bar/install.log --single-version-externally-managed install_data
[1.458s] running egg_info
[1.476s] creating ../../build/bar/bar.egg-info
[1.476s] writing ../../build/bar/bar.egg-info/PKG-INFO
[1.477s] writing dependency_links to ../../build/bar/bar.egg-info/dependency_links.txt
[1.477s] writing requirements to ../../build/bar/bar.egg-info/requires.txt
[1.477s] writing top-level names to ../../build/bar/bar.egg-info/top_level.txt
[1.477s] writing manifest file '../../build/bar/bar.egg-info/SOURCES.txt'
[1.514s] reading manifest file '../../build/bar/bar.egg-info/SOURCES.txt'
[1.515s] writing manifest file '../../build/bar/bar.egg-info/SOURCES.txt'
[1.516s] running build
[1.516s] running build_py
[1.516s] creating /home/user/ros_workspaces/lab0/build/bar/build/lib/bar
[1.516s] copying bar/__init__.py -> /home/user/ros_workspaces/lab0/build/bar/build/lib/bar
[1.517s] running install
[1.524s] running install_lib
[1.542s] creating /home/user/ros_workspaces/lab0/install/bar/lib/python3.10/site-packages/bar
[1.543s] copying /home/user/ros_workspaces/lab0/build/bar/build/lib/bar/__init__.py -> /home/user/ros_workspaces/lab0/install/bar/lib/python3.10/site-packages/bar
[1.543s] byte-compiling /home/user/ros_workspaces/lab0/install/bar/lib/python3.10/site-packages/bar/__init__.py to __init__.cpython-310.pyc
[1.543s] running install_data
[1.544s] creating /home/user/ros_workspaces/lab0/install/bar/share/ament_index/resource_index/packages
[1.544s] copying resource/bar -> /home/user/ros_workspaces/lab0/install/bar/share/ament_index/resource_index/packages
[1.544s] copying package.xml -> /home/user/ros_workspaces/lab0/install/bar/share/bar
[1.544s] running install_egg_info
[1.570s] Copying ../../build/bar/bar.egg-info to /home/user/ros_workspaces/lab0/install/bar/lib/python3.10/site-packages/bar-0.0.0-py3.10.egg-info
[1.571s] running install_scripts
[1.611s] writing list of installed files to '/home/user/ros_workspaces/lab0/build/bar/install.log'
[1.648s] Invoked command in '/home/user/ros_workspaces/lab0/src/bar' returned '0': PYTHONPATH=/home/user/ros_workspaces/lab0/build/bar/prefix_override:/usr/lib/python3/dist-packages/colcon_core/task/python/colcon_distutils_commands:/home/user/ros_workspaces/lab0/install/bar/lib/python3.10/site-packages:${PYTHONPATH} _=/usr/bin/env /usr/bin/python3 -W ignore:setup.py install is deprecated -W ignore:easy_install command is deprecated setup.py egg_info --egg-base ../../build/bar build --build-base /home/user/ros_workspaces/lab0/build/bar/build install --record /home/user/ros_workspaces/lab0/build/bar/install.log --single-version-externally-managed install_data
