[2.993s] Invoking command in '/home/cc/ee106a/fa26/class/ee106a-agi/ros_workspaces/lab2/build/turtle_patrol_interface': CMAKE_PREFIX_PATH=/home/ff/ee106a/robot_workspaces/ur/install/ur7e_utils:/opt/ros/humble /usr/bin/cmake --build /home/cc/ee106a/fa26/class/ee106a-agi/ros_workspaces/lab2/build/turtle_patrol_interface -- -j24 -l24
[3.869s] [  3%] Built target turtle_patrol_interface__rs
[3.895s] [  9%] Built target turtle_patrol_interface__cpp
[3.905s] [ 15%] Built target turtle_patrol_interface__rosidl_generator_c
[3.971s] [ 15%] Built target ament_cmake_python_symlink_turtle_patrol_interface
[4.649s] [ 25%] Built target turtle_patrol_interface__rosidl_typesupport_introspection_cpp
[4.662s] [ 34%] Built target turtle_patrol_interface__rosidl_typesupport_fastrtps_cpp
[4.707s] [ 53%] Built target turtle_patrol_interface__rosidl_typesupport_cpp
[4.708s] [ 53%] Built target turtle_patrol_interface__rosidl_typesupport_fastrtps_c
[4.742s] [ 68%] Built target turtle_patrol_interface__rosidl_typesupport_introspection_c
[4.749s] [ 71%] Built target turtle_patrol_interface__rosidl_typesupport_c
[5.051s] [ 71%] Built target turtle_patrol_interface
[5.344s] [ 75%] Built target turtle_patrol_interface__py
[5.643s] [ 81%] Built target turtle_patrol_interface__rosidl_generator_py
[6.049s] [ 87%] Built target turtle_patrol_interface__rosidl_typesupport_introspection_c__pyext
[6.078s] [ 93%] Built target turtle_patrol_interface__rosidl_typesupport_c__pyext
[6.086s] [100%] Built target turtle_patrol_interface__rosidl_typesupport_fastrtps_c__pyext
[6.819s] running egg_info
[6.823s] writing turtle_patrol_interface.egg-info/PKG-INFO
[6.829s] writing dependency_links to turtle_patrol_interface.egg-info/dependency_links.txt
[6.837s] writing top-level names to turtle_patrol_interface.egg-info/top_level.txt
[6.853s] reading manifest file 'turtle_patrol_interface.egg-info/SOURCES.txt'
[6.858s] writing manifest file 'turtle_patrol_interface.egg-info/SOURCES.txt'
[7.008s] [100%] Built target ament_cmake_python_build_turtle_patrol_interface_egg
[7.170s] Invoked command in '/home/cc/ee106a/fa26/class/ee106a-agi/ros_workspaces/lab2/build/turtle_patrol_interface' returned '0': CMAKE_PREFIX_PATH=/home/ff/ee106a/robot_workspaces/ur/install/ur7e_utils:/opt/ros/humble /usr/bin/cmake --build /home/cc/ee106a/fa26/class/ee106a-agi/ros_workspaces/lab2/build/turtle_patrol_interface -- -j24 -l24
[7.278s] Invoking command in '/home/cc/ee106a/fa26/class/ee106a-agi/ros_workspaces/lab2/build/turtle_patrol_interface': CMAKE_PREFIX_PATH=/home/ff/ee106a/robot_workspaces/ur/install/ur7e_utils:/opt/ros/humble /usr/bin/cmake --install /home/cc/ee106a/fa26/class/ee106a-agi/ros_workspaces/lab2/build/turtle_patrol_interface
[7.355s] -- Install configuration: ""
[7.363s] -- Execute custom install script
[7.370s] -- Up-to-date symlink: /home/cc/ee106a/fa26/class/ee106a-agi/ros_workspaces/lab2/install/turtle_patrol_interface/share/ament_index/resource_index/rosidl_interfaces/turtle_patrol_interface
[7.381s] -- Up-to-date symlink: /home/cc/ee106a/fa26/class/ee106a-agi/ros_workspaces/lab2/install/turtle_patrol_interface/include/turtle_patrol_interface/turtle_patrol_interface/msg/rosidl_generator_c__visibility_control.h
[7.385s] -- Up-to-date symlink: /home/cc/ee106a/fa26/class/ee106a-agi/ros_workspaces/lab2/install/turtle_patrol_interface/include/turtle_patrol_interface/turtle_patrol_interface/srv/detail/patrol__functions.h
[7.390s] -- Up-to-date symlink: /home/cc/ee106a/fa26/class/ee106a-agi/ros_workspaces/lab2/install/turtle_patrol_interface/include/turtle_patrol_interface/turtle_patrol_interface/srv/detail/patrol__struct.h
[7.392s] -- Up-to-date symlink: /home/cc/ee106a/fa26/class/ee106a-agi/ros_workspaces/lab2/install/turtle_patrol_interface/include/turtle_patrol_interface/turtle_patrol_interface/srv/detail/patrol__type_support.h
[7.395s] -- Up-to-date symlink: /home/cc/ee106a/fa26/class/ee106a-agi/ros_workspaces/lab2/install/turtle_patrol_interface/include/turtle_patrol_interface/turtle_patrol_interface/srv/patrol.h
[7.401s] -- Up-to-date symlink: /home/cc/ee106a/fa26/class/ee106a-agi/ros_workspaces/lab2/install/turtle_patrol_interface/share/turtle_patrol_interface/environment/library_path.sh
[7.405s] -- Up-to-date symlink: /home/cc/ee106a/fa26/class/ee106a-agi/ros_workspaces/lab2/install/turtle_patrol_interface/share/turtle_patrol_interface/environment/library_path.dsv
[7.414s] -- Up-to-date symlink: /home/cc/ee106a/fa26/class/ee106a-agi/ros_workspaces/lab2/install/turtle_patrol_interface/include/turtle_patrol_interface/turtle_patrol_interface/msg/rosidl_typesupport_fastrtps_c__visibility_control.h
[7.418s] -- Up-to-date symlink: /home/cc/ee106a/fa26/class/ee106a-agi/ros_workspaces/lab2/install/turtle_patrol_interface/include/turtle_patrol_interface/turtle_patrol_interface/srv/detail/patrol__rosidl_typesupport_fastrtps_c.h
[7.425s] -- Up-to-date symlink: /home/cc/ee106a/fa26/class/ee106a-agi/ros_workspaces/lab2/install/turtle_patrol_interface/include/turtle_patrol_interface/turtle_patrol_interface/msg/rosidl_generator_cpp__visibility_control.hpp
[7.429s] -- Up-to-date symlink: /home/cc/ee106a/fa26/class/ee106a-agi/ros_workspaces/lab2/install/turtle_patrol_interface/include/turtle_patrol_interface/turtle_patrol_interface/srv/detail/patrol__builder.hpp
[7.433s] -- Up-to-date symlink: /home/cc/ee106a/fa26/class/ee106a-agi/ros_workspaces/lab2/install/turtle_patrol_interface/include/turtle_patrol_interface/turtle_patrol_interface/srv/detail/patrol__struct.hpp
[7.435s] -- Up-to-date symlink: /home/cc/ee106a/fa26/class/ee106a-agi/ros_workspaces/lab2/install/turtle_patrol_interface/include/turtle_patrol_interface/turtle_patrol_interface/srv/detail/patrol__traits.hpp
[7.438s] -- Up-to-date symlink: /home/cc/ee106a/fa26/class/ee106a-agi/ros_workspaces/lab2/install/turtle_patrol_interface/include/turtle_patrol_interface/turtle_patrol_interface/srv/detail/patrol__type_support.hpp
[7.442s] -- Up-to-date symlink: /home/cc/ee106a/fa26/class/ee106a-agi/ros_workspaces/lab2/install/turtle_patrol_interface/include/turtle_patrol_interface/turtle_patrol_interface/srv/patrol.hpp
[7.456s] -- Up-to-date symlink: /home/cc/ee106a/fa26/class/ee106a-agi/ros_workspaces/lab2/install/turtle_patrol_interface/include/turtle_patrol_interface/turtle_patrol_interface/msg/rosidl_typesupport_fastrtps_cpp__visibility_control.h
[7.461s] -- Up-to-date symlink: /home/cc/ee106a/fa26/class/ee106a-agi/ros_workspaces/lab2/install/turtle_patrol_interface/include/turtle_patrol_interface/turtle_patrol_interface/srv/detail/patrol__rosidl_typesupport_fastrtps_cpp.hpp
[7.467s] -- Up-to-date symlink: /home/cc/ee106a/fa26/class/ee106a-agi/ros_workspaces/lab2/install/turtle_patrol_interface/include/turtle_patrol_interface/turtle_patrol_interface/msg/rosidl_typesupport_introspection_c__visibility_control.h
[7.473s] -- Up-to-date symlink: /home/cc/ee106a/fa26/class/ee106a-agi/ros_workspaces/lab2/install/turtle_patrol_interface/include/turtle_patrol_interface/turtle_patrol_interface/srv/detail/patrol__rosidl_typesupport_introspection_c.h
[7.479s] -- Up-to-date symlink: /home/cc/ee106a/fa26/class/ee106a-agi/ros_workspaces/lab2/install/turtle_patrol_interface/include/turtle_patrol_interface/turtle_patrol_interface/srv/detail/patrol__rosidl_typesupport_introspection_cpp.hpp
[7.487s] -- Up-to-date symlink: /home/cc/ee106a/fa26/class/ee106a-agi/ros_workspaces/lab2/install/turtle_patrol_interface/share/turtle_patrol_interface/environment/pythonpath.sh
[7.491s] -- Up-to-date symlink: /home/cc/ee106a/fa26/class/ee106a-agi/ros_workspaces/lab2/install/turtle_patrol_interface/share/turtle_patrol_interface/environment/pythonpath.dsv
[7.502s] -- Up-to-date symlink: /home/cc/ee106a/fa26/class/ee106a-agi/ros_workspaces/lab2/install/turtle_patrol_interface/local/lib/python3.10/dist-packages/turtle_patrol_interface-0.0.0-py3.10.egg-info/PKG-INFO
[7.505s] -- Up-to-date symlink: /home/cc/ee106a/fa26/class/ee106a-agi/ros_workspaces/lab2/install/turtle_patrol_interface/local/lib/python3.10/dist-packages/turtle_patrol_interface-0.0.0-py3.10.egg-info/SOURCES.txt
[7.508s] -- Up-to-date symlink: /home/cc/ee106a/fa26/class/ee106a-agi/ros_workspaces/lab2/install/turtle_patrol_interface/local/lib/python3.10/dist-packages/turtle_patrol_interface-0.0.0-py3.10.egg-info/dependency_links.txt
[7.512s] -- Up-to-date symlink: /home/cc/ee106a/fa26/class/ee106a-agi/ros_workspaces/lab2/install/turtle_patrol_interface/local/lib/python3.10/dist-packages/turtle_patrol_interface-0.0.0-py3.10.egg-info/top_level.txt
[7.521s] -- Up-to-date symlink: /home/cc/ee106a/fa26/class/ee106a-agi/ros_workspaces/lab2/install/turtle_patrol_interface/local/lib/python3.10/dist-packages/turtle_patrol_interface/__init__.py
[7.524s] -- Up-to-date symlink: /home/cc/ee106a/fa26/class/ee106a-agi/ros_workspaces/lab2/install/turtle_patrol_interface/local/lib/python3.10/dist-packages/turtle_patrol_interface/_turtle_patrol_interface_s.ep.rosidl_typesupport_c.c
[7.526s] -- Up-to-date symlink: /home/cc/ee106a/fa26/class/ee106a-agi/ros_workspaces/lab2/install/turtle_patrol_interface/local/lib/python3.10/dist-packages/turtle_patrol_interface/_turtle_patrol_interface_s.ep.rosidl_typesupport_fastrtps_c.c
[7.530s] -- Up-to-date symlink: /home/cc/ee106a/fa26/class/ee106a-agi/ros_workspaces/lab2/install/turtle_patrol_interface/local/lib/python3.10/dist-packages/turtle_patrol_interface/_turtle_patrol_interface_s.ep.rosidl_typesupport_introspection_c.c
[7.533s] -- Up-to-date symlink: /home/cc/ee106a/fa26/class/ee106a-agi/ros_workspaces/lab2/install/turtle_patrol_interface/local/lib/python3.10/dist-packages/turtle_patrol_interface/libturtle_patrol_interface__rosidl_generator_py.so
[7.536s] -- Up-to-date symlink: /home/cc/ee106a/fa26/class/ee106a-agi/ros_workspaces/lab2/install/turtle_patrol_interface/local/lib/python3.10/dist-packages/turtle_patrol_interface/srv/__init__.py
[7.540s] -- Up-to-date symlink: /home/cc/ee106a/fa26/class/ee106a-agi/ros_workspaces/lab2/install/turtle_patrol_interface/local/lib/python3.10/dist-packages/turtle_patrol_interface/srv/_patrol.py
[7.542s] -- Up-to-date symlink: /home/cc/ee106a/fa26/class/ee106a-agi/ros_workspaces/lab2/install/turtle_patrol_interface/local/lib/python3.10/dist-packages/turtle_patrol_interface/srv/_patrol_s.c
[7.546s] -- Up-to-date symlink: /home/cc/ee106a/fa26/class/ee106a-agi/ros_workspaces/lab2/install/turtle_patrol_interface/local/lib/python3.10/dist-packages/turtle_patrol_interface/turtle_patrol_interface_s__rosidl_typesupport_c.cpython-310-x86_64-linux-gnu.so
[7.549s] -- Up-to-date symlink: /home/cc/ee106a/fa26/class/ee106a-agi/ros_workspaces/lab2/install/turtle_patrol_interface/local/lib/python3.10/dist-packages/turtle_patrol_interface/turtle_patrol_interface_s__rosidl_typesupport_fastrtps_c.cpython-310-x86_64-linux-gnu.so
[7.553s] -- Up-to-date symlink: /home/cc/ee106a/fa26/class/ee106a-agi/ros_workspaces/lab2/install/turtle_patrol_interface/local/lib/python3.10/dist-packages/turtle_patrol_interface/turtle_patrol_interface_s__rosidl_typesupport_introspection_c.cpython-310-x86_64-linux-gnu.so
[7.558s] -- Up-to-date symlink: /home/cc/ee106a/fa26/class/ee106a-agi/ros_workspaces/lab2/install/turtle_patrol_interface/local/lib/python3.10/dist-packages/turtle_patrol_interface/turtle_patrol_interface_s__rosidl_typesupport_fastrtps_c.cpython-310-x86_64-linux-gnu.so
[7.562s] -- Up-to-date symlink: /home/cc/ee106a/fa26/class/ee106a-agi/ros_workspaces/lab2/install/turtle_patrol_interface/local/lib/python3.10/dist-packages/turtle_patrol_interface/turtle_patrol_interface_s__rosidl_typesupport_introspection_c.cpython-310-x86_64-linux-gnu.so
[7.566s] -- Up-to-date symlink: /home/cc/ee106a/fa26/class/ee106a-agi/ros_workspaces/lab2/install/turtle_patrol_interface/local/lib/python3.10/dist-packages/turtle_patrol_interface/turtle_patrol_interface_s__rosidl_typesupport_c.cpython-310-x86_64-linux-gnu.so
[7.570s] -- Up-to-date symlink: /home/cc/ee106a/fa26/class/ee106a-agi/ros_workspaces/lab2/install/turtle_patrol_interface/share/ament_index/resource_index/rust_packages/turtle_patrol_interface
[7.574s] -- Up-to-date symlink: /home/cc/ee106a/fa26/class/ee106a-agi/ros_workspaces/lab2/install/turtle_patrol_interface/share/turtle_patrol_interface/rust/Cargo.toml
[7.579s] -- Up-to-date symlink: /home/cc/ee106a/fa26/class/ee106a-agi/ros_workspaces/lab2/install/turtle_patrol_interface/share/turtle_patrol_interface/rust/build.rs
[7.581s] -- Up-to-date symlink: /home/cc/ee106a/fa26/class/ee106a-agi/ros_workspaces/lab2/install/turtle_patrol_interface/share/turtle_patrol_interface/rust/src/lib.rs
[7.584s] -- Up-to-date symlink: /home/cc/ee106a/fa26/class/ee106a-agi/ros_workspaces/lab2/install/turtle_patrol_interface/share/turtle_patrol_interface/rust/src/srv.rs
[7.587s] -- Up-to-date symlink: /home/cc/ee106a/fa26/class/ee106a-agi/ros_workspaces/lab2/install/turtle_patrol_interface/share/turtle_patrol_interface/rust/src/srv/rmw.rs
[7.591s] -- Up-to-date symlink: /home/cc/ee106a/fa26/class/ee106a-agi/ros_workspaces/lab2/install/turtle_patrol_interface/share/turtle_patrol_interface/srv/Patrol.idl
[7.595s] -- Up-to-date symlink: /home/cc/ee106a/fa26/class/ee106a-agi/ros_workspaces/lab2/install/turtle_patrol_interface/share/turtle_patrol_interface/srv/Patrol.srv
[7.599s] -- Up-to-date symlink: /home/cc/ee106a/fa26/class/ee106a-agi/ros_workspaces/lab2/install/turtle_patrol_interface/share/turtle_patrol_interface/srv/Patrol_Request.msg
[7.603s] -- Up-to-date symlink: /home/cc/ee106a/fa26/class/ee106a-agi/ros_workspaces/lab2/install/turtle_patrol_interface/share/turtle_patrol_interface/srv/Patrol_Response.msg
[7.606s] -- Up-to-date symlink: /home/cc/ee106a/fa26/class/ee106a-agi/ros_workspaces/lab2/install/turtle_patrol_interface/share/ament_index/resource_index/package_run_dependencies/turtle_patrol_interface
[7.610s] -- Up-to-date symlink: /home/cc/ee106a/fa26/class/ee106a-agi/ros_workspaces/lab2/install/turtle_patrol_interface/share/ament_index/resource_index/parent_prefix_path/turtle_patrol_interface
[7.613s] -- Up-to-date symlink: /home/cc/ee106a/fa26/class/ee106a-agi/ros_workspaces/lab2/install/turtle_patrol_interface/share/turtle_patrol_interface/environment/ament_prefix_path.sh
[7.616s] -- Up-to-date symlink: /home/cc/ee106a/fa26/class/ee106a-agi/ros_workspaces/lab2/install/turtle_patrol_interface/share/turtle_patrol_interface/environment/ament_prefix_path.dsv
[7.619s] -- Up-to-date symlink: /home/cc/ee106a/fa26/class/ee106a-agi/ros_workspaces/lab2/install/turtle_patrol_interface/share/turtle_patrol_interface/environment/path.sh
[7.622s] -- Up-to-date symlink: /home/cc/ee106a/fa26/class/ee106a-agi/ros_workspaces/lab2/install/turtle_patrol_interface/share/turtle_patrol_interface/environment/path.dsv
[7.625s] -- Up-to-date symlink: /home/cc/ee106a/fa26/class/ee106a-agi/ros_workspaces/lab2/install/turtle_patrol_interface/share/turtle_patrol_interface/local_setup.bash
[7.627s] -- Up-to-date symlink: /home/cc/ee106a/fa26/class/ee106a-agi/ros_workspaces/lab2/install/turtle_patrol_interface/share/turtle_patrol_interface/local_setup.sh
[7.630s] -- Up-to-date symlink: /home/cc/ee106a/fa26/class/ee106a-agi/ros_workspaces/lab2/install/turtle_patrol_interface/share/turtle_patrol_interface/local_setup.zsh
[7.634s] -- Up-to-date symlink: /home/cc/ee106a/fa26/class/ee106a-agi/ros_workspaces/lab2/install/turtle_patrol_interface/share/turtle_patrol_interface/local_setup.dsv
[7.637s] -- Symlinking: /home/cc/ee106a/fa26/class/ee106a-agi/ros_workspaces/lab2/install/turtle_patrol_interface/share/turtle_patrol_interface/package.dsv
[7.726s] -- Up-to-date symlink: /home/cc/ee106a/fa26/class/ee106a-agi/ros_workspaces/lab2/install/turtle_patrol_interface/share/ament_index/resource_index/packages/turtle_patrol_interface
[7.731s] -- Up-to-date symlink: /home/cc/ee106a/fa26/class/ee106a-agi/ros_workspaces/lab2/install/turtle_patrol_interface/share/turtle_patrol_interface/cmake/rosidl_cmake-extras.cmake
[7.732s] -- Up-to-date symlink: /home/cc/ee106a/fa26/class/ee106a-agi/ros_workspaces/lab2/install/turtle_patrol_interface/share/turtle_patrol_interface/cmake/ament_cmake_export_dependencies-extras.cmake
[7.735s] -- Up-to-date symlink: /home/cc/ee106a/fa26/class/ee106a-agi/ros_workspaces/lab2/install/turtle_patrol_interface/share/turtle_patrol_interface/cmake/ament_cmake_export_include_directories-extras.cmake
[7.737s] -- Up-to-date symlink: /home/cc/ee106a/fa26/class/ee106a-agi/ros_workspaces/lab2/install/turtle_patrol_interface/share/turtle_patrol_interface/cmake/ament_cmake_export_libraries-extras.cmake
[7.739s] -- Up-to-date symlink: /home/cc/ee106a/fa26/class/ee106a-agi/ros_workspaces/lab2/install/turtle_patrol_interface/share/turtle_patrol_interface/cmake/ament_cmake_export_targets-extras.cmake
[7.742s] -- Up-to-date symlink: /home/cc/ee106a/fa26/class/ee106a-agi/ros_workspaces/lab2/install/turtle_patrol_interface/share/turtle_patrol_interface/cmake/rosidl_cmake_export_typesupport_targets-extras.cmake
[7.746s] -- Up-to-date symlink: /home/cc/ee106a/fa26/class/ee106a-agi/ros_workspaces/lab2/install/turtle_patrol_interface/share/turtle_patrol_interface/cmake/rosidl_cmake_export_typesupport_libraries-extras.cmake
[7.747s] -- Up-to-date symlink: /home/cc/ee106a/fa26/class/ee106a-agi/ros_workspaces/lab2/install/turtle_patrol_interface/share/turtle_patrol_interface/cmake/rosidl_cmake_aggregate_target-extras.cmake
[7.750s] -- Up-to-date symlink: /home/cc/ee106a/fa26/class/ee106a-agi/ros_workspaces/lab2/install/turtle_patrol_interface/share/turtle_patrol_interface/cmake/turtle_patrol_interfaceConfig.cmake
[7.752s] -- Up-to-date symlink: /home/cc/ee106a/fa26/class/ee106a-agi/ros_workspaces/lab2/install/turtle_patrol_interface/share/turtle_patrol_interface/cmake/turtle_patrol_interfaceConfig-version.cmake
[7.755s] -- Up-to-date symlink: /home/cc/ee106a/fa26/class/ee106a-agi/ros_workspaces/lab2/install/turtle_patrol_interface/share/turtle_patrol_interface/package.xml
[7.757s] -- Up-to-date: /home/cc/ee106a/fa26/class/ee106a-agi/ros_workspaces/lab2/install/turtle_patrol_interface/lib/libturtle_patrol_interface__rosidl_generator_c.so
[7.764s] -- Up-to-date: /home/cc/ee106a/fa26/class/ee106a-agi/ros_workspaces/lab2/install/turtle_patrol_interface/lib/libturtle_patrol_interface__rosidl_typesupport_fastrtps_c.so
[7.770s] -- Up-to-date: /home/cc/ee106a/fa26/class/ee106a-agi/ros_workspaces/lab2/install/turtle_patrol_interface/lib/libturtle_patrol_interface__rosidl_typesupport_fastrtps_cpp.so
[7.781s] -- Up-to-date: /home/cc/ee106a/fa26/class/ee106a-agi/ros_workspaces/lab2/install/turtle_patrol_interface/lib/libturtle_patrol_interface__rosidl_typesupport_introspection_c.so
[7.789s] -- Up-to-date: /home/cc/ee106a/fa26/class/ee106a-agi/ros_workspaces/lab2/install/turtle_patrol_interface/lib/libturtle_patrol_interface__rosidl_typesupport_c.so
[7.797s] -- Up-to-date: /home/cc/ee106a/fa26/class/ee106a-agi/ros_workspaces/lab2/install/turtle_patrol_interface/lib/libturtle_patrol_interface__rosidl_typesupport_introspection_cpp.so
[7.806s] -- Up-to-date: /home/cc/ee106a/fa26/class/ee106a-agi/ros_workspaces/lab2/install/turtle_patrol_interface/lib/libturtle_patrol_interface__rosidl_typesupport_cpp.so
[8.025s] Listing '/home/cc/ee106a/fa26/class/ee106a-agi/ros_workspaces/lab2/install/turtle_patrol_interface/local/lib/python3.10/dist-packages/turtle_patrol_interface'...
[8.027s] Listing '/home/cc/ee106a/fa26/class/ee106a-agi/ros_workspaces/lab2/install/turtle_patrol_interface/local/lib/python3.10/dist-packages/turtle_patrol_interface/srv'...
[8.041s] -- Up-to-date: /home/cc/ee106a/fa26/class/ee106a-agi/ros_workspaces/lab2/install/turtle_patrol_interface/lib/libturtle_patrol_interface__rosidl_generator_py.so
[8.056s] -- Up-to-date: /home/cc/ee106a/fa26/class/ee106a-agi/ros_workspaces/lab2/install/turtle_patrol_interface/share/turtle_patrol_interface/cmake/export_turtle_patrol_interface__rosidl_generator_cExport.cmake
[8.059s] -- Up-to-date: /home/cc/ee106a/fa26/class/ee106a-agi/ros_workspaces/lab2/install/turtle_patrol_interface/share/turtle_patrol_interface/cmake/export_turtle_patrol_interface__rosidl_generator_cExport-noconfig.cmake
[8.067s] -- Up-to-date: /home/cc/ee106a/fa26/class/ee106a-agi/ros_workspaces/lab2/install/turtle_patrol_interface/share/turtle_patrol_interface/cmake/export_turtle_patrol_interface__rosidl_typesupport_fastrtps_cExport.cmake
[8.069s] -- Up-to-date: /home/cc/ee106a/fa26/class/ee106a-agi/ros_workspaces/lab2/install/turtle_patrol_interface/share/turtle_patrol_interface/cmake/export_turtle_patrol_interface__rosidl_typesupport_fastrtps_cExport-noconfig.cmake
[8.078s] -- Up-to-date: /home/cc/ee106a/fa26/class/ee106a-agi/ros_workspaces/lab2/install/turtle_patrol_interface/share/turtle_patrol_interface/cmake/export_turtle_patrol_interface__rosidl_generator_cppExport.cmake
[8.082s] -- Up-to-date: /home/cc/ee106a/fa26/class/ee106a-agi/ros_workspaces/lab2/install/turtle_patrol_interface/share/turtle_patrol_interface/cmake/export_turtle_patrol_interface__rosidl_typesupport_fastrtps_cppExport.cmake
[8.086s] -- Up-to-date: /home/cc/ee106a/fa26/class/ee106a-agi/ros_workspaces/lab2/install/turtle_patrol_interface/share/turtle_patrol_interface/cmake/export_turtle_patrol_interface__rosidl_typesupport_fastrtps_cppExport-noconfig.cmake
[8.093s] -- Up-to-date: /home/cc/ee106a/fa26/class/ee106a-agi/ros_workspaces/lab2/install/turtle_patrol_interface/share/turtle_patrol_interface/cmake/turtle_patrol_interface__rosidl_typesupport_introspection_cExport.cmake
[8.094s] -- Up-to-date: /home/cc/ee106a/fa26/class/ee106a-agi/ros_workspaces/lab2/install/turtle_patrol_interface/share/turtle_patrol_interface/cmake/turtle_patrol_interface__rosidl_typesupport_introspection_cExport-noconfig.cmake
[8.101s] -- Up-to-date: /home/cc/ee106a/fa26/class/ee106a-agi/ros_workspaces/lab2/install/turtle_patrol_interface/share/turtle_patrol_interface/cmake/turtle_patrol_interface__rosidl_typesupport_cExport.cmake
[8.104s] -- Up-to-date: /home/cc/ee106a/fa26/class/ee106a-agi/ros_workspaces/lab2/install/turtle_patrol_interface/share/turtle_patrol_interface/cmake/turtle_patrol_interface__rosidl_typesupport_cExport-noconfig.cmake
[8.109s] -- Up-to-date: /home/cc/ee106a/fa26/class/ee106a-agi/ros_workspaces/lab2/install/turtle_patrol_interface/share/turtle_patrol_interface/cmake/turtle_patrol_interface__rosidl_typesupport_introspection_cppExport.cmake
[8.114s] -- Up-to-date: /home/cc/ee106a/fa26/class/ee106a-agi/ros_workspaces/lab2/install/turtle_patrol_interface/share/turtle_patrol_interface/cmake/turtle_patrol_interface__rosidl_typesupport_introspection_cppExport-noconfig.cmake
[8.119s] -- Up-to-date: /home/cc/ee106a/fa26/class/ee106a-agi/ros_workspaces/lab2/install/turtle_patrol_interface/share/turtle_patrol_interface/cmake/turtle_patrol_interface__rosidl_typesupport_cppExport.cmake
[8.121s] -- Up-to-date: /home/cc/ee106a/fa26/class/ee106a-agi/ros_workspaces/lab2/install/turtle_patrol_interface/share/turtle_patrol_interface/cmake/turtle_patrol_interface__rosidl_typesupport_cppExport-noconfig.cmake
[8.127s] -- Up-to-date: /home/cc/ee106a/fa26/class/ee106a-agi/ros_workspaces/lab2/install/turtle_patrol_interface/share/turtle_patrol_interface/cmake/export_turtle_patrol_interface__rosidl_generator_pyExport.cmake
[8.131s] -- Up-to-date: /home/cc/ee106a/fa26/class/ee106a-agi/ros_workspaces/lab2/install/turtle_patrol_interface/share/turtle_patrol_interface/cmake/export_turtle_patrol_interface__rosidl_generator_pyExport-noconfig.cmake
[8.151s] Invoked command in '/home/cc/ee106a/fa26/class/ee106a-agi/ros_workspaces/lab2/build/turtle_patrol_interface' returned '0': CMAKE_PREFIX_PATH=/home/ff/ee106a/robot_workspaces/ur/install/ur7e_utils:/opt/ros/humble /usr/bin/cmake --install /home/cc/ee106a/fa26/class/ee106a-agi/ros_workspaces/lab2/build/turtle_patrol_interface
