[0.000000] (-) TimerEvent: {}
[0.000298] (-) JobUnselected: {'identifier': 'lab2_turtlesim'}
[0.000358] (-) JobUnselected: {'identifier': 'turtle_patrol_interface'}
[0.000399] (turtle_patrol) JobQueued: {'identifier': 'turtle_patrol', 'dependencies': OrderedDict()}
[0.000440] (turtle_patrol) JobStarted: {'identifier': 'turtle_patrol'}
[0.101949] (-) TimerEvent: {}
[0.202679] (-) TimerEvent: {}
[0.303484] (-) TimerEvent: {}
[0.404281] (-) TimerEvent: {}
[0.505083] (-) TimerEvent: {}
[0.605876] (-) TimerEvent: {}
[0.706570] (-) TimerEvent: {}
[0.807530] (-) TimerEvent: {}
[0.908469] (-) TimerEvent: {}
[1.009177] (-) TimerEvent: {}
[1.109932] (-) TimerEvent: {}
[1.210595] (-) TimerEvent: {}
[1.311236] (-) TimerEvent: {}
[1.411972] (-) TimerEvent: {}
[1.512712] (-) TimerEvent: {}
[1.613597] (-) TimerEvent: {}
[1.714275] (-) TimerEvent: {}
[1.814876] (-) TimerEvent: {}
[1.915565] (-) TimerEvent: {}
[2.016357] (-) TimerEvent: {}
[2.117203] (-) TimerEvent: {}
[2.217942] (-) TimerEvent: {}
[2.319150] (-) TimerEvent: {}
[2.419915] (-) TimerEvent: {}
[2.520558] (-) TimerEvent: {}
[2.621315] (-) TimerEvent: {}
[2.722000] (-) TimerEvent: {}
[2.822703] (-) TimerEvent: {}
[2.923522] (-) TimerEvent: {}
[3.024364] (-) TimerEvent: {}
[3.125286] (-) TimerEvent: {}
[3.226717] (-) TimerEvent: {}
[3.327721] (-) TimerEvent: {}
[3.428601] (-) TimerEvent: {}
[3.529241] (-) TimerEvent: {}
[3.629937] (-) TimerEvent: {}
[3.730580] (-) TimerEvent: {}
[3.831308] (-) TimerEvent: {}
[3.932062] (-) TimerEvent: {}
[4.032843] (-) TimerEvent: {}
[4.133501] (-) TimerEvent: {}
[4.234222] (-) TimerEvent: {}
[4.334955] (-) TimerEvent: {}
[4.435591] (-) TimerEvent: {}
[4.536306] (-) TimerEvent: {}
[4.637016] (-) TimerEvent: {}
[4.737671] (-) TimerEvent: {}
[4.838421] (-) TimerEvent: {}
[4.939197] (-) TimerEvent: {}
[5.039960] (-) TimerEvent: {}
[5.140709] (-) TimerEvent: {}
[5.242099] (-) TimerEvent: {}
[5.343094] (-) TimerEvent: {}
[5.391399] (turtle_patrol) Command: {'cmd': ['/usr/bin/python3', '-W', 'ignore:setup.py install is deprecated', '-W', 'ignore:easy_install command is deprecated', 'setup.py', 'develop', '--editable', '--build-directory', '/home/cc/ee106a/fa26/class/ee106a-agi/ros_workspaces/lab2/build/turtle_patrol/build', '--no-deps', 'symlink_data'], 'cwd': '/home/cc/ee106a/fa26/class/ee106a-agi/ros_workspaces/lab2/build/turtle_patrol', 'env': {'ARCH': 'x86_64', 'QT_SCALE_FACTOR': '1', 'USER': 'ee106a-agi', 'HOSTNAME': 'lab12', 'SSH_AGENT_PID': '135874', 'XDG_SESSION_TYPE': 'x11', 'MASTERDIR': '/home/ff/ee106a', 'XDG_CACHE_HOME': '/home/cc/ee106a/fa26/class/ee106a-agi/.cache', 'SHLVL': '2', 'LD_LIBRARY_PATH': '/usr/lib/x86_64-linux-gnu/gazebo-11/plugins:/opt/ros/humble/opt/rviz_ogre_vendor/lib:/opt/ros/humble/lib/x86_64-linux-gnu:/opt/ros/humble/lib', 'HOME': '/home/cc/ee106a/fa26/class/ee106a-agi', 'OLDPWD': '/home/cc/ee106a/fa26/class/ee106a-agi', 'ROS_PYTHON_VERSION': '3', 'GTK_MODULES': 'appmenu-gtk-module:gail:atk-bridge', 'DISTROBOX_ENTER_PATH': '/usr/local/bin/distrobox-enter', 'XRDP_PULSE_SOURCE_SOCKET': 'xrdp_chansrv_audio_in_socket_80', 'NNTPSERVER': 'news.csua.berkeley.edu', 'VISUAL': 'emacs', 'XRDP_PULSE_SINK_SOCKET': 'xrdp_chansrv_audio_out_socket_80', 'XDG_STATE_HOME': '/home/cc/ee106a/fa26/class/ee106a-agi/.local/state', 'DBUS_SESSION_BUS_ADDRESS': 'unix:path=/run/user/91029/bus', 'COLORTERM': 'truecolor', 'container': 'podman', 'LIBVIRT_DEFAULT_URI': 'qemu:///system', 'UBUNTU_MENUPROXY': '1', 'PULSE_SCRIPT': '/etc/xrdp/pulse/default.pa', 'COLCON_PREFIX_PATH': '/home/ff/ee106a/robot_workspaces/ur/install', 'ROS_DISTRO': 'humble', 'GTK_IM_MODULE': 'ibus', 'LOGNAME': 'ee106a-agi', 'MASTER': 'ee106a', 'WINDOWID': '46137350', 'ROS_VERSION': '2', 'XDG_SESSION_CLASS': 'user', 'TERMINFO_DIRS': '/usr/share/terminfo:/run/host/usr/share/terminfo', 'TERM': 'xterm-256color', 'GTK_OVERLAY_SCROLLING': '0', 'XDG_SESSION_ID': 'c16', 'ROS_LOCALHOST_ONLY': '0', 'GTK2_MODULES': 'overlay-scrollbar', 'PATH': '/opt/ros/humble/bin:/share/b/grading/bin:/home/ff/ee106a/bin:/home/ff/ee106a/bin/arch/x86_64:/share/b/grading/bin:/home/ff/ee106a/bin:/home/ff/ee106a/bin/arch/x86_64:/usr/local/sbin:/usr/local/bin:/usr/sbin:/usr/bin:/sbin:/bin:/usr/games:/usr/local/games:/snap/bin:/share/b/grading/bin:/share/b/grading/sbin:/share/b/runas/x86_64:/share/b/bin:/home/ff/ee106a/venvs/all:/usr/local/sbin:/usr/local/bin:/usr/sbin:/usr/bin:/sbin:/bin:/share/b/grading/bin:/share/b/grading/sbin:/share/b/runas/x86_64:/share/b/bin:/home/ff/ee106a/venvs/all', 'SESSION_MANAGER': 'local/derby:@/tmp/.ICE-unix/135561,unix/derby:/tmp/.ICE-unix/135561', 'OS': 'Linux', 'XRDP_SOCKET_PATH': '/run/xrdp/sockdir', 'XDG_RUNTIME_DIR': '/run/user/91029', 'DISPLAY': ':80.0', 'LANG': 'en_US.UTF-8', 'XDG_CURRENT_DESKTOP': 'MATE', 'XDG_DATA_HOME': '/home/cc/ee106a/fa26/class/ee106a-agi/.local/share', 'XDG_CONFIG_HOME': '/home/cc/ee106a/fa26/class/ee106a-agi/.config', 'XMODIFIERS': '@im=ibus', 'SSH_AUTH_SOCK': '/run/user/91029/keyring/ssh', 'AMENT_PREFIX_PATH': '/home/ff/ee106a/robot_workspaces/ur/install/ur7e_utils:/opt/ros/humble', 'UID': '91029', 'SHELL': '/usr/bin/bash', 'QT_ACCESSIBILITY': '1', 'RUNAS': '/share/b/runas/x86_64', 'XRDP_SESSION': '1', 'GPG_AGENT_INFO': '/run/user/91029/gnupg/S.gpg-agent:0:1', 'CONFIG_SHELL': '/usr/bin/ksh', 'QT_IM_MODULE': 'ibus', 'PWD': '/home/cc/ee106a/fa26/class/ee106a-agi/ros_workspaces/lab2/build/turtle_patrol', 'EE106_ENV_SETUP': 'lab12', 'CONTAINER_ID': 'lab12', 'LC_ALL': 'C.UTF-8', 'XDG_CONFIG_DIRS': '/etc/xdg', 'CLUTTER_IM_MODULE': 'ibus', 'XDG_DATA_DIRS': '/usr/share/mate:/usr/share/gnome:/home/cc/ee106a/fa26/class/ee106a-agi/.local/share/flatpak/exports/share:/var/lib/flatpak/exports/share:/usr/local/share:/usr/share:/var/lib/snapd/desktop', 'PYTHONPATH': '/home/cc/ee106a/fa26/class/ee106a-agi/ros_workspaces/lab2/build/turtle_patrol/prefix_override:/usr/lib/python3/dist-packages/colcon_core/task/python/colcon_distutils_commands:/home/cc/ee106a/fa26/class/ee106a-agi/ros_workspaces/lab2/install/turtle_patrol/lib/python3.10/site-packages:/home/ff/ee106a/robot_workspaces/ur/install/ur7e_utils/lib/python3.10/site-packages:/opt/ros/humble/lib/python3.10/site-packages:/opt/ros/humble/local/lib/python3.10/dist-packages', 'MATE_DESKTOP_SESSION_ID': 'this-is-deprecated', 'COLCON': '1', 'MANPATH': '/usr/local/man:/usr/man:/usr/X11/man:/usr/local/man:/share/b/grading/man:/usr/local/man:/usr/man:/usr/X11/man:/usr/local/man:/share/b/grading/man:', 'VTE_VERSION': '6800', 'EDITOR': 'emacs', 'QT_FONT_DPI': '96'}, 'shell': False}
[5.443292] (-) TimerEvent: {}
[5.544059] (-) TimerEvent: {}
[5.644805] (-) TimerEvent: {}
[5.745444] (-) TimerEvent: {}
[5.847097] (-) TimerEvent: {}
[5.947890] (-) TimerEvent: {}
[6.048593] (-) TimerEvent: {}
[6.149345] (-) TimerEvent: {}
[6.250117] (-) TimerEvent: {}
[6.350841] (-) TimerEvent: {}
[6.451529] (-) TimerEvent: {}
[6.552311] (-) TimerEvent: {}
[6.653114] (-) TimerEvent: {}
[6.753906] (-) TimerEvent: {}
[6.854546] (-) TimerEvent: {}
[6.876561] (turtle_patrol) StdoutLine: {'line': b'running develop\n'}
[6.954795] (-) TimerEvent: {}
[7.055369] (-) TimerEvent: {}
[7.155992] (-) TimerEvent: {}
[7.256663] (-) TimerEvent: {}
[7.357428] (-) TimerEvent: {}
[7.458267] (-) TimerEvent: {}
[7.559042] (-) TimerEvent: {}
[7.659899] (-) TimerEvent: {}
[7.760609] (-) TimerEvent: {}
[7.861324] (-) TimerEvent: {}
[7.906034] (turtle_patrol) StdoutLine: {'line': b'running egg_info\n'}
[7.906654] (turtle_patrol) StdoutLine: {'line': b'creating turtle_patrol.egg-info\n'}
[7.909713] (turtle_patrol) StdoutLine: {'line': b'writing turtle_patrol.egg-info/PKG-INFO\n'}
[7.918490] (turtle_patrol) StdoutLine: {'line': b'writing dependency_links to turtle_patrol.egg-info/dependency_links.txt\n'}
[7.923309] (turtle_patrol) StdoutLine: {'line': b'writing entry points to turtle_patrol.egg-info/entry_points.txt\n'}
[7.927652] (turtle_patrol) StdoutLine: {'line': b'writing requirements to turtle_patrol.egg-info/requires.txt\n'}
[7.930282] (turtle_patrol) StdoutLine: {'line': b'writing top-level names to turtle_patrol.egg-info/top_level.txt\n'}
[7.934893] (turtle_patrol) StdoutLine: {'line': b"writing manifest file 'turtle_patrol.egg-info/SOURCES.txt'\n"}
[7.949673] (turtle_patrol) StdoutLine: {'line': b"reading manifest file 'turtle_patrol.egg-info/SOURCES.txt'\n"}
[7.952854] (turtle_patrol) StdoutLine: {'line': b"writing manifest file 'turtle_patrol.egg-info/SOURCES.txt'\n"}
[7.959608] (turtle_patrol) StdoutLine: {'line': b'running build_ext\n'}
[7.960451] (turtle_patrol) StdoutLine: {'line': b'Creating /home/cc/ee106a/fa26/class/ee106a-agi/ros_workspaces/lab2/install/turtle_patrol/lib/python3.10/site-packages/turtle-patrol.egg-link (link to .)\n'}
[7.961705] (-) TimerEvent: {}
[7.967036] (turtle_patrol) StdoutLine: {'line': b'Installing multi_patrol_client script to /home/cc/ee106a/fa26/class/ee106a-agi/ros_workspaces/lab2/install/turtle_patrol/lib/turtle_patrol\n'}
[7.974127] (turtle_patrol) StdoutLine: {'line': b'Installing multi_patrol_server script to /home/cc/ee106a/fa26/class/ee106a-agi/ros_workspaces/lab2/install/turtle_patrol/lib/turtle_patrol\n'}
[7.980022] (turtle_patrol) StdoutLine: {'line': b'Installing patrol_client script to /home/cc/ee106a/fa26/class/ee106a-agi/ros_workspaces/lab2/install/turtle_patrol/lib/turtle_patrol\n'}
[7.984980] (turtle_patrol) StdoutLine: {'line': b'Installing patrol_client_sol script to /home/cc/ee106a/fa26/class/ee106a-agi/ros_workspaces/lab2/install/turtle_patrol/lib/turtle_patrol\n'}
[7.990817] (turtle_patrol) StdoutLine: {'line': b'Installing patrol_server script to /home/cc/ee106a/fa26/class/ee106a-agi/ros_workspaces/lab2/install/turtle_patrol/lib/turtle_patrol\n'}
[7.996234] (turtle_patrol) StdoutLine: {'line': b'Installing patrol_server_sol script to /home/cc/ee106a/fa26/class/ee106a-agi/ros_workspaces/lab2/install/turtle_patrol/lib/turtle_patrol\n'}
[8.001502] (turtle_patrol) StdoutLine: {'line': b'\n'}
[8.002353] (turtle_patrol) StdoutLine: {'line': b'Installed /home/cc/ee106a/fa26/class/ee106a-agi/ros_workspaces/lab2/build/turtle_patrol\n'}
[8.002661] (turtle_patrol) StdoutLine: {'line': b'running symlink_data\n'}
[8.003916] (turtle_patrol) StdoutLine: {'line': b'creating /home/cc/ee106a/fa26/class/ee106a-agi/ros_workspaces/lab2/install/turtle_patrol/share/ament_index\n'}
[8.004234] (turtle_patrol) StdoutLine: {'line': b'creating /home/cc/ee106a/fa26/class/ee106a-agi/ros_workspaces/lab2/install/turtle_patrol/share/ament_index/resource_index\n'}
[8.006045] (turtle_patrol) StdoutLine: {'line': b'creating /home/cc/ee106a/fa26/class/ee106a-agi/ros_workspaces/lab2/install/turtle_patrol/share/ament_index/resource_index/packages\n'}
[8.008497] (turtle_patrol) StdoutLine: {'line': b'symbolically linking /home/cc/ee106a/fa26/class/ee106a-agi/ros_workspaces/lab2/build/turtle_patrol/resource/turtle_patrol -> /home/cc/ee106a/fa26/class/ee106a-agi/ros_workspaces/lab2/install/turtle_patrol/share/ament_index/resource_index/packages\n'}
[8.010324] (turtle_patrol) StdoutLine: {'line': b'symbolically linking /home/cc/ee106a/fa26/class/ee106a-agi/ros_workspaces/lab2/build/turtle_patrol/package.xml -> /home/cc/ee106a/fa26/class/ee106a-agi/ros_workspaces/lab2/install/turtle_patrol/share/turtle_patrol\n'}
[8.062020] (-) TimerEvent: {}
[8.064825] (turtle_patrol) CommandEnded: {'returncode': 0}
[8.162149] (-) TimerEvent: {}
[8.192374] (turtle_patrol) JobEnded: {'identifier': 'turtle_patrol', 'rc': 0}
[8.199927] (-) EventReactorShutdown: {}
