[0.718s] Invoking command in '/home/cc/ee106a/fa26/class/ee106a-agi/ros_workspaces/build/turtle_patrol_interface': CMAKE_PREFIX_PATH=/home/ff/ee106a/robot_workspaces/ur/install/ur7e_utils:/opt/ros/humble /usr/bin/cmake /home/cc/ee106a/fa26/class/ee106a-agi/ros_workspaces/lab2/src/turtle_patrol_interface -DCMAKE_INSTALL_PREFIX=/home/cc/ee106a/fa26/class/ee106a-agi/ros_workspaces/install/turtle_patrol_interface
[1.992s] -- The C compiler identification is GNU 11.4.0
[2.243s] -- The CXX compiler identification is GNU 11.4.0
[2.309s] -- Detecting C compiler ABI info
[2.677s] -- Detecting C compiler ABI info - done
[2.686s] -- Check for working C compiler: /usr/bin/cc - skipped
[2.687s] -- Detecting C compile features
[2.688s] -- Detecting C compile features - done
[2.727s] -- Detecting CXX compiler ABI info
[3.057s] -- Detecting CXX compiler ABI info - done
[3.080s] -- Check for working CXX compiler: /usr/bin/c++ - skipped
[3.081s] -- Detecting CXX compile features
[3.081s] -- Detecting CXX compile features - done
[3.132s] -- Found ament_cmake: 1.3.14 (/opt/ros/humble/share/ament_cmake/cmake)
[3.492s] -- Found Python3: /usr/bin/python3 (found version "3.10.12") found components: Interpreter 
[3.884s] -- Found geometry_msgs: 4.9.2 (/opt/ros/humble/share/geometry_msgs/cmake)
[4.184s] -- Found rosidl_generator_c: 3.1.9 (/opt/ros/humble/share/rosidl_generator_c/cmake)
[4.206s] -- Found rosidl_adapter: 3.1.9 (/opt/ros/humble/share/rosidl_adapter/cmake)
[4.239s] -- Found rosidl_generator_cpp: 3.1.9 (/opt/ros/humble/share/rosidl_generator_cpp/cmake)
[4.306s] -- Using all available rosidl_typesupport_c: rosidl_typesupport_fastrtps_c;rosidl_typesupport_introspection_c
[4.361s] -- Using all available rosidl_typesupport_cpp: rosidl_typesupport_fastrtps_cpp;rosidl_typesupport_introspection_cpp
[4.407s] -- Found rosidl_default_generators: 1.2.1 (/opt/ros/humble/share/rosidl_default_generators/cmake)
[5.394s] -- Found ament_cmake_ros: 0.10.0 (/opt/ros/humble/share/ament_cmake_ros/cmake)
[7.714s] -- Using all available rosidl_typesupport_c: rosidl_typesupport_fastrtps_c;rosidl_typesupport_introspection_c
[8.473s] -- Using all available rosidl_typesupport_cpp: rosidl_typesupport_fastrtps_cpp;rosidl_typesupport_introspection_cpp
[8.539s] -- Found PythonInterp: /usr/bin/python3 (found suitable version "3.10.12", minimum required is "3.6") 
[8.544s] -- Found python_cmake_module: 0.10.0 (/opt/ros/humble/share/python_cmake_module/cmake)
[8.636s] -- Found PythonLibs: /usr/lib/x86_64-linux-gnu/libpython3.10.so (found suitable version "3.10.12", minimum required is "3.5") 
[8.639s] -- Using PYTHON_EXECUTABLE: /usr/bin/python3
[8.639s] -- Using PYTHON_INCLUDE_DIRS: /usr/include/python3.10
[8.639s] -- Using PYTHON_LIBRARIES: /usr/lib/x86_64-linux-gnu/libpython3.10.so
[8.686s] -- Found PythonExtra: .so  
[9.567s] -- Found ament_lint_auto: 0.12.15 (/opt/ros/humble/share/ament_lint_auto/cmake)
[10.167s] -- Added test 'lint_cmake' to check CMake code style
[10.181s] -- Added test 'xmllint' to check XML markup files
[10.330s] -- Configuring done
[11.511s] -- Generating done
[11.815s] -- Build files have been written to: /home/cc/ee106a/fa26/class/ee106a-agi/ros_workspaces/build/turtle_patrol_interface
[11.830s] Invoked command in '/home/cc/ee106a/fa26/class/ee106a-agi/ros_workspaces/build/turtle_patrol_interface' returned '0': CMAKE_PREFIX_PATH=/home/ff/ee106a/robot_workspaces/ur/install/ur7e_utils:/opt/ros/humble /usr/bin/cmake /home/cc/ee106a/fa26/class/ee106a-agi/ros_workspaces/lab2/src/turtle_patrol_interface -DCMAKE_INSTALL_PREFIX=/home/cc/ee106a/fa26/class/ee106a-agi/ros_workspaces/install/turtle_patrol_interface
[11.838s] Invoking command in '/home/cc/ee106a/fa26/class/ee106a-agi/ros_workspaces/build/turtle_patrol_interface': CMAKE_PREFIX_PATH=/home/ff/ee106a/robot_workspaces/ur/install/ur7e_utils:/opt/ros/humble /usr/bin/cmake --build /home/cc/ee106a/fa26/class/ee106a-agi/ros_workspaces/build/turtle_patrol_interface -- -j32 -l32
[12.055s] [  3%] [34m[1mGenerating C code for ROS interfaces[0m
[12.095s] [  9%] [34m[1mGenerating Rust code for ROS interfaces[0m
[12.097s] [  9%] [34m[1mGenerating C++ code for ROS interfaces[0m
[12.117s] [  9%] Built target ament_cmake_python_copy_turtle_patrol_interface
[12.323s] [  9%] Built target turtle_patrol_interface__rs
[12.328s] [  9%] Built target turtle_patrol_interface__cpp
[12.337s] [ 12%] [32mBuilding C object CMakeFiles/turtle_patrol_interface__rosidl_generator_c.dir/rosidl_generator_c/turtle_patrol_interface/srv/detail/patrol__functions.c.o[0m
[12.342s] running egg_info
[12.343s] creating turtle_patrol_interface.egg-info
[12.347s] writing turtle_patrol_interface.egg-info/PKG-INFO
[12.349s] [ 21%] [34m[1mGenerating C++ introspection for ROS interfaces[0m
[12.350s] [ 21%] [34m[1mGenerating C++ type support for eProsima Fast-RTPS[0m
[12.351s] writing dependency_links to turtle_patrol_interface.egg-info/dependency_links.txt
[12.351s] [ 21%] [34m[1mGenerating C++ type support dispatch for ROS interfaces[0m
[12.354s] writing top-level names to turtle_patrol_interface.egg-info/top_level.txt
[12.358s] writing manifest file 'turtle_patrol_interface.egg-info/SOURCES.txt'
[12.374s] reading manifest file 'turtle_patrol_interface.egg-info/SOURCES.txt'
[12.377s] writing manifest file 'turtle_patrol_interface.egg-info/SOURCES.txt'
[12.550s] [ 21%] Built target ament_cmake_python_build_turtle_patrol_interface_egg
[12.604s] [ 25%] [32m[1mLinking C shared library libturtle_patrol_interface__rosidl_generator_c.so[0m
[12.659s] [ 25%] Built target turtle_patrol_interface__rosidl_generator_c
[12.686s] [ 34%] [34m[1mGenerating C type support for eProsima Fast-RTPS[0m
[12.686s] [ 34%] [34m[1mGenerating C introspection for ROS interfaces[0m
[12.688s] [ 34%] [34m[1mGenerating C type support dispatch for ROS interfaces[0m
[12.725s] [ 37%] [32mBuilding CXX object CMakeFiles/turtle_patrol_interface__rosidl_typesupport_cpp.dir/rosidl_typesupport_cpp/turtle_patrol_interface/srv/patrol__type_support.cpp.o[0m
[12.763s] [ 43%] [32mBuilding CXX object CMakeFiles/turtle_patrol_interface__rosidl_typesupport_introspection_cpp.dir/rosidl_typesupport_introspection_cpp/turtle_patrol_interface/srv/detail/patrol__type_support.cpp.o[0m
[12.764s] [ 43%] [32mBuilding CXX object CMakeFiles/turtle_patrol_interface__rosidl_typesupport_fastrtps_cpp.dir/rosidl_typesupport_fastrtps_cpp/turtle_patrol_interface/srv/detail/dds_fastrtps/patrol__type_support.cpp.o[0m
[12.946s] [ 46%] [32mBuilding CXX object CMakeFiles/turtle_patrol_interface__rosidl_typesupport_c.dir/rosidl_typesupport_c/turtle_patrol_interface/srv/patrol__type_support.cpp.o[0m
[12.970s] [ 53%] [32mBuilding C object CMakeFiles/turtle_patrol_interface__rosidl_typesupport_introspection_c.dir/rosidl_typesupport_introspection_c/turtle_patrol_interface/srv/detail/patrol__type_support.c.o[0m
[12.971s] [ 53%] [32mBuilding CXX object CMakeFiles/turtle_patrol_interface__rosidl_typesupport_fastrtps_c.dir/rosidl_typesupport_fastrtps_c/turtle_patrol_interface/srv/detail/patrol__type_support_c.cpp.o[0m
[12.997s] [ 56%] [32m[1mLinking CXX shared library libturtle_patrol_interface__rosidl_typesupport_c.so[0m
[13.027s] [ 62%] [32m[1mLinking C shared library libturtle_patrol_interface__rosidl_typesupport_introspection_c.so[0m
[13.029s] [ 62%] [32m[1mLinking CXX shared library libturtle_patrol_interface__rosidl_typesupport_cpp.so[0m
[13.067s] [ 62%] Built target turtle_patrol_interface__rosidl_typesupport_c
[13.089s] [ 62%] Built target turtle_patrol_interface__rosidl_typesupport_introspection_c
[13.090s] [ 62%] Built target turtle_patrol_interface__rosidl_typesupport_cpp
[13.116s] [ 65%] [32m[1mLinking CXX shared library libturtle_patrol_interface__rosidl_typesupport_introspection_cpp.so[0m
[13.170s] [ 68%] [32m[1mLinking CXX shared library libturtle_patrol_interface__rosidl_typesupport_fastrtps_cpp.so[0m
[13.196s] [ 68%] Built target turtle_patrol_interface__rosidl_typesupport_introspection_cpp
[13.252s] [ 71%] [32m[1mLinking CXX shared library libturtle_patrol_interface__rosidl_typesupport_fastrtps_c.so[0m
[13.259s] [ 71%] Built target turtle_patrol_interface__rosidl_typesupport_fastrtps_cpp
[13.380s] [ 71%] Built target turtle_patrol_interface__rosidl_typesupport_fastrtps_c
[13.439s] [ 71%] Built target turtle_patrol_interface
[13.494s] [ 75%] [34m[1mGenerating Python code for ROS interfaces[0m
[13.822s] [ 75%] Built target turtle_patrol_interface__py
[13.890s] [ 78%] [32mBuilding C object CMakeFiles/turtle_patrol_interface__rosidl_generator_py.dir/rosidl_generator_py/turtle_patrol_interface/srv/_patrol_s.c.o[0m
[14.119s] [ 81%] [32m[1mLinking C shared library rosidl_generator_py/turtle_patrol_interface/libturtle_patrol_interface__rosidl_generator_py.so[0m
[14.237s] [ 81%] Built target turtle_patrol_interface__rosidl_generator_py
[14.321s] [ 90%] [32mBuilding C object CMakeFiles/turtle_patrol_interface__rosidl_typesupport_c__pyext.dir/rosidl_generator_py/turtle_patrol_interface/_turtle_patrol_interface_s.ep.rosidl_typesupport_c.c.o[0m
[14.321s] [ 90%] [32mBuilding C object CMakeFiles/turtle_patrol_interface__rosidl_typesupport_fastrtps_c__pyext.dir/rosidl_generator_py/turtle_patrol_interface/_turtle_patrol_interface_s.ep.rosidl_typesupport_fastrtps_c.c.o[0m
[14.323s] [ 90%] [32mBuilding C object CMakeFiles/turtle_patrol_interface__rosidl_typesupport_introspection_c__pyext.dir/rosidl_generator_py/turtle_patrol_interface/_turtle_patrol_interface_s.ep.rosidl_typesupport_introspection_c.c.o[0m
[14.441s] [ 96%] [32m[1mLinking C shared library rosidl_generator_py/turtle_patrol_interface/turtle_patrol_interface_s__rosidl_typesupport_fastrtps_c.cpython-310-x86_64-linux-gnu.so[0m
[14.443s] [100%] [32m[1mLinking C shared library rosidl_generator_py/turtle_patrol_interface/turtle_patrol_interface_s__rosidl_typesupport_c.cpython-310-x86_64-linux-gnu.so[0m
[14.445s] [100%] [32m[1mLinking C shared library rosidl_generator_py/turtle_patrol_interface/turtle_patrol_interface_s__rosidl_typesupport_introspection_c.cpython-310-x86_64-linux-gnu.so[0m
[14.512s] [100%] Built target turtle_patrol_interface__rosidl_typesupport_c__pyext
[14.512s] [100%] Built target turtle_patrol_interface__rosidl_typesupport_introspection_c__pyext
[14.512s] [100%] Built target turtle_patrol_interface__rosidl_typesupport_fastrtps_c__pyext
[14.585s] Invoked command in '/home/cc/ee106a/fa26/class/ee106a-agi/ros_workspaces/build/turtle_patrol_interface' returned '0': CMAKE_PREFIX_PATH=/home/ff/ee106a/robot_workspaces/ur/install/ur7e_utils:/opt/ros/humble /usr/bin/cmake --build /home/cc/ee106a/fa26/class/ee106a-agi/ros_workspaces/build/turtle_patrol_interface -- -j32 -l32
[14.627s] Invoking command in '/home/cc/ee106a/fa26/class/ee106a-agi/ros_workspaces/build/turtle_patrol_interface': CMAKE_PREFIX_PATH=/home/ff/ee106a/robot_workspaces/ur/install/ur7e_utils:/opt/ros/humble /usr/bin/cmake --install /home/cc/ee106a/fa26/class/ee106a-agi/ros_workspaces/build/turtle_patrol_interface
[14.653s] -- Install configuration: ""
[14.673s] -- Installing: /home/cc/ee106a/fa26/class/ee106a-agi/ros_workspaces/install/turtle_patrol_interface/share/ament_index/resource_index/rosidl_interfaces/turtle_patrol_interface
[14.759s] -- Installing: /home/cc/ee106a/fa26/class/ee106a-agi/ros_workspaces/install/turtle_patrol_interface/include/turtle_patrol_interface/turtle_patrol_interface
[14.767s] -- Installing: /home/cc/ee106a/fa26/class/ee106a-agi/ros_workspaces/install/turtle_patrol_interface/include/turtle_patrol_interface/turtle_patrol_interface/srv
[14.773s] -- Installing: /home/cc/ee106a/fa26/class/ee106a-agi/ros_workspaces/install/turtle_patrol_interface/include/turtle_patrol_interface/turtle_patrol_interface/srv/patrol.h
[14.780s] -- Installing: /home/cc/ee106a/fa26/class/ee106a-agi/ros_workspaces/install/turtle_patrol_interface/include/turtle_patrol_interface/turtle_patrol_interface/srv/detail
[14.787s] -- Installing: /home/cc/ee106a/fa26/class/ee106a-agi/ros_workspaces/install/turtle_patrol_interface/include/turtle_patrol_interface/turtle_patrol_interface/srv/detail/patrol__functions.h
[14.793s] -- Installing: /home/cc/ee106a/fa26/class/ee106a-agi/ros_workspaces/install/turtle_patrol_interface/include/turtle_patrol_interface/turtle_patrol_interface/srv/detail/patrol__struct.h
[14.801s] -- Installing: /home/cc/ee106a/fa26/class/ee106a-agi/ros_workspaces/install/turtle_patrol_interface/include/turtle_patrol_interface/turtle_patrol_interface/srv/detail/patrol__type_support.h
[14.818s] -- Installing: /home/cc/ee106a/fa26/class/ee106a-agi/ros_workspaces/install/turtle_patrol_interface/include/turtle_patrol_interface/turtle_patrol_interface/srv/detail/patrol__functions.c
[14.828s] -- Installing: /home/cc/ee106a/fa26/class/ee106a-agi/ros_workspaces/install/turtle_patrol_interface/include/turtle_patrol_interface/turtle_patrol_interface/msg
[14.834s] -- Installing: /home/cc/ee106a/fa26/class/ee106a-agi/ros_workspaces/install/turtle_patrol_interface/include/turtle_patrol_interface/turtle_patrol_interface/msg/rosidl_generator_c__visibility_control.h
[14.845s] -- Installing: /home/cc/ee106a/fa26/class/ee106a-agi/ros_workspaces/install/turtle_patrol_interface/share/turtle_patrol_interface/environment/library_path.sh
[14.855s] -- Installing: /home/cc/ee106a/fa26/class/ee106a-agi/ros_workspaces/install/turtle_patrol_interface/share/turtle_patrol_interface/environment/library_path.dsv
[14.865s] -- Installing: /home/cc/ee106a/fa26/class/ee106a-agi/ros_workspaces/install/turtle_patrol_interface/lib/libturtle_patrol_interface__rosidl_generator_c.so
[14.874s] -- Set runtime path of "/home/cc/ee106a/fa26/class/ee106a-agi/ros_workspaces/install/turtle_patrol_interface/lib/libturtle_patrol_interface__rosidl_generator_c.so" to ""
[14.877s] -- Up-to-date: /home/cc/ee106a/fa26/class/ee106a-agi/ros_workspaces/install/turtle_patrol_interface/include/turtle_patrol_interface/turtle_patrol_interface
[14.878s] -- Up-to-date: /home/cc/ee106a/fa26/class/ee106a-agi/ros_workspaces/install/turtle_patrol_interface/include/turtle_patrol_interface/turtle_patrol_interface/msg
[14.880s] -- Installing: /home/cc/ee106a/fa26/class/ee106a-agi/ros_workspaces/install/turtle_patrol_interface/include/turtle_patrol_interface/turtle_patrol_interface/msg/rosidl_typesupport_fastrtps_c__visibility_control.h
[14.886s] -- Up-to-date: /home/cc/ee106a/fa26/class/ee106a-agi/ros_workspaces/install/turtle_patrol_interface/include/turtle_patrol_interface/turtle_patrol_interface/srv
[14.888s] -- Up-to-date: /home/cc/ee106a/fa26/class/ee106a-agi/ros_workspaces/install/turtle_patrol_interface/include/turtle_patrol_interface/turtle_patrol_interface/srv/detail
[14.890s] -- Installing: /home/cc/ee106a/fa26/class/ee106a-agi/ros_workspaces/install/turtle_patrol_interface/include/turtle_patrol_interface/turtle_patrol_interface/srv/detail/patrol__rosidl_typesupport_fastrtps_c.h
[14.898s] -- Installing: /home/cc/ee106a/fa26/class/ee106a-agi/ros_workspaces/install/turtle_patrol_interface/lib/libturtle_patrol_interface__rosidl_typesupport_fastrtps_c.so
[14.907s] -- Set runtime path of "/home/cc/ee106a/fa26/class/ee106a-agi/ros_workspaces/install/turtle_patrol_interface/lib/libturtle_patrol_interface__rosidl_typesupport_fastrtps_c.so" to ""
[14.910s] -- Up-to-date: /home/cc/ee106a/fa26/class/ee106a-agi/ros_workspaces/install/turtle_patrol_interface/include/turtle_patrol_interface/turtle_patrol_interface
[14.911s] -- Up-to-date: /home/cc/ee106a/fa26/class/ee106a-agi/ros_workspaces/install/turtle_patrol_interface/include/turtle_patrol_interface/turtle_patrol_interface/msg
[14.914s] -- Installing: /home/cc/ee106a/fa26/class/ee106a-agi/ros_workspaces/install/turtle_patrol_interface/include/turtle_patrol_interface/turtle_patrol_interface/msg/rosidl_generator_cpp__visibility_control.hpp
[14.920s] -- Up-to-date: /home/cc/ee106a/fa26/class/ee106a-agi/ros_workspaces/install/turtle_patrol_interface/include/turtle_patrol_interface/turtle_patrol_interface/srv
[14.922s] -- Up-to-date: /home/cc/ee106a/fa26/class/ee106a-agi/ros_workspaces/install/turtle_patrol_interface/include/turtle_patrol_interface/turtle_patrol_interface/srv/detail
[14.924s] -- Installing: /home/cc/ee106a/fa26/class/ee106a-agi/ros_workspaces/install/turtle_patrol_interface/include/turtle_patrol_interface/turtle_patrol_interface/srv/detail/patrol__type_support.hpp
[14.931s] -- Installing: /home/cc/ee106a/fa26/class/ee106a-agi/ros_workspaces/install/turtle_patrol_interface/include/turtle_patrol_interface/turtle_patrol_interface/srv/detail/patrol__builder.hpp
[14.947s] -- Installing: /home/cc/ee106a/fa26/class/ee106a-agi/ros_workspaces/install/turtle_patrol_interface/include/turtle_patrol_interface/turtle_patrol_interface/srv/detail/patrol__struct.hpp
[14.961s] -- Installing: /home/cc/ee106a/fa26/class/ee106a-agi/ros_workspaces/install/turtle_patrol_interface/include/turtle_patrol_interface/turtle_patrol_interface/srv/detail/patrol__traits.hpp
[14.969s] -- Installing: /home/cc/ee106a/fa26/class/ee106a-agi/ros_workspaces/install/turtle_patrol_interface/include/turtle_patrol_interface/turtle_patrol_interface/srv/patrol.hpp
[14.976s] -- Up-to-date: /home/cc/ee106a/fa26/class/ee106a-agi/ros_workspaces/install/turtle_patrol_interface/include/turtle_patrol_interface/turtle_patrol_interface
[14.979s] -- Up-to-date: /home/cc/ee106a/fa26/class/ee106a-agi/ros_workspaces/install/turtle_patrol_interface/include/turtle_patrol_interface/turtle_patrol_interface/srv
[14.981s] -- Up-to-date: /home/cc/ee106a/fa26/class/ee106a-agi/ros_workspaces/install/turtle_patrol_interface/include/turtle_patrol_interface/turtle_patrol_interface/srv/detail
[14.983s] -- Installing: /home/cc/ee106a/fa26/class/ee106a-agi/ros_workspaces/install/turtle_patrol_interface/include/turtle_patrol_interface/turtle_patrol_interface/srv/detail/patrol__rosidl_typesupport_fastrtps_cpp.hpp
[14.989s] -- Installing: /home/cc/ee106a/fa26/class/ee106a-agi/ros_workspaces/install/turtle_patrol_interface/include/turtle_patrol_interface/turtle_patrol_interface/srv/detail/dds_fastrtps
[14.995s] -- Up-to-date: /home/cc/ee106a/fa26/class/ee106a-agi/ros_workspaces/install/turtle_patrol_interface/include/turtle_patrol_interface/turtle_patrol_interface/msg
[14.998s] -- Installing: /home/cc/ee106a/fa26/class/ee106a-agi/ros_workspaces/install/turtle_patrol_interface/include/turtle_patrol_interface/turtle_patrol_interface/msg/rosidl_typesupport_fastrtps_cpp__visibility_control.h
[15.006s] -- Installing: /home/cc/ee106a/fa26/class/ee106a-agi/ros_workspaces/install/turtle_patrol_interface/lib/libturtle_patrol_interface__rosidl_typesupport_fastrtps_cpp.so
[15.016s] -- Set runtime path of "/home/cc/ee106a/fa26/class/ee106a-agi/ros_workspaces/install/turtle_patrol_interface/lib/libturtle_patrol_interface__rosidl_typesupport_fastrtps_cpp.so" to ""
[15.018s] -- Up-to-date: /home/cc/ee106a/fa26/class/ee106a-agi/ros_workspaces/install/turtle_patrol_interface/include/turtle_patrol_interface/turtle_patrol_interface
[15.020s] -- Up-to-date: /home/cc/ee106a/fa26/class/ee106a-agi/ros_workspaces/install/turtle_patrol_interface/include/turtle_patrol_interface/turtle_patrol_interface/srv
[15.021s] -- Up-to-date: /home/cc/ee106a/fa26/class/ee106a-agi/ros_workspaces/install/turtle_patrol_interface/include/turtle_patrol_interface/turtle_patrol_interface/srv/detail
[15.024s] -- Installing: /home/cc/ee106a/fa26/class/ee106a-agi/ros_workspaces/install/turtle_patrol_interface/include/turtle_patrol_interface/turtle_patrol_interface/srv/detail/patrol__rosidl_typesupport_introspection_c.h
[15.030s] -- Installing: /home/cc/ee106a/fa26/class/ee106a-agi/ros_workspaces/install/turtle_patrol_interface/include/turtle_patrol_interface/turtle_patrol_interface/srv/detail/patrol__type_support.c
[15.036s] -- Up-to-date: /home/cc/ee106a/fa26/class/ee106a-agi/ros_workspaces/install/turtle_patrol_interface/include/turtle_patrol_interface/turtle_patrol_interface/msg
[15.039s] -- Installing: /home/cc/ee106a/fa26/class/ee106a-agi/ros_workspaces/install/turtle_patrol_interface/include/turtle_patrol_interface/turtle_patrol_interface/msg/rosidl_typesupport_introspection_c__visibility_control.h
[15.046s] -- Installing: /home/cc/ee106a/fa26/class/ee106a-agi/ros_workspaces/install/turtle_patrol_interface/lib/libturtle_patrol_interface__rosidl_typesupport_introspection_c.so
[15.056s] -- Set runtime path of "/home/cc/ee106a/fa26/class/ee106a-agi/ros_workspaces/install/turtle_patrol_interface/lib/libturtle_patrol_interface__rosidl_typesupport_introspection_c.so" to ""
[15.058s] -- Installing: /home/cc/ee106a/fa26/class/ee106a-agi/ros_workspaces/install/turtle_patrol_interface/lib/libturtle_patrol_interface__rosidl_typesupport_c.so
[15.071s] -- Set runtime path of "/home/cc/ee106a/fa26/class/ee106a-agi/ros_workspaces/install/turtle_patrol_interface/lib/libturtle_patrol_interface__rosidl_typesupport_c.so" to ""
[15.075s] -- Up-to-date: /home/cc/ee106a/fa26/class/ee106a-agi/ros_workspaces/install/turtle_patrol_interface/include/turtle_patrol_interface/turtle_patrol_interface
[15.078s] -- Up-to-date: /home/cc/ee106a/fa26/class/ee106a-agi/ros_workspaces/install/turtle_patrol_interface/include/turtle_patrol_interface/turtle_patrol_interface/srv
[15.081s] -- Up-to-date: /home/cc/ee106a/fa26/class/ee106a-agi/ros_workspaces/install/turtle_patrol_interface/include/turtle_patrol_interface/turtle_patrol_interface/srv/detail
[15.087s] -- Installing: /home/cc/ee106a/fa26/class/ee106a-agi/ros_workspaces/install/turtle_patrol_interface/include/turtle_patrol_interface/turtle_patrol_interface/srv/detail/patrol__rosidl_typesupport_introspection_cpp.hpp
[15.097s] -- Installing: /home/cc/ee106a/fa26/class/ee106a-agi/ros_workspaces/install/turtle_patrol_interface/include/turtle_patrol_interface/turtle_patrol_interface/srv/detail/patrol__type_support.cpp
[15.106s] -- Installing: /home/cc/ee106a/fa26/class/ee106a-agi/ros_workspaces/install/turtle_patrol_interface/lib/libturtle_patrol_interface__rosidl_typesupport_introspection_cpp.so
[15.115s] -- Set runtime path of "/home/cc/ee106a/fa26/class/ee106a-agi/ros_workspaces/install/turtle_patrol_interface/lib/libturtle_patrol_interface__rosidl_typesupport_introspection_cpp.so" to ""
[15.117s] -- Installing: /home/cc/ee106a/fa26/class/ee106a-agi/ros_workspaces/install/turtle_patrol_interface/lib/libturtle_patrol_interface__rosidl_typesupport_cpp.so
[15.127s] -- Set runtime path of "/home/cc/ee106a/fa26/class/ee106a-agi/ros_workspaces/install/turtle_patrol_interface/lib/libturtle_patrol_interface__rosidl_typesupport_cpp.so" to ""
[15.129s] -- Installing: /home/cc/ee106a/fa26/class/ee106a-agi/ros_workspaces/install/turtle_patrol_interface/share/turtle_patrol_interface/environment/pythonpath.sh
[15.135s] -- Installing: /home/cc/ee106a/fa26/class/ee106a-agi/ros_workspaces/install/turtle_patrol_interface/share/turtle_patrol_interface/environment/pythonpath.dsv
[15.142s] -- Installing: /home/cc/ee106a/fa26/class/ee106a-agi/ros_workspaces/install/turtle_patrol_interface/local/lib/python3.10/dist-packages/turtle_patrol_interface-0.0.0-py3.10.egg-info
[15.151s] -- Installing: /home/cc/ee106a/fa26/class/ee106a-agi/ros_workspaces/install/turtle_patrol_interface/local/lib/python3.10/dist-packages/turtle_patrol_interface-0.0.0-py3.10.egg-info/dependency_links.txt
[15.158s] -- Installing: /home/cc/ee106a/fa26/class/ee106a-agi/ros_workspaces/install/turtle_patrol_interface/local/lib/python3.10/dist-packages/turtle_patrol_interface-0.0.0-py3.10.egg-info/PKG-INFO
[15.165s] -- Installing: /home/cc/ee106a/fa26/class/ee106a-agi/ros_workspaces/install/turtle_patrol_interface/local/lib/python3.10/dist-packages/turtle_patrol_interface-0.0.0-py3.10.egg-info/top_level.txt
[15.173s] -- Installing: /home/cc/ee106a/fa26/class/ee106a-agi/ros_workspaces/install/turtle_patrol_interface/local/lib/python3.10/dist-packages/turtle_patrol_interface-0.0.0-py3.10.egg-info/SOURCES.txt
[15.181s] -- Installing: /home/cc/ee106a/fa26/class/ee106a-agi/ros_workspaces/install/turtle_patrol_interface/local/lib/python3.10/dist-packages/turtle_patrol_interface
[15.189s] -- Installing: /home/cc/ee106a/fa26/class/ee106a-agi/ros_workspaces/install/turtle_patrol_interface/local/lib/python3.10/dist-packages/turtle_patrol_interface/turtle_patrol_interface_s__rosidl_typesupport_c.cpython-310-x86_64-linux-gnu.so
[15.206s] -- Installing: /home/cc/ee106a/fa26/class/ee106a-agi/ros_workspaces/install/turtle_patrol_interface/local/lib/python3.10/dist-packages/turtle_patrol_interface/__init__.py
[15.217s] -- Installing: /home/cc/ee106a/fa26/class/ee106a-agi/ros_workspaces/install/turtle_patrol_interface/local/lib/python3.10/dist-packages/turtle_patrol_interface/turtle_patrol_interface_s__rosidl_typesupport_fastrtps_c.cpython-310-x86_64-linux-gnu.so
[15.225s] -- Installing: /home/cc/ee106a/fa26/class/ee106a-agi/ros_workspaces/install/turtle_patrol_interface/local/lib/python3.10/dist-packages/turtle_patrol_interface/_turtle_patrol_interface_s.ep.rosidl_typesupport_introspection_c.c
[15.231s] -- Installing: /home/cc/ee106a/fa26/class/ee106a-agi/ros_workspaces/install/turtle_patrol_interface/local/lib/python3.10/dist-packages/turtle_patrol_interface/libturtle_patrol_interface__rosidl_generator_py.so
[15.238s] -- Installing: /home/cc/ee106a/fa26/class/ee106a-agi/ros_workspaces/install/turtle_patrol_interface/local/lib/python3.10/dist-packages/turtle_patrol_interface/turtle_patrol_interface_s__rosidl_typesupport_introspection_c.cpython-310-x86_64-linux-gnu.so
[15.245s] -- Installing: /home/cc/ee106a/fa26/class/ee106a-agi/ros_workspaces/install/turtle_patrol_interface/local/lib/python3.10/dist-packages/turtle_patrol_interface/srv
[15.252s] -- Installing: /home/cc/ee106a/fa26/class/ee106a-agi/ros_workspaces/install/turtle_patrol_interface/local/lib/python3.10/dist-packages/turtle_patrol_interface/srv/_patrol_s.c
[15.259s] -- Installing: /home/cc/ee106a/fa26/class/ee106a-agi/ros_workspaces/install/turtle_patrol_interface/local/lib/python3.10/dist-packages/turtle_patrol_interface/srv/_patrol.py
[15.266s] -- Installing: /home/cc/ee106a/fa26/class/ee106a-agi/ros_workspaces/install/turtle_patrol_interface/local/lib/python3.10/dist-packages/turtle_patrol_interface/srv/__init__.py
[15.273s] -- Installing: /home/cc/ee106a/fa26/class/ee106a-agi/ros_workspaces/install/turtle_patrol_interface/local/lib/python3.10/dist-packages/turtle_patrol_interface/_turtle_patrol_interface_s.ep.rosidl_typesupport_fastrtps_c.c
[15.280s] -- Installing: /home/cc/ee106a/fa26/class/ee106a-agi/ros_workspaces/install/turtle_patrol_interface/local/lib/python3.10/dist-packages/turtle_patrol_interface/_turtle_patrol_interface_s.ep.rosidl_typesupport_c.c
[15.393s] Listing '/home/cc/ee106a/fa26/class/ee106a-agi/ros_workspaces/install/turtle_patrol_interface/local/lib/python3.10/dist-packages/turtle_patrol_interface'...
[15.394s] Compiling '/home/cc/ee106a/fa26/class/ee106a-agi/ros_workspaces/install/turtle_patrol_interface/local/lib/python3.10/dist-packages/turtle_patrol_interface/__init__.py'...
[15.394s] Listing '/home/cc/ee106a/fa26/class/ee106a-agi/ros_workspaces/install/turtle_patrol_interface/local/lib/python3.10/dist-packages/turtle_patrol_interface/srv'...
[15.394s] Compiling '/home/cc/ee106a/fa26/class/ee106a-agi/ros_workspaces/install/turtle_patrol_interface/local/lib/python3.10/dist-packages/turtle_patrol_interface/srv/__init__.py'...
[15.395s] Compiling '/home/cc/ee106a/fa26/class/ee106a-agi/ros_workspaces/install/turtle_patrol_interface/local/lib/python3.10/dist-packages/turtle_patrol_interface/srv/_patrol.py'...
[15.401s] -- Installing: /home/cc/ee106a/fa26/class/ee106a-agi/ros_workspaces/install/turtle_patrol_interface/local/lib/python3.10/dist-packages/turtle_patrol_interface/turtle_patrol_interface_s__rosidl_typesupport_fastrtps_c.cpython-310-x86_64-linux-gnu.so
[15.411s] -- Set runtime path of "/home/cc/ee106a/fa26/class/ee106a-agi/ros_workspaces/install/turtle_patrol_interface/local/lib/python3.10/dist-packages/turtle_patrol_interface/turtle_patrol_interface_s__rosidl_typesupport_fastrtps_c.cpython-310-x86_64-linux-gnu.so" to ""
[15.415s] -- Installing: /home/cc/ee106a/fa26/class/ee106a-agi/ros_workspaces/install/turtle_patrol_interface/local/lib/python3.10/dist-packages/turtle_patrol_interface/turtle_patrol_interface_s__rosidl_typesupport_introspection_c.cpython-310-x86_64-linux-gnu.so
[15.426s] -- Set runtime path of "/home/cc/ee106a/fa26/class/ee106a-agi/ros_workspaces/install/turtle_patrol_interface/local/lib/python3.10/dist-packages/turtle_patrol_interface/turtle_patrol_interface_s__rosidl_typesupport_introspection_c.cpython-310-x86_64-linux-gnu.so" to ""
[15.430s] -- Installing: /home/cc/ee106a/fa26/class/ee106a-agi/ros_workspaces/install/turtle_patrol_interface/local/lib/python3.10/dist-packages/turtle_patrol_interface/turtle_patrol_interface_s__rosidl_typesupport_c.cpython-310-x86_64-linux-gnu.so
[15.439s] -- Set runtime path of "/home/cc/ee106a/fa26/class/ee106a-agi/ros_workspaces/install/turtle_patrol_interface/local/lib/python3.10/dist-packages/turtle_patrol_interface/turtle_patrol_interface_s__rosidl_typesupport_c.cpython-310-x86_64-linux-gnu.so" to ""
[15.442s] -- Installing: /home/cc/ee106a/fa26/class/ee106a-agi/ros_workspaces/install/turtle_patrol_interface/lib/libturtle_patrol_interface__rosidl_generator_py.so
[15.450s] -- Set runtime path of "/home/cc/ee106a/fa26/class/ee106a-agi/ros_workspaces/install/turtle_patrol_interface/lib/libturtle_patrol_interface__rosidl_generator_py.so" to ""
[15.457s] -- Installing: /home/cc/ee106a/fa26/class/ee106a-agi/ros_workspaces/install/turtle_patrol_interface/share/ament_index/resource_index/rust_packages/turtle_patrol_interface
[15.468s] -- Installing: /home/cc/ee106a/fa26/class/ee106a-agi/ros_workspaces/install/turtle_patrol_interface/share/turtle_patrol_interface/rust
[15.476s] -- Installing: /home/cc/ee106a/fa26/class/ee106a-agi/ros_workspaces/install/turtle_patrol_interface/share/turtle_patrol_interface/rust/Cargo.toml
[15.487s] -- Installing: /home/cc/ee106a/fa26/class/ee106a-agi/ros_workspaces/install/turtle_patrol_interface/share/turtle_patrol_interface/rust/src
[15.497s] -- Installing: /home/cc/ee106a/fa26/class/ee106a-agi/ros_workspaces/install/turtle_patrol_interface/share/turtle_patrol_interface/rust/src/lib.rs
[15.507s] -- Installing: /home/cc/ee106a/fa26/class/ee106a-agi/ros_workspaces/install/turtle_patrol_interface/share/turtle_patrol_interface/rust/src/srv
[15.513s] -- Installing: /home/cc/ee106a/fa26/class/ee106a-agi/ros_workspaces/install/turtle_patrol_interface/share/turtle_patrol_interface/rust/src/srv/rmw.rs
[15.520s] -- Installing: /home/cc/ee106a/fa26/class/ee106a-agi/ros_workspaces/install/turtle_patrol_interface/share/turtle_patrol_interface/rust/src/srv.rs
[15.529s] -- Installing: /home/cc/ee106a/fa26/class/ee106a-agi/ros_workspaces/install/turtle_patrol_interface/share/turtle_patrol_interface/rust/build.rs
[15.543s] -- Installing: /home/cc/ee106a/fa26/class/ee106a-agi/ros_workspaces/install/turtle_patrol_interface/share/turtle_patrol_interface/srv/Patrol.idl
[15.552s] -- Installing: /home/cc/ee106a/fa26/class/ee106a-agi/ros_workspaces/install/turtle_patrol_interface/share/turtle_patrol_interface/srv/Patrol.srv
[15.561s] -- Installing: /home/cc/ee106a/fa26/class/ee106a-agi/ros_workspaces/install/turtle_patrol_interface/share/turtle_patrol_interface/srv/Patrol_Request.msg
[15.571s] -- Installing: /home/cc/ee106a/fa26/class/ee106a-agi/ros_workspaces/install/turtle_patrol_interface/share/turtle_patrol_interface/srv/Patrol_Response.msg
[15.586s] -- Installing: /home/cc/ee106a/fa26/class/ee106a-agi/ros_workspaces/install/turtle_patrol_interface/share/ament_index/resource_index/package_run_dependencies/turtle_patrol_interface
[15.603s] -- Installing: /home/cc/ee106a/fa26/class/ee106a-agi/ros_workspaces/install/turtle_patrol_interface/share/ament_index/resource_index/parent_prefix_path/turtle_patrol_interface
[15.616s] -- Installing: /home/cc/ee106a/fa26/class/ee106a-agi/ros_workspaces/install/turtle_patrol_interface/share/turtle_patrol_interface/environment/ament_prefix_path.sh
[15.631s] -- Installing: /home/cc/ee106a/fa26/class/ee106a-agi/ros_workspaces/install/turtle_patrol_interface/share/turtle_patrol_interface/environment/ament_prefix_path.dsv
[15.641s] -- Installing: /home/cc/ee106a/fa26/class/ee106a-agi/ros_workspaces/install/turtle_patrol_interface/share/turtle_patrol_interface/environment/path.sh
[15.658s] -- Installing: /home/cc/ee106a/fa26/class/ee106a-agi/ros_workspaces/install/turtle_patrol_interface/share/turtle_patrol_interface/environment/path.dsv
[15.669s] -- Installing: /home/cc/ee106a/fa26/class/ee106a-agi/ros_workspaces/install/turtle_patrol_interface/share/turtle_patrol_interface/local_setup.bash
[15.683s] -- Installing: /home/cc/ee106a/fa26/class/ee106a-agi/ros_workspaces/install/turtle_patrol_interface/share/turtle_patrol_interface/local_setup.sh
[15.695s] -- Installing: /home/cc/ee106a/fa26/class/ee106a-agi/ros_workspaces/install/turtle_patrol_interface/share/turtle_patrol_interface/local_setup.zsh
[15.704s] -- Installing: /home/cc/ee106a/fa26/class/ee106a-agi/ros_workspaces/install/turtle_patrol_interface/share/turtle_patrol_interface/local_setup.dsv
[15.712s] -- Installing: /home/cc/ee106a/fa26/class/ee106a-agi/ros_workspaces/install/turtle_patrol_interface/share/turtle_patrol_interface/package.dsv
[15.724s] -- Installing: /home/cc/ee106a/fa26/class/ee106a-agi/ros_workspaces/install/turtle_patrol_interface/share/ament_index/resource_index/packages/turtle_patrol_interface
[15.736s] -- Installing: /home/cc/ee106a/fa26/class/ee106a-agi/ros_workspaces/install/turtle_patrol_interface/share/turtle_patrol_interface/cmake/export_turtle_patrol_interface__rosidl_generator_cExport.cmake
[15.744s] -- Installing: /home/cc/ee106a/fa26/class/ee106a-agi/ros_workspaces/install/turtle_patrol_interface/share/turtle_patrol_interface/cmake/export_turtle_patrol_interface__rosidl_generator_cExport-noconfig.cmake
[15.752s] -- Installing: /home/cc/ee106a/fa26/class/ee106a-agi/ros_workspaces/install/turtle_patrol_interface/share/turtle_patrol_interface/cmake/export_turtle_patrol_interface__rosidl_typesupport_fastrtps_cExport.cmake
[15.761s] -- Installing: /home/cc/ee106a/fa26/class/ee106a-agi/ros_workspaces/install/turtle_patrol_interface/share/turtle_patrol_interface/cmake/export_turtle_patrol_interface__rosidl_typesupport_fastrtps_cExport-noconfig.cmake
[15.769s] -- Installing: /home/cc/ee106a/fa26/class/ee106a-agi/ros_workspaces/install/turtle_patrol_interface/share/turtle_patrol_interface/cmake/export_turtle_patrol_interface__rosidl_generator_cppExport.cmake
[15.784s] -- Installing: /home/cc/ee106a/fa26/class/ee106a-agi/ros_workspaces/install/turtle_patrol_interface/share/turtle_patrol_interface/cmake/export_turtle_patrol_interface__rosidl_typesupport_fastrtps_cppExport.cmake
[15.800s] -- Installing: /home/cc/ee106a/fa26/class/ee106a-agi/ros_workspaces/install/turtle_patrol_interface/share/turtle_patrol_interface/cmake/export_turtle_patrol_interface__rosidl_typesupport_fastrtps_cppExport-noconfig.cmake
[15.808s] -- Installing: /home/cc/ee106a/fa26/class/ee106a-agi/ros_workspaces/install/turtle_patrol_interface/share/turtle_patrol_interface/cmake/turtle_patrol_interface__rosidl_typesupport_introspection_cExport.cmake
[15.815s] -- Installing: /home/cc/ee106a/fa26/class/ee106a-agi/ros_workspaces/install/turtle_patrol_interface/share/turtle_patrol_interface/cmake/turtle_patrol_interface__rosidl_typesupport_introspection_cExport-noconfig.cmake
[15.821s] -- Installing: /home/cc/ee106a/fa26/class/ee106a-agi/ros_workspaces/install/turtle_patrol_interface/share/turtle_patrol_interface/cmake/turtle_patrol_interface__rosidl_typesupport_cExport.cmake
[15.828s] -- Installing: /home/cc/ee106a/fa26/class/ee106a-agi/ros_workspaces/install/turtle_patrol_interface/share/turtle_patrol_interface/cmake/turtle_patrol_interface__rosidl_typesupport_cExport-noconfig.cmake
[15.835s] -- Installing: /home/cc/ee106a/fa26/class/ee106a-agi/ros_workspaces/install/turtle_patrol_interface/share/turtle_patrol_interface/cmake/turtle_patrol_interface__rosidl_typesupport_introspection_cppExport.cmake
[15.842s] -- Installing: /home/cc/ee106a/fa26/class/ee106a-agi/ros_workspaces/install/turtle_patrol_interface/share/turtle_patrol_interface/cmake/turtle_patrol_interface__rosidl_typesupport_introspection_cppExport-noconfig.cmake
[15.849s] -- Installing: /home/cc/ee106a/fa26/class/ee106a-agi/ros_workspaces/install/turtle_patrol_interface/share/turtle_patrol_interface/cmake/turtle_patrol_interface__rosidl_typesupport_cppExport.cmake
[15.857s] -- Installing: /home/cc/ee106a/fa26/class/ee106a-agi/ros_workspaces/install/turtle_patrol_interface/share/turtle_patrol_interface/cmake/turtle_patrol_interface__rosidl_typesupport_cppExport-noconfig.cmake
[15.864s] -- Installing: /home/cc/ee106a/fa26/class/ee106a-agi/ros_workspaces/install/turtle_patrol_interface/share/turtle_patrol_interface/cmake/export_turtle_patrol_interface__rosidl_generator_pyExport.cmake
[15.872s] -- Installing: /home/cc/ee106a/fa26/class/ee106a-agi/ros_workspaces/install/turtle_patrol_interface/share/turtle_patrol_interface/cmake/export_turtle_patrol_interface__rosidl_generator_pyExport-noconfig.cmake
[15.879s] -- Installing: /home/cc/ee106a/fa26/class/ee106a-agi/ros_workspaces/install/turtle_patrol_interface/share/turtle_patrol_interface/cmake/rosidl_cmake-extras.cmake
[15.886s] -- Installing: /home/cc/ee106a/fa26/class/ee106a-agi/ros_workspaces/install/turtle_patrol_interface/share/turtle_patrol_interface/cmake/ament_cmake_export_dependencies-extras.cmake
[15.894s] -- Installing: /home/cc/ee106a/fa26/class/ee106a-agi/ros_workspaces/install/turtle_patrol_interface/share/turtle_patrol_interface/cmake/ament_cmake_export_include_directories-extras.cmake
[15.901s] -- Installing: /home/cc/ee106a/fa26/class/ee106a-agi/ros_workspaces/install/turtle_patrol_interface/share/turtle_patrol_interface/cmake/ament_cmake_export_libraries-extras.cmake
[15.908s] -- Installing: /home/cc/ee106a/fa26/class/ee106a-agi/ros_workspaces/install/turtle_patrol_interface/share/turtle_patrol_interface/cmake/ament_cmake_export_targets-extras.cmake
[15.915s] -- Installing: /home/cc/ee106a/fa26/class/ee106a-agi/ros_workspaces/install/turtle_patrol_interface/share/turtle_patrol_interface/cmake/rosidl_cmake_export_typesupport_targets-extras.cmake
[15.922s] -- Installing: /home/cc/ee106a/fa26/class/ee106a-agi/ros_workspaces/install/turtle_patrol_interface/share/turtle_patrol_interface/cmake/rosidl_cmake_export_typesupport_libraries-extras.cmake
[15.929s] -- Installing: /home/cc/ee106a/fa26/class/ee106a-agi/ros_workspaces/install/turtle_patrol_interface/share/turtle_patrol_interface/cmake/rosidl_cmake_aggregate_target-extras.cmake
[15.937s] -- Installing: /home/cc/ee106a/fa26/class/ee106a-agi/ros_workspaces/install/turtle_patrol_interface/share/turtle_patrol_interface/cmake/turtle_patrol_interfaceConfig.cmake
[15.946s] -- Installing: /home/cc/ee106a/fa26/class/ee106a-agi/ros_workspaces/install/turtle_patrol_interface/share/turtle_patrol_interface/cmake/turtle_patrol_interfaceConfig-version.cmake
[15.955s] -- Installing: /home/cc/ee106a/fa26/class/ee106a-agi/ros_workspaces/install/turtle_patrol_interface/share/turtle_patrol_interface/package.xml
[15.976s] Invoked command in '/home/cc/ee106a/fa26/class/ee106a-agi/ros_workspaces/build/turtle_patrol_interface' returned '0': CMAKE_PREFIX_PATH=/home/ff/ee106a/robot_workspaces/ur/install/ur7e_utils:/opt/ros/humble /usr/bin/cmake --install /home/cc/ee106a/fa26/class/ee106a-agi/ros_workspaces/build/turtle_patrol_interface
