[11.062s] Invoking command in '/home/cc/ee106a/fa26/class/ee106a-agi/ros_workspaces/lab2/build/turtle_patrol': PYTHONPATH=/home/cc/ee106a/fa26/class/ee106a-agi/ros_workspaces/lab2/build/turtle_patrol/prefix_override:/usr/lib/python3/dist-packages/colcon_core/task/python/colcon_distutils_commands:/home/cc/ee106a/fa26/class/ee106a-agi/ros_workspaces/lab2/install/turtle_patrol/lib/python3.10/site-packages:${PYTHONPATH} /usr/bin/python3 -W ignore:setup.py install is deprecated -W ignore:easy_install command is deprecated setup.py develop --editable --build-directory /home/cc/ee106a/fa26/class/ee106a-agi/ros_workspaces/lab2/build/turtle_patrol/build --no-deps symlink_data
[12.969s] running develop
[15.671s] running egg_info
[15.672s] writing turtle_patrol.egg-info/PKG-INFO
[15.677s] writing dependency_links to turtle_patrol.egg-info/dependency_links.txt
[15.682s] writing entry points to turtle_patrol.egg-info/entry_points.txt
[15.685s] writing requirements to turtle_patrol.egg-info/requires.txt
[15.689s] writing top-level names to turtle_patrol.egg-info/top_level.txt
[15.712s] reading manifest file 'turtle_patrol.egg-info/SOURCES.txt'
[15.716s] writing manifest file 'turtle_patrol.egg-info/SOURCES.txt'
[15.739s] running build_ext
[15.740s] Creating /home/cc/ee106a/fa26/class/ee106a-agi/ros_workspaces/lab2/install/turtle_patrol/lib/python3.10/site-packages/turtle-patrol.egg-link (link to .)
[15.745s] Installing multi_patrol_client script to /home/cc/ee106a/fa26/class/ee106a-agi/ros_workspaces/lab2/install/turtle_patrol/lib/turtle_patrol
[15.752s] Installing multi_patrol_server script to /home/cc/ee106a/fa26/class/ee106a-agi/ros_workspaces/lab2/install/turtle_patrol/lib/turtle_patrol
[15.759s] Installing patrol_client script to /home/cc/ee106a/fa26/class/ee106a-agi/ros_workspaces/lab2/install/turtle_patrol/lib/turtle_patrol
[15.766s] Installing patrol_client_sol script to /home/cc/ee106a/fa26/class/ee106a-agi/ros_workspaces/lab2/install/turtle_patrol/lib/turtle_patrol
[15.774s] Installing patrol_server script to /home/cc/ee106a/fa26/class/ee106a-agi/ros_workspaces/lab2/install/turtle_patrol/lib/turtle_patrol
[15.781s] Installing patrol_server_sol script to /home/cc/ee106a/fa26/class/ee106a-agi/ros_workspaces/lab2/install/turtle_patrol/lib/turtle_patrol
[15.788s] 
[15.788s] Installed /home/cc/ee106a/fa26/class/ee106a-agi/ros_workspaces/lab2/build/turtle_patrol
[15.789s] running symlink_data
[15.859s] Invoked command in '/home/cc/ee106a/fa26/class/ee106a-agi/ros_workspaces/lab2/build/turtle_patrol' returned '0': PYTHONPATH=/home/cc/ee106a/fa26/class/ee106a-agi/ros_workspaces/lab2/build/turtle_patrol/prefix_override:/usr/lib/python3/dist-packages/colcon_core/task/python/colcon_distutils_commands:/home/cc/ee106a/fa26/class/ee106a-agi/ros_workspaces/lab2/install/turtle_patrol/lib/python3.10/site-packages:${PYTHONPATH} /usr/bin/python3 -W ignore:setup.py install is deprecated -W ignore:easy_install command is deprecated setup.py develop --editable --build-directory /home/cc/ee106a/fa26/class/ee106a-agi/ros_workspaces/lab2/build/turtle_patrol/build --no-deps symlink_data
