[2.624s] Invoking command in '/home/cc/ee106a/fa26/class/ee106a-agi/ros_workspaces/lab2/src/lab2_turtlesim': PYTHONPATH=/home/cc/ee106a/fa26/class/ee106a-agi/ros_workspaces/build/lab2_turtlesim/prefix_override:/usr/lib/python3/dist-packages/colcon_core/task/python/colcon_distutils_commands:/home/cc/ee106a/fa26/class/ee106a-agi/ros_workspaces/install/lab2_turtlesim/lib/python3.10/site-packages:${PYTHONPATH} /usr/bin/python3 -W ignore:setup.py install is deprecated -W ignore:easy_install command is deprecated setup.py egg_info --egg-base ../../../build/lab2_turtlesim build --build-base /home/cc/ee106a/fa26/class/ee106a-agi/ros_workspaces/build/lab2_turtlesim/build install --record /home/cc/ee106a/fa26/class/ee106a-agi/ros_workspaces/build/lab2_turtlesim/install.log --install-scripts $base/lib/lab2_turtlesim --single-version-externally-managed install_data
[2.804s] running egg_info
[2.805s] creating ../../../build/lab2_turtlesim/lab2_turtlesim.egg-info
[2.806s] writing ../../../build/lab2_turtlesim/lab2_turtlesim.egg-info/PKG-INFO
[2.814s] writing dependency_links to ../../../build/lab2_turtlesim/lab2_turtlesim.egg-info/dependency_links.txt
[2.819s] writing entry points to ../../../build/lab2_turtlesim/lab2_turtlesim.egg-info/entry_points.txt
[2.821s] writing requirements to ../../../build/lab2_turtlesim/lab2_turtlesim.egg-info/requires.txt
[2.824s] writing top-level names to ../../../build/lab2_turtlesim/lab2_turtlesim.egg-info/top_level.txt
[2.829s] writing manifest file '../../../build/lab2_turtlesim/lab2_turtlesim.egg-info/SOURCES.txt'
[2.837s] reading manifest file '../../../build/lab2_turtlesim/lab2_turtlesim.egg-info/SOURCES.txt'
[2.840s] writing manifest file '../../../build/lab2_turtlesim/lab2_turtlesim.egg-info/SOURCES.txt'
[2.841s] running build
[2.841s] running build_py
[2.843s] creating /home/cc/ee106a/fa26/class/ee106a-agi/ros_workspaces/build/lab2_turtlesim/build
[2.844s] creating /home/cc/ee106a/fa26/class/ee106a-agi/ros_workspaces/build/lab2_turtlesim/build/lib
[2.845s] creating /home/cc/ee106a/fa26/class/ee106a-agi/ros_workspaces/build/lab2_turtlesim/build/lib/lab2_turtlesim
[2.849s] copying lab2_turtlesim/publisher.py -> /home/cc/ee106a/fa26/class/ee106a-agi/ros_workspaces/build/lab2_turtlesim/build/lib/lab2_turtlesim
[2.852s] copying lab2_turtlesim/subscriber_.py -> /home/cc/ee106a/fa26/class/ee106a-agi/ros_workspaces/build/lab2_turtlesim/build/lib/lab2_turtlesim
[2.858s] copying lab2_turtlesim/__init__.py -> /home/cc/ee106a/fa26/class/ee106a-agi/ros_workspaces/build/lab2_turtlesim/build/lib/lab2_turtlesim
[2.862s] running install
[2.863s] running install_lib
[2.867s] creating /home/cc/ee106a/fa26/class/ee106a-agi/ros_workspaces/install/lab2_turtlesim/lib/python3.10/site-packages/lab2_turtlesim
[2.869s] copying /home/cc/ee106a/fa26/class/ee106a-agi/ros_workspaces/build/lab2_turtlesim/build/lib/lab2_turtlesim/__init__.py -> /home/cc/ee106a/fa26/class/ee106a-agi/ros_workspaces/install/lab2_turtlesim/lib/python3.10/site-packages/lab2_turtlesim
[2.873s] copying /home/cc/ee106a/fa26/class/ee106a-agi/ros_workspaces/build/lab2_turtlesim/build/lib/lab2_turtlesim/subscriber_.py -> /home/cc/ee106a/fa26/class/ee106a-agi/ros_workspaces/install/lab2_turtlesim/lib/python3.10/site-packages/lab2_turtlesim
[2.877s] copying /home/cc/ee106a/fa26/class/ee106a-agi/ros_workspaces/build/lab2_turtlesim/build/lib/lab2_turtlesim/publisher.py -> /home/cc/ee106a/fa26/class/ee106a-agi/ros_workspaces/install/lab2_turtlesim/lib/python3.10/site-packages/lab2_turtlesim
[2.884s] byte-compiling /home/cc/ee106a/fa26/class/ee106a-agi/ros_workspaces/install/lab2_turtlesim/lib/python3.10/site-packages/lab2_turtlesim/__init__.py to __init__.cpython-310.pyc
[2.892s] byte-compiling /home/cc/ee106a/fa26/class/ee106a-agi/ros_workspaces/install/lab2_turtlesim/lib/python3.10/site-packages/lab2_turtlesim/subscriber_.py to subscriber_.cpython-310.pyc
[2.898s] byte-compiling /home/cc/ee106a/fa26/class/ee106a-agi/ros_workspaces/install/lab2_turtlesim/lib/python3.10/site-packages/lab2_turtlesim/publisher.py to publisher.cpython-310.pyc
[2.899s]   File "/home/cc/ee106a/fa26/class/ee106a-agi/ros_workspaces/install/lab2_turtlesim/lib/python3.10/site-packages/lab2_turtlesim/publisher.py", line 1
[2.899s]     import geometry_msgs.msg import Twist
[2.899s]                              ^^^^^^
[2.899s] SyntaxError: invalid syntax
[2.899s] 
[2.900s] running install_data
[2.901s] creating /home/cc/ee106a/fa26/class/ee106a-agi/ros_workspaces/install/lab2_turtlesim/share/ament_index
[2.902s] creating /home/cc/ee106a/fa26/class/ee106a-agi/ros_workspaces/install/lab2_turtlesim/share/ament_index/resource_index
[2.903s] creating /home/cc/ee106a/fa26/class/ee106a-agi/ros_workspaces/install/lab2_turtlesim/share/ament_index/resource_index/packages
[2.906s] copying resource/lab2_turtlesim -> /home/cc/ee106a/fa26/class/ee106a-agi/ros_workspaces/install/lab2_turtlesim/share/ament_index/resource_index/packages
[2.911s] copying package.xml -> /home/cc/ee106a/fa26/class/ee106a-agi/ros_workspaces/install/lab2_turtlesim/share/lab2_turtlesim
[2.915s] running install_egg_info
[2.920s] Copying ../../../build/lab2_turtlesim/lab2_turtlesim.egg-info to /home/cc/ee106a/fa26/class/ee106a-agi/ros_workspaces/install/lab2_turtlesim/lib/python3.10/site-packages/lab2_turtlesim-0.0.0-py3.10.egg-info
[2.963s] running install_scripts
[2.991s] writing list of installed files to '/home/cc/ee106a/fa26/class/ee106a-agi/ros_workspaces/build/lab2_turtlesim/install.log'
[3.008s] Invoked command in '/home/cc/ee106a/fa26/class/ee106a-agi/ros_workspaces/lab2/src/lab2_turtlesim' returned '0': PYTHONPATH=/home/cc/ee106a/fa26/class/ee106a-agi/ros_workspaces/build/lab2_turtlesim/prefix_override:/usr/lib/python3/dist-packages/colcon_core/task/python/colcon_distutils_commands:/home/cc/ee106a/fa26/class/ee106a-agi/ros_workspaces/install/lab2_turtlesim/lib/python3.10/site-packages:${PYTHONPATH} /usr/bin/python3 -W ignore:setup.py install is deprecated -W ignore:easy_install command is deprecated setup.py egg_info --egg-base ../../../build/lab2_turtlesim build --build-base /home/cc/ee106a/fa26/class/ee106a-agi/ros_workspaces/build/lab2_turtlesim/build install --record /home/cc/ee106a/fa26/class/ee106a-agi/ros_workspaces/build/lab2_turtlesim/install.log --install-scripts $base/lib/lab2_turtlesim --single-version-externally-managed install_data
