[0.087s] DEBUG:colcon:Command line arguments: ['/usr/bin/colcon', 'build']
[0.087s] DEBUG:colcon:Parsed command line arguments: Namespace(log_base=None, log_level=None, verb_name='build', build_base='build', install_base='install', merge_install=False, symlink_install=False, test_result_base=None, continue_on_error=False, executor='parallel', parallel_workers=32, event_handlers=None, ignore_user_meta=False, metas=['./colcon.meta'], base_paths=['.'], packages_ignore=None, packages_ignore_regex=None, paths=None, packages_up_to=None, packages_up_to_regex=None, packages_above=None, packages_above_and_dependencies=None, packages_above_depth=None, packages_select_by_dep=None, packages_skip_by_dep=None, packages_skip_up_to=None, packages_select_build_failed=False, packages_skip_build_finished=False, packages_select_test_failures=False, packages_skip_test_passed=False, packages_select=None, packages_skip=None, packages_select_regex=None, packages_skip_regex=None, packages_start=None, packages_end=None, cmake_args=None, cmake_target=None, cmake_target_skip_unavailable=False, cmake_clean_cache=False, cmake_clean_first=False, cmake_force_configure=False, ament_cmake_args=None, catkin_cmake_args=None, catkin_skip_building_tests=False, mixin_files=None, mixin=None, verb_parser=<colcon_mixin.mixin.mixin_argument.MixinArgumentDecorator object at 0x74d272526a10>, verb_extension=<colcon_core.verb.build.BuildVerb object at 0x74d272526530>, main=<bound method BuildVerb.main of <colcon_core.verb.build.BuildVerb object at 0x74d272526530>>, mixin_verb=('build',))
[0.214s] Level 1:colcon.colcon_core.package_discovery:discover_packages(colcon_meta) check parameters
[0.214s] Level 1:colcon.colcon_core.package_discovery:discover_packages(recursive) check parameters
[0.215s] Level 1:colcon.colcon_core.package_discovery:discover_packages(ignore) check parameters
[0.215s] Level 1:colcon.colcon_core.package_discovery:discover_packages(path) check parameters
[0.215s] Level 1:colcon.colcon_core.package_discovery:discover_packages(colcon_meta) discover
[0.215s] Level 1:colcon.colcon_core.package_discovery:discover_packages(recursive) discover
[0.215s] INFO:colcon.colcon_core.package_discovery:Crawling recursively for packages in '/home/cc/ee106a/fa26/class/ee106a-agi/ros_workspaces/lab2'
[0.216s] Level 1:colcon.colcon_core.package_identification:_identify(.) by extensions ['ignore', 'ignore_ament_install']
[0.217s] Level 1:colcon.colcon_core.package_identification:_identify(.) by extension 'ignore'
[0.217s] Level 1:colcon.colcon_core.package_identification:_identify(.) by extension 'ignore_ament_install'
[0.217s] Level 1:colcon.colcon_core.package_identification:_identify(.) by extensions ['colcon_pkg']
[0.217s] Level 1:colcon.colcon_core.package_identification:_identify(.) by extension 'colcon_pkg'
[0.217s] Level 1:colcon.colcon_core.package_identification:_identify(.) by extensions ['colcon_meta']
[0.217s] Level 1:colcon.colcon_core.package_identification:_identify(.) by extension 'colcon_meta'
[0.217s] Level 1:colcon.colcon_core.package_identification:_identify(.) by extensions ['ros']
[0.217s] Level 1:colcon.colcon_core.package_identification:_identify(.) by extension 'ros'
[0.224s] Level 1:colcon.colcon_core.package_identification:_identify(.) by extensions ['cmake', 'python']
[0.224s] Level 1:colcon.colcon_core.package_identification:_identify(.) by extension 'cmake'
[0.225s] Level 1:colcon.colcon_core.package_identification:_identify(.) by extension 'python'
[0.225s] Level 1:colcon.colcon_core.package_identification:_identify(.) by extensions ['python_setup_py']
[0.225s] Level 1:colcon.colcon_core.package_identification:_identify(.) by extension 'python_setup_py'
[0.225s] Level 1:colcon.colcon_core.package_identification:_identify(build) by extensions ['ignore', 'ignore_ament_install']
[0.226s] Level 1:colcon.colcon_core.package_identification:_identify(build) by extension 'ignore'
[0.226s] Level 1:colcon.colcon_core.package_identification:_identify(build) ignored
[0.227s] Level 1:colcon.colcon_core.package_identification:_identify(install) by extensions ['ignore', 'ignore_ament_install']
[0.228s] Level 1:colcon.colcon_core.package_identification:_identify(install) by extension 'ignore'
[0.228s] Level 1:colcon.colcon_core.package_identification:_identify(install) ignored
[0.229s] Level 1:colcon.colcon_core.package_identification:_identify(log) by extensions ['ignore', 'ignore_ament_install']
[0.229s] Level 1:colcon.colcon_core.package_identification:_identify(log) by extension 'ignore'
[0.229s] Level 1:colcon.colcon_core.package_identification:_identify(log) ignored
[0.230s] Level 1:colcon.colcon_core.package_identification:_identify(src) by extensions ['ignore', 'ignore_ament_install']
[0.230s] Level 1:colcon.colcon_core.package_identification:_identify(src) by extension 'ignore'
[0.230s] Level 1:colcon.colcon_core.package_identification:_identify(src) by extension 'ignore_ament_install'
[0.230s] Level 1:colcon.colcon_core.package_identification:_identify(src) by extensions ['colcon_pkg']
[0.230s] Level 1:colcon.colcon_core.package_identification:_identify(src) by extension 'colcon_pkg'
[0.230s] Level 1:colcon.colcon_core.package_identification:_identify(src) by extensions ['colcon_meta']
[0.230s] Level 1:colcon.colcon_core.package_identification:_identify(src) by extension 'colcon_meta'
[0.231s] Level 1:colcon.colcon_core.package_identification:_identify(src) by extensions ['ros']
[0.231s] Level 1:colcon.colcon_core.package_identification:_identify(src) by extension 'ros'
[0.231s] Level 1:colcon.colcon_core.package_identification:_identify(src) by extensions ['cmake', 'python']
[0.231s] Level 1:colcon.colcon_core.package_identification:_identify(src) by extension 'cmake'
[0.232s] Level 1:colcon.colcon_core.package_identification:_identify(src) by extension 'python'
[0.232s] Level 1:colcon.colcon_core.package_identification:_identify(src) by extensions ['python_setup_py']
[0.232s] Level 1:colcon.colcon_core.package_identification:_identify(src) by extension 'python_setup_py'
[0.232s] Level 1:colcon.colcon_core.package_identification:_identify(src/lab2_turtlesim) by extensions ['ignore', 'ignore_ament_install']
[0.233s] Level 1:colcon.colcon_core.package_identification:_identify(src/lab2_turtlesim) by extension 'ignore'
[0.233s] Level 1:colcon.colcon_core.package_identification:_identify(src/lab2_turtlesim) by extension 'ignore_ament_install'
[0.233s] Level 1:colcon.colcon_core.package_identification:_identify(src/lab2_turtlesim) by extensions ['colcon_pkg']
[0.233s] Level 1:colcon.colcon_core.package_identification:_identify(src/lab2_turtlesim) by extension 'colcon_pkg'
[0.233s] Level 1:colcon.colcon_core.package_identification:_identify(src/lab2_turtlesim) by extensions ['colcon_meta']
[0.233s] Level 1:colcon.colcon_core.package_identification:_identify(src/lab2_turtlesim) by extension 'colcon_meta'
[0.233s] Level 1:colcon.colcon_core.package_identification:_identify(src/lab2_turtlesim) by extensions ['ros']
[0.234s] Level 1:colcon.colcon_core.package_identification:_identify(src/lab2_turtlesim) by extension 'ros'
[0.237s] DEBUG:colcon.colcon_core.package_identification:Package 'src/lab2_turtlesim' with type 'ros.ament_python' and name 'lab2_turtlesim'
[0.238s] Level 1:colcon.colcon_core.package_identification:_identify(src/turtle_patrol) by extensions ['ignore', 'ignore_ament_install']
[0.238s] Level 1:colcon.colcon_core.package_identification:_identify(src/turtle_patrol) by extension 'ignore'
[0.238s] Level 1:colcon.colcon_core.package_identification:_identify(src/turtle_patrol) by extension 'ignore_ament_install'
[0.238s] Level 1:colcon.colcon_core.package_identification:_identify(src/turtle_patrol) by extensions ['colcon_pkg']
[0.238s] Level 1:colcon.colcon_core.package_identification:_identify(src/turtle_patrol) by extension 'colcon_pkg'
[0.238s] Level 1:colcon.colcon_core.package_identification:_identify(src/turtle_patrol) by extensions ['colcon_meta']
[0.238s] Level 1:colcon.colcon_core.package_identification:_identify(src/turtle_patrol) by extension 'colcon_meta'
[0.238s] Level 1:colcon.colcon_core.package_identification:_identify(src/turtle_patrol) by extensions ['ros']
[0.238s] Level 1:colcon.colcon_core.package_identification:_identify(src/turtle_patrol) by extension 'ros'
[0.240s] DEBUG:colcon.colcon_core.package_identification:Package 'src/turtle_patrol' with type 'ros.ament_python' and name 'turtle_patrol'
[0.240s] Level 1:colcon.colcon_core.package_identification:_identify(src/turtle_patrol_interface) by extensions ['ignore', 'ignore_ament_install']
[0.241s] Level 1:colcon.colcon_core.package_identification:_identify(src/turtle_patrol_interface) by extension 'ignore'
[0.241s] Level 1:colcon.colcon_core.package_identification:_identify(src/turtle_patrol_interface) by extension 'ignore_ament_install'
[0.241s] Level 1:colcon.colcon_core.package_identification:_identify(src/turtle_patrol_interface) by extensions ['colcon_pkg']
[0.241s] Level 1:colcon.colcon_core.package_identification:_identify(src/turtle_patrol_interface) by extension 'colcon_pkg'
[0.241s] Level 1:colcon.colcon_core.package_identification:_identify(src/turtle_patrol_interface) by extensions ['colcon_meta']
[0.241s] Level 1:colcon.colcon_core.package_identification:_identify(src/turtle_patrol_interface) by extension 'colcon_meta'
[0.241s] Level 1:colcon.colcon_core.package_identification:_identify(src/turtle_patrol_interface) by extensions ['ros']
[0.241s] Level 1:colcon.colcon_core.package_identification:_identify(src/turtle_patrol_interface) by extension 'ros'
[0.242s] DEBUG:colcon.colcon_core.package_identification:Package 'src/turtle_patrol_interface' with type 'ros.ament_cmake' and name 'turtle_patrol_interface'
[0.242s] Level 1:colcon.colcon_core.package_discovery:discover_packages(recursive) using defaults
[0.243s] Level 1:colcon.colcon_core.package_discovery:discover_packages(ignore) discover
[0.243s] Level 1:colcon.colcon_core.package_discovery:discover_packages(ignore) using defaults
[0.243s] Level 1:colcon.colcon_core.package_discovery:discover_packages(path) discover
[0.243s] Level 1:colcon.colcon_core.package_discovery:discover_packages(path) using defaults
[0.267s] Level 5:colcon.colcon_core.verb:set package 'lab2_turtlesim' build argument 'cmake_args' from command line to 'None'
[0.267s] Level 5:colcon.colcon_core.verb:set package 'lab2_turtlesim' build argument 'cmake_target' from command line to 'None'
[0.267s] Level 5:colcon.colcon_core.verb:set package 'lab2_turtlesim' build argument 'cmake_target_skip_unavailable' from command line to 'False'
[0.267s] Level 5:colcon.colcon_core.verb:set package 'lab2_turtlesim' build argument 'cmake_clean_cache' from command line to 'False'
[0.267s] Level 5:colcon.colcon_core.verb:set package 'lab2_turtlesim' build argument 'cmake_clean_first' from command line to 'False'
[0.267s] Level 5:colcon.colcon_core.verb:set package 'lab2_turtlesim' build argument 'cmake_force_configure' from command line to 'False'
[0.268s] Level 5:colcon.colcon_core.verb:set package 'lab2_turtlesim' build argument 'ament_cmake_args' from command line to 'None'
[0.268s] Level 5:colcon.colcon_core.verb:set package 'lab2_turtlesim' build argument 'catkin_cmake_args' from command line to 'None'
[0.268s] Level 5:colcon.colcon_core.verb:set package 'lab2_turtlesim' build argument 'catkin_skip_building_tests' from command line to 'False'
[0.268s] DEBUG:colcon.colcon_core.verb:Building package 'lab2_turtlesim' with the following arguments: {'ament_cmake_args': None, 'build_base': '/home/cc/ee106a/fa26/class/ee106a-agi/ros_workspaces/lab2/build/lab2_turtlesim', 'catkin_cmake_args': None, 'catkin_skip_building_tests': False, 'cmake_args': None, 'cmake_clean_cache': False, 'cmake_clean_first': False, 'cmake_force_configure': False, 'cmake_target': None, 'cmake_target_skip_unavailable': False, 'install_base': '/home/cc/ee106a/fa26/class/ee106a-agi/ros_workspaces/lab2/install/lab2_turtlesim', 'merge_install': False, 'path': '/home/cc/ee106a/fa26/class/ee106a-agi/ros_workspaces/lab2/src/lab2_turtlesim', 'symlink_install': False, 'test_result_base': None}
[0.269s] Level 5:colcon.colcon_core.verb:set package 'turtle_patrol' build argument 'cmake_args' from command line to 'None'
[0.270s] Level 5:colcon.colcon_core.verb:set package 'turtle_patrol' build argument 'cmake_target' from command line to 'None'
[0.270s] Level 5:colcon.colcon_core.verb:set package 'turtle_patrol' build argument 'cmake_target_skip_unavailable' from command line to 'False'
[0.270s] Level 5:colcon.colcon_core.verb:set package 'turtle_patrol' build argument 'cmake_clean_cache' from command line to 'False'
[0.270s] Level 5:colcon.colcon_core.verb:set package 'turtle_patrol' build argument 'cmake_clean_first' from command line to 'False'
[0.270s] Level 5:colcon.colcon_core.verb:set package 'turtle_patrol' build argument 'cmake_force_configure' from command line to 'False'
[0.270s] Level 5:colcon.colcon_core.verb:set package 'turtle_patrol' build argument 'ament_cmake_args' from command line to 'None'
[0.270s] Level 5:colcon.colcon_core.verb:set package 'turtle_patrol' build argument 'catkin_cmake_args' from command line to 'None'
[0.270s] Level 5:colcon.colcon_core.verb:set package 'turtle_patrol' build argument 'catkin_skip_building_tests' from command line to 'False'
[0.270s] DEBUG:colcon.colcon_core.verb:Building package 'turtle_patrol' with the following arguments: {'ament_cmake_args': None, 'build_base': '/home/cc/ee106a/fa26/class/ee106a-agi/ros_workspaces/lab2/build/turtle_patrol', 'catkin_cmake_args': None, 'catkin_skip_building_tests': False, 'cmake_args': None, 'cmake_clean_cache': False, 'cmake_clean_first': False, 'cmake_force_configure': False, 'cmake_target': None, 'cmake_target_skip_unavailable': False, 'install_base': '/home/cc/ee106a/fa26/class/ee106a-agi/ros_workspaces/lab2/install/turtle_patrol', 'merge_install': False, 'path': '/home/cc/ee106a/fa26/class/ee106a-agi/ros_workspaces/lab2/src/turtle_patrol', 'symlink_install': False, 'test_result_base': None}
[0.270s] Level 5:colcon.colcon_core.verb:set package 'turtle_patrol_interface' build argument 'cmake_args' from command line to 'None'
[0.271s] Level 5:colcon.colcon_core.verb:set package 'turtle_patrol_interface' build argument 'cmake_target' from command line to 'None'
[0.271s] Level 5:colcon.colcon_core.verb:set package 'turtle_patrol_interface' build argument 'cmake_target_skip_unavailable' from command line to 'False'
[0.271s] Level 5:colcon.colcon_core.verb:set package 'turtle_patrol_interface' build argument 'cmake_clean_cache' from command line to 'False'
[0.271s] Level 5:colcon.colcon_core.verb:set package 'turtle_patrol_interface' build argument 'cmake_clean_first' from command line to 'False'
[0.271s] Level 5:colcon.colcon_core.verb:set package 'turtle_patrol_interface' build argument 'cmake_force_configure' from command line to 'False'
[0.271s] Level 5:colcon.colcon_core.verb:set package 'turtle_patrol_interface' build argument 'ament_cmake_args' from command line to 'None'
[0.271s] Level 5:colcon.colcon_core.verb:set package 'turtle_patrol_interface' build argument 'catkin_cmake_args' from command line to 'None'
[0.271s] Level 5:colcon.colcon_core.verb:set package 'turtle_patrol_interface' build argument 'catkin_skip_building_tests' from command line to 'False'
[0.271s] DEBUG:colcon.colcon_core.verb:Building package 'turtle_patrol_interface' with the following arguments: {'ament_cmake_args': None, 'build_base': '/home/cc/ee106a/fa26/class/ee106a-agi/ros_workspaces/lab2/build/turtle_patrol_interface', 'catkin_cmake_args': None, 'catkin_skip_building_tests': False, 'cmake_args': None, 'cmake_clean_cache': False, 'cmake_clean_first': False, 'cmake_force_configure': False, 'cmake_target': None, 'cmake_target_skip_unavailable': False, 'install_base': '/home/cc/ee106a/fa26/class/ee106a-agi/ros_workspaces/lab2/install/turtle_patrol_interface', 'merge_install': False, 'path': '/home/cc/ee106a/fa26/class/ee106a-agi/ros_workspaces/lab2/src/turtle_patrol_interface', 'symlink_install': False, 'test_result_base': None}
[0.271s] INFO:colcon.colcon_core.executor:Executing jobs using 'parallel' executor
[0.272s] DEBUG:colcon.colcon_parallel_executor.executor.parallel:run_until_complete
[0.272s] INFO:colcon.colcon_ros.task.ament_python.build:Building ROS package in '/home/cc/ee106a/fa26/class/ee106a-agi/ros_workspaces/lab2/src/lab2_turtlesim' with build type 'ament_python'
[0.273s] Level 1:colcon.colcon_core.shell:create_environment_hook('lab2_turtlesim', 'ament_prefix_path')
[0.275s] INFO:colcon.colcon_core.plugin_system:Skipping extension 'colcon_core.shell.bat': Not used on non-Windows systems
[0.275s] INFO:colcon.colcon_core.shell:Creating environment hook '/home/cc/ee106a/fa26/class/ee106a-agi/ros_workspaces/lab2/install/lab2_turtlesim/share/lab2_turtlesim/hook/ament_prefix_path.ps1'
[0.280s] INFO:colcon.colcon_core.shell:Creating environment descriptor '/home/cc/ee106a/fa26/class/ee106a-agi/ros_workspaces/lab2/install/lab2_turtlesim/share/lab2_turtlesim/hook/ament_prefix_path.dsv'
[0.284s] INFO:colcon.colcon_core.shell:Creating environment hook '/home/cc/ee106a/fa26/class/ee106a-agi/ros_workspaces/lab2/install/lab2_turtlesim/share/lab2_turtlesim/hook/ament_prefix_path.sh'
[0.288s] INFO:colcon.colcon_core.shell:Skip shell extension 'powershell' for command environment: Not usable outside of PowerShell
[0.289s] DEBUG:colcon.colcon_core.shell:Skip shell extension 'dsv' for command environment
[0.303s] INFO:colcon.colcon_ros.task.ament_python.build:Building ROS package in '/home/cc/ee106a/fa26/class/ee106a-agi/ros_workspaces/lab2/src/turtle_patrol' with build type 'ament_python'
[0.303s] Level 1:colcon.colcon_core.shell:create_environment_hook('turtle_patrol', 'ament_prefix_path')
[0.304s] INFO:colcon.colcon_core.shell:Creating environment hook '/home/cc/ee106a/fa26/class/ee106a-agi/ros_workspaces/lab2/install/turtle_patrol/share/turtle_patrol/hook/ament_prefix_path.ps1'
[0.310s] INFO:colcon.colcon_core.shell:Creating environment descriptor '/home/cc/ee106a/fa26/class/ee106a-agi/ros_workspaces/lab2/install/turtle_patrol/share/turtle_patrol/hook/ament_prefix_path.dsv'
[0.314s] INFO:colcon.colcon_core.shell:Creating environment hook '/home/cc/ee106a/fa26/class/ee106a-agi/ros_workspaces/lab2/install/turtle_patrol/share/turtle_patrol/hook/ament_prefix_path.sh'
[0.318s] INFO:colcon.colcon_core.shell:Skip shell extension 'powershell' for command environment: Not usable outside of PowerShell
[0.318s] DEBUG:colcon.colcon_core.shell:Skip shell extension 'dsv' for command environment
[0.332s] INFO:colcon.colcon_ros.task.ament_cmake.build:Building ROS package in '/home/cc/ee106a/fa26/class/ee106a-agi/ros_workspaces/lab2/src/turtle_patrol_interface' with build type 'ament_cmake'
[0.333s] INFO:colcon.colcon_cmake.task.cmake.build:Building CMake package in '/home/cc/ee106a/fa26/class/ee106a-agi/ros_workspaces/lab2/src/turtle_patrol_interface'
[0.334s] INFO:colcon.colcon_core.shell:Skip shell extension 'powershell' for command environment: Not usable outside of PowerShell
[0.334s] DEBUG:colcon.colcon_core.shell:Skip shell extension 'dsv' for command environment
[0.562s] INFO:colcon.colcon_core.task.python.build:Building Python package in '/home/cc/ee106a/fa26/class/ee106a-agi/ros_workspaces/lab2/src/lab2_turtlesim'
[0.563s] INFO:colcon.colcon_core.shell:Skip shell extension 'powershell' for command environment: Not usable outside of PowerShell
[0.563s] DEBUG:colcon.colcon_core.shell:Skip shell extension 'dsv' for command environment
[0.795s] INFO:colcon.colcon_core.task.python.build:Building Python package in '/home/cc/ee106a/fa26/class/ee106a-agi/ros_workspaces/lab2/src/turtle_patrol'
[0.795s] INFO:colcon.colcon_core.shell:Skip shell extension 'powershell' for command environment: Not usable outside of PowerShell
[0.796s] DEBUG:colcon.colcon_core.shell:Skip shell extension 'dsv' for command environment
[0.831s] DEBUG:colcon.colcon_core.event_handler.log_command:Invoking command in '/home/cc/ee106a/fa26/class/ee106a-agi/ros_workspaces/lab2/build/turtle_patrol_interface': CMAKE_PREFIX_PATH=${CMAKE_PREFIX_PATH}:/opt/ros/turtlebot3_ws/install/turtlebot3_teleop:/opt/ros/turtlebot3_ws/install/turtlebot3_example:/opt/ros/humble /usr/bin/cmake /home/cc/ee106a/fa26/class/ee106a-agi/ros_workspaces/lab2/src/turtle_patrol_interface -DCMAKE_INSTALL_PREFIX=/home/cc/ee106a/fa26/class/ee106a-agi/ros_workspaces/lab2/install/turtle_patrol_interface
[1.190s] DEBUG:colcon.colcon_core.task.python.build:Available setuptools commands: clean, alias, egg_info, bdist_rpm, install_scripts, compile_catalog, symlink_data, check, install_egg_info, upload, sdist, install_data, bdist, register, develop, bdist_egg, upload_docs, dist_info, test, rotate, extract_messages, init_catalog, install_lib, install, build_ext, build_py, install_headers, saveopts, setopt, bdist_wheel, easy_install, update_catalog, build_clib, bdist_dumb, build_scripts, build
[1.199s] DEBUG:colcon.colcon_core.event_handler.log_command:Invoking command in '/home/cc/ee106a/fa26/class/ee106a-agi/ros_workspaces/lab2/build/turtle_patrol': PYTHONPATH=/home/cc/ee106a/fa26/class/ee106a-agi/ros_workspaces/lab2/build/turtle_patrol/prefix_override:/usr/lib/python3/dist-packages/colcon_core/task/python/colcon_distutils_commands:/home/cc/ee106a/fa26/class/ee106a-agi/ros_workspaces/lab2/install/turtle_patrol/lib/python3.10/site-packages:${PYTHONPATH} /usr/bin/python3 -W ignore:setup.py install is deprecated -W ignore:easy_install command is deprecated setup.py develop --uninstall --editable --build-directory /home/cc/ee106a/fa26/class/ee106a-agi/ros_workspaces/lab2/build/turtle_patrol/build
[1.201s] DEBUG:colcon.colcon_core.task.python.build:Available setuptools commands: clean, alias, egg_info, bdist_rpm, install_scripts, compile_catalog, symlink_data, check, install_egg_info, upload, sdist, install_data, bdist, register, develop, bdist_egg, upload_docs, dist_info, test, rotate, extract_messages, init_catalog, install_lib, install, build_ext, build_py, install_headers, saveopts, setopt, bdist_wheel, easy_install, update_catalog, build_clib, bdist_dumb, build_scripts, build
[1.210s] DEBUG:colcon.colcon_core.event_handler.log_command:Invoking command in '/home/cc/ee106a/fa26/class/ee106a-agi/ros_workspaces/lab2/build/lab2_turtlesim': PYTHONPATH=/home/cc/ee106a/fa26/class/ee106a-agi/ros_workspaces/lab2/build/lab2_turtlesim/prefix_override:/usr/lib/python3/dist-packages/colcon_core/task/python/colcon_distutils_commands:/home/cc/ee106a/fa26/class/ee106a-agi/ros_workspaces/lab2/install/lab2_turtlesim/lib/python3.10/site-packages:${PYTHONPATH} /usr/bin/python3 -W ignore:setup.py install is deprecated -W ignore:easy_install command is deprecated setup.py develop --uninstall --editable --build-directory /home/cc/ee106a/fa26/class/ee106a-agi/ros_workspaces/lab2/build/lab2_turtlesim/build
[1.573s] DEBUG:colcon.colcon_core.event_handler.log_command:Invoked command in '/home/cc/ee106a/fa26/class/ee106a-agi/ros_workspaces/lab2/build/lab2_turtlesim' returned '0': PYTHONPATH=/home/cc/ee106a/fa26/class/ee106a-agi/ros_workspaces/lab2/build/lab2_turtlesim/prefix_override:/usr/lib/python3/dist-packages/colcon_core/task/python/colcon_distutils_commands:/home/cc/ee106a/fa26/class/ee106a-agi/ros_workspaces/lab2/install/lab2_turtlesim/lib/python3.10/site-packages:${PYTHONPATH} /usr/bin/python3 -W ignore:setup.py install is deprecated -W ignore:easy_install command is deprecated setup.py develop --uninstall --editable --build-directory /home/cc/ee106a/fa26/class/ee106a-agi/ros_workspaces/lab2/build/lab2_turtlesim/build
[1.579s] DEBUG:colcon.colcon_core.event_handler.log_command:Invoking command in '/home/cc/ee106a/fa26/class/ee106a-agi/ros_workspaces/lab2/src/lab2_turtlesim': PYTHONPATH=/home/cc/ee106a/fa26/class/ee106a-agi/ros_workspaces/lab2/build/lab2_turtlesim/prefix_override:/usr/lib/python3/dist-packages/colcon_core/task/python/colcon_distutils_commands:/home/cc/ee106a/fa26/class/ee106a-agi/ros_workspaces/lab2/install/lab2_turtlesim/lib/python3.10/site-packages:${PYTHONPATH} /usr/bin/python3 -W ignore:setup.py install is deprecated -W ignore:easy_install command is deprecated setup.py egg_info --egg-base ../../build/lab2_turtlesim build --build-base /home/cc/ee106a/fa26/class/ee106a-agi/ros_workspaces/lab2/build/lab2_turtlesim/build install --record /home/cc/ee106a/fa26/class/ee106a-agi/ros_workspaces/lab2/build/lab2_turtlesim/install.log --install-scripts $base/lib/lab2_turtlesim --single-version-externally-managed install_data --force
[1.580s] DEBUG:colcon.colcon_core.event_handler.log_command:Invoked command in '/home/cc/ee106a/fa26/class/ee106a-agi/ros_workspaces/lab2/build/turtle_patrol' returned '0': PYTHONPATH=/home/cc/ee106a/fa26/class/ee106a-agi/ros_workspaces/lab2/build/turtle_patrol/prefix_override:/usr/lib/python3/dist-packages/colcon_core/task/python/colcon_distutils_commands:/home/cc/ee106a/fa26/class/ee106a-agi/ros_workspaces/lab2/install/turtle_patrol/lib/python3.10/site-packages:${PYTHONPATH} /usr/bin/python3 -W ignore:setup.py install is deprecated -W ignore:easy_install command is deprecated setup.py develop --uninstall --editable --build-directory /home/cc/ee106a/fa26/class/ee106a-agi/ros_workspaces/lab2/build/turtle_patrol/build
[1.587s] DEBUG:colcon.colcon_core.event_handler.log_command:Invoking command in '/home/cc/ee106a/fa26/class/ee106a-agi/ros_workspaces/lab2/src/turtle_patrol': PYTHONPATH=/home/cc/ee106a/fa26/class/ee106a-agi/ros_workspaces/lab2/build/turtle_patrol/prefix_override:/usr/lib/python3/dist-packages/colcon_core/task/python/colcon_distutils_commands:/home/cc/ee106a/fa26/class/ee106a-agi/ros_workspaces/lab2/install/turtle_patrol/lib/python3.10/site-packages:${PYTHONPATH} /usr/bin/python3 -W ignore:setup.py install is deprecated -W ignore:easy_install command is deprecated setup.py egg_info --egg-base ../../build/turtle_patrol build --build-base /home/cc/ee106a/fa26/class/ee106a-agi/ros_workspaces/lab2/build/turtle_patrol/build install --record /home/cc/ee106a/fa26/class/ee106a-agi/ros_workspaces/lab2/build/turtle_patrol/install.log --install-scripts $base/lib/turtle_patrol --single-version-externally-managed install_data --force
[1.998s] DEBUG:colcon.colcon_core.event_handler.log_command:Invoked command in '/home/cc/ee106a/fa26/class/ee106a-agi/ros_workspaces/lab2/src/lab2_turtlesim' returned '0': PYTHONPATH=/home/cc/ee106a/fa26/class/ee106a-agi/ros_workspaces/lab2/build/lab2_turtlesim/prefix_override:/usr/lib/python3/dist-packages/colcon_core/task/python/colcon_distutils_commands:/home/cc/ee106a/fa26/class/ee106a-agi/ros_workspaces/lab2/install/lab2_turtlesim/lib/python3.10/site-packages:${PYTHONPATH} /usr/bin/python3 -W ignore:setup.py install is deprecated -W ignore:easy_install command is deprecated setup.py egg_info --egg-base ../../build/lab2_turtlesim build --build-base /home/cc/ee106a/fa26/class/ee106a-agi/ros_workspaces/lab2/build/lab2_turtlesim/build install --record /home/cc/ee106a/fa26/class/ee106a-agi/ros_workspaces/lab2/build/lab2_turtlesim/install.log --install-scripts $base/lib/lab2_turtlesim --single-version-externally-managed install_data --force
[2.001s] Level 1:colcon.colcon_core.environment:checking '/home/cc/ee106a/fa26/class/ee106a-agi/ros_workspaces/lab2/install/lab2_turtlesim' for CMake module files
[2.006s] Level 1:colcon.colcon_core.environment:checking '/home/cc/ee106a/fa26/class/ee106a-agi/ros_workspaces/lab2/install/lab2_turtlesim' for CMake config files
[2.013s] Level 1:colcon.colcon_core.environment:checking '/home/cc/ee106a/fa26/class/ee106a-agi/ros_workspaces/lab2/install/lab2_turtlesim/lib'
[2.014s] Level 1:colcon.colcon_core.environment:checking '/home/cc/ee106a/fa26/class/ee106a-agi/ros_workspaces/lab2/install/lab2_turtlesim/bin'
[2.014s] Level 1:colcon.colcon_core.environment:checking '/home/cc/ee106a/fa26/class/ee106a-agi/ros_workspaces/lab2/install/lab2_turtlesim/lib/pkgconfig/lab2_turtlesim.pc'
[2.014s] Level 1:colcon.colcon_core.environment:checking '/home/cc/ee106a/fa26/class/ee106a-agi/ros_workspaces/lab2/install/lab2_turtlesim/lib/python3.10/site-packages'
[2.014s] Level 1:colcon.colcon_core.shell:create_environment_hook('lab2_turtlesim', 'pythonpath')
[2.015s] INFO:colcon.colcon_core.shell:Creating environment hook '/home/cc/ee106a/fa26/class/ee106a-agi/ros_workspaces/lab2/install/lab2_turtlesim/share/lab2_turtlesim/hook/pythonpath.ps1'
[2.018s] INFO:colcon.colcon_core.shell:Creating environment descriptor '/home/cc/ee106a/fa26/class/ee106a-agi/ros_workspaces/lab2/install/lab2_turtlesim/share/lab2_turtlesim/hook/pythonpath.dsv'
[2.022s] INFO:colcon.colcon_core.shell:Creating environment hook '/home/cc/ee106a/fa26/class/ee106a-agi/ros_workspaces/lab2/install/lab2_turtlesim/share/lab2_turtlesim/hook/pythonpath.sh'
[2.027s] Level 1:colcon.colcon_core.environment:checking '/home/cc/ee106a/fa26/class/ee106a-agi/ros_workspaces/lab2/install/lab2_turtlesim/bin'
[2.027s] Level 1:colcon.colcon_core.environment:create_environment_scripts_only(lab2_turtlesim)
[2.028s] INFO:colcon.colcon_core.shell:Creating package script '/home/cc/ee106a/fa26/class/ee106a-agi/ros_workspaces/lab2/install/lab2_turtlesim/share/lab2_turtlesim/package.ps1'
[2.033s] INFO:colcon.colcon_core.shell:Creating package descriptor '/home/cc/ee106a/fa26/class/ee106a-agi/ros_workspaces/lab2/install/lab2_turtlesim/share/lab2_turtlesim/package.dsv'
[2.037s] INFO:colcon.colcon_core.shell:Creating package script '/home/cc/ee106a/fa26/class/ee106a-agi/ros_workspaces/lab2/install/lab2_turtlesim/share/lab2_turtlesim/package.sh'
[2.042s] INFO:colcon.colcon_core.shell:Creating package script '/home/cc/ee106a/fa26/class/ee106a-agi/ros_workspaces/lab2/install/lab2_turtlesim/share/lab2_turtlesim/package.bash'
[2.046s] INFO:colcon.colcon_core.shell:Creating package script '/home/cc/ee106a/fa26/class/ee106a-agi/ros_workspaces/lab2/install/lab2_turtlesim/share/lab2_turtlesim/package.zsh'
[2.050s] Level 1:colcon.colcon_core.environment:create_file_with_runtime_dependencies(/home/cc/ee106a/fa26/class/ee106a-agi/ros_workspaces/lab2/install/lab2_turtlesim/share/colcon-core/packages/lab2_turtlesim)
[2.057s] Level 1:colcon.colcon_core.environment:checking '/home/cc/ee106a/fa26/class/ee106a-agi/ros_workspaces/lab2/install/turtle_patrol' for CMake module files
[2.057s] DEBUG:colcon.colcon_core.event_handler.log_command:Invoked command in '/home/cc/ee106a/fa26/class/ee106a-agi/ros_workspaces/lab2/src/turtle_patrol' returned '0': PYTHONPATH=/home/cc/ee106a/fa26/class/ee106a-agi/ros_workspaces/lab2/build/turtle_patrol/prefix_override:/usr/lib/python3/dist-packages/colcon_core/task/python/colcon_distutils_commands:/home/cc/ee106a/fa26/class/ee106a-agi/ros_workspaces/lab2/install/turtle_patrol/lib/python3.10/site-packages:${PYTHONPATH} /usr/bin/python3 -W ignore:setup.py install is deprecated -W ignore:easy_install command is deprecated setup.py egg_info --egg-base ../../build/turtle_patrol build --build-base /home/cc/ee106a/fa26/class/ee106a-agi/ros_workspaces/lab2/build/turtle_patrol/build install --record /home/cc/ee106a/fa26/class/ee106a-agi/ros_workspaces/lab2/build/turtle_patrol/install.log --install-scripts $base/lib/turtle_patrol --single-version-externally-managed install_data --force
[2.060s] Level 1:colcon.colcon_core.environment:checking '/home/cc/ee106a/fa26/class/ee106a-agi/ros_workspaces/lab2/install/turtle_patrol' for CMake config files
[2.067s] Level 1:colcon.colcon_core.environment:checking '/home/cc/ee106a/fa26/class/ee106a-agi/ros_workspaces/lab2/install/turtle_patrol/lib'
[2.067s] Level 1:colcon.colcon_core.environment:checking '/home/cc/ee106a/fa26/class/ee106a-agi/ros_workspaces/lab2/install/turtle_patrol/bin'
[2.068s] Level 1:colcon.colcon_core.environment:checking '/home/cc/ee106a/fa26/class/ee106a-agi/ros_workspaces/lab2/install/turtle_patrol/lib/pkgconfig/turtle_patrol.pc'
[2.069s] Level 1:colcon.colcon_core.environment:checking '/home/cc/ee106a/fa26/class/ee106a-agi/ros_workspaces/lab2/install/turtle_patrol/lib/python3.10/site-packages'
[2.070s] Level 1:colcon.colcon_core.shell:create_environment_hook('turtle_patrol', 'pythonpath')
[2.070s] INFO:colcon.colcon_core.shell:Creating environment hook '/home/cc/ee106a/fa26/class/ee106a-agi/ros_workspaces/lab2/install/turtle_patrol/share/turtle_patrol/hook/pythonpath.ps1'
[2.075s] INFO:colcon.colcon_core.shell:Creating environment descriptor '/home/cc/ee106a/fa26/class/ee106a-agi/ros_workspaces/lab2/install/turtle_patrol/share/turtle_patrol/hook/pythonpath.dsv'
[2.078s] INFO:colcon.colcon_core.shell:Creating environment hook '/home/cc/ee106a/fa26/class/ee106a-agi/ros_workspaces/lab2/install/turtle_patrol/share/turtle_patrol/hook/pythonpath.sh'
[2.082s] Level 1:colcon.colcon_core.environment:checking '/home/cc/ee106a/fa26/class/ee106a-agi/ros_workspaces/lab2/install/turtle_patrol/bin'
[2.082s] Level 1:colcon.colcon_core.environment:create_environment_scripts_only(turtle_patrol)
[2.083s] INFO:colcon.colcon_core.shell:Creating package script '/home/cc/ee106a/fa26/class/ee106a-agi/ros_workspaces/lab2/install/turtle_patrol/share/turtle_patrol/package.ps1'
[2.088s] INFO:colcon.colcon_core.shell:Creating package descriptor '/home/cc/ee106a/fa26/class/ee106a-agi/ros_workspaces/lab2/install/turtle_patrol/share/turtle_patrol/package.dsv'
[2.092s] INFO:colcon.colcon_core.shell:Creating package script '/home/cc/ee106a/fa26/class/ee106a-agi/ros_workspaces/lab2/install/turtle_patrol/share/turtle_patrol/package.sh'
[2.095s] INFO:colcon.colcon_core.shell:Creating package script '/home/cc/ee106a/fa26/class/ee106a-agi/ros_workspaces/lab2/install/turtle_patrol/share/turtle_patrol/package.bash'
[2.098s] INFO:colcon.colcon_core.shell:Creating package script '/home/cc/ee106a/fa26/class/ee106a-agi/ros_workspaces/lab2/install/turtle_patrol/share/turtle_patrol/package.zsh'
[2.102s] Level 1:colcon.colcon_core.environment:create_file_with_runtime_dependencies(/home/cc/ee106a/fa26/class/ee106a-agi/ros_workspaces/lab2/install/turtle_patrol/share/colcon-core/packages/turtle_patrol)
[6.532s] DEBUG:colcon.colcon_core.event_handler.log_command:Invoked command in '/home/cc/ee106a/fa26/class/ee106a-agi/ros_workspaces/lab2/build/turtle_patrol_interface' returned '0': CMAKE_PREFIX_PATH=${CMAKE_PREFIX_PATH}:/opt/ros/turtlebot3_ws/install/turtlebot3_teleop:/opt/ros/turtlebot3_ws/install/turtlebot3_example:/opt/ros/humble /usr/bin/cmake /home/cc/ee106a/fa26/class/ee106a-agi/ros_workspaces/lab2/src/turtle_patrol_interface -DCMAKE_INSTALL_PREFIX=/home/cc/ee106a/fa26/class/ee106a-agi/ros_workspaces/lab2/install/turtle_patrol_interface
[6.539s] DEBUG:colcon.colcon_core.event_handler.log_command:Invoking command in '/home/cc/ee106a/fa26/class/ee106a-agi/ros_workspaces/lab2/build/turtle_patrol_interface': CMAKE_PREFIX_PATH=${CMAKE_PREFIX_PATH}:/opt/ros/turtlebot3_ws/install/turtlebot3_teleop:/opt/ros/turtlebot3_ws/install/turtlebot3_example:/opt/ros/humble /usr/bin/cmake --build /home/cc/ee106a/fa26/class/ee106a-agi/ros_workspaces/lab2/build/turtle_patrol_interface -- -j32 -l32
[7.225s] DEBUG:colcon.colcon_core.event_handler.log_command:Invoked command in '/home/cc/ee106a/fa26/class/ee106a-agi/ros_workspaces/lab2/build/turtle_patrol_interface' returned '0': CMAKE_PREFIX_PATH=${CMAKE_PREFIX_PATH}:/opt/ros/turtlebot3_ws/install/turtlebot3_teleop:/opt/ros/turtlebot3_ws/install/turtlebot3_example:/opt/ros/humble /usr/bin/cmake --build /home/cc/ee106a/fa26/class/ee106a-agi/ros_workspaces/lab2/build/turtle_patrol_interface -- -j32 -l32
[7.250s] DEBUG:colcon.colcon_core.event_handler.log_command:Invoking command in '/home/cc/ee106a/fa26/class/ee106a-agi/ros_workspaces/lab2/build/turtle_patrol_interface': CMAKE_PREFIX_PATH=${CMAKE_PREFIX_PATH}:/opt/ros/turtlebot3_ws/install/turtlebot3_teleop:/opt/ros/turtlebot3_ws/install/turtlebot3_example:/opt/ros/humble /usr/bin/cmake --install /home/cc/ee106a/fa26/class/ee106a-agi/ros_workspaces/lab2/build/turtle_patrol_interface
[7.632s] Level 1:colcon.colcon_core.environment:create_environment_scripts_only(turtle_patrol_interface)
[7.632s] Level 1:colcon.colcon_core.environment:checking '/home/cc/ee106a/fa26/class/ee106a-agi/ros_workspaces/lab2/install/turtle_patrol_interface' for CMake module files
[7.633s] DEBUG:colcon.colcon_core.event_handler.log_command:Invoked command in '/home/cc/ee106a/fa26/class/ee106a-agi/ros_workspaces/lab2/build/turtle_patrol_interface' returned '0': CMAKE_PREFIX_PATH=${CMAKE_PREFIX_PATH}:/opt/ros/turtlebot3_ws/install/turtlebot3_teleop:/opt/ros/turtlebot3_ws/install/turtlebot3_example:/opt/ros/humble /usr/bin/cmake --install /home/cc/ee106a/fa26/class/ee106a-agi/ros_workspaces/lab2/build/turtle_patrol_interface
[7.636s] Level 1:colcon.colcon_core.environment:checking '/home/cc/ee106a/fa26/class/ee106a-agi/ros_workspaces/lab2/install/turtle_patrol_interface' for CMake config files
[7.642s] Level 1:colcon.colcon_core.shell:create_environment_hook('turtle_patrol_interface', 'cmake_prefix_path')
[7.643s] INFO:colcon.colcon_core.shell:Creating environment hook '/home/cc/ee106a/fa26/class/ee106a-agi/ros_workspaces/lab2/install/turtle_patrol_interface/share/turtle_patrol_interface/hook/cmake_prefix_path.ps1'
[7.647s] INFO:colcon.colcon_core.shell:Creating environment descriptor '/home/cc/ee106a/fa26/class/ee106a-agi/ros_workspaces/lab2/install/turtle_patrol_interface/share/turtle_patrol_interface/hook/cmake_prefix_path.dsv'
[7.651s] INFO:colcon.colcon_core.shell:Creating environment hook '/home/cc/ee106a/fa26/class/ee106a-agi/ros_workspaces/lab2/install/turtle_patrol_interface/share/turtle_patrol_interface/hook/cmake_prefix_path.sh'
[7.654s] Level 1:colcon.colcon_core.environment:checking '/home/cc/ee106a/fa26/class/ee106a-agi/ros_workspaces/lab2/install/turtle_patrol_interface/lib'
[7.655s] Level 1:colcon.colcon_core.shell:create_environment_hook('turtle_patrol_interface', 'ld_library_path_lib')
[7.655s] INFO:colcon.colcon_core.shell:Creating environment hook '/home/cc/ee106a/fa26/class/ee106a-agi/ros_workspaces/lab2/install/turtle_patrol_interface/share/turtle_patrol_interface/hook/ld_library_path_lib.ps1'
[7.659s] INFO:colcon.colcon_core.shell:Creating environment descriptor '/home/cc/ee106a/fa26/class/ee106a-agi/ros_workspaces/lab2/install/turtle_patrol_interface/share/turtle_patrol_interface/hook/ld_library_path_lib.dsv'
[7.662s] INFO:colcon.colcon_core.shell:Creating environment hook '/home/cc/ee106a/fa26/class/ee106a-agi/ros_workspaces/lab2/install/turtle_patrol_interface/share/turtle_patrol_interface/hook/ld_library_path_lib.sh'
[7.665s] Level 1:colcon.colcon_core.environment:checking '/home/cc/ee106a/fa26/class/ee106a-agi/ros_workspaces/lab2/install/turtle_patrol_interface/bin'
[7.665s] Level 1:colcon.colcon_core.environment:checking '/home/cc/ee106a/fa26/class/ee106a-agi/ros_workspaces/lab2/install/turtle_patrol_interface/lib/pkgconfig/turtle_patrol_interface.pc'
[7.666s] Level 1:colcon.colcon_core.environment:checking '/home/cc/ee106a/fa26/class/ee106a-agi/ros_workspaces/lab2/install/turtle_patrol_interface/lib/python3.10/site-packages'
[7.668s] Level 1:colcon.colcon_core.environment:checking '/home/cc/ee106a/fa26/class/ee106a-agi/ros_workspaces/lab2/install/turtle_patrol_interface/bin'
[7.669s] INFO:colcon.colcon_core.shell:Creating package script '/home/cc/ee106a/fa26/class/ee106a-agi/ros_workspaces/lab2/install/turtle_patrol_interface/share/turtle_patrol_interface/package.ps1'
[7.672s] INFO:colcon.colcon_core.shell:Creating package descriptor '/home/cc/ee106a/fa26/class/ee106a-agi/ros_workspaces/lab2/install/turtle_patrol_interface/share/turtle_patrol_interface/package.dsv'
[7.675s] INFO:colcon.colcon_core.shell:Creating package script '/home/cc/ee106a/fa26/class/ee106a-agi/ros_workspaces/lab2/install/turtle_patrol_interface/share/turtle_patrol_interface/package.sh'
[7.679s] INFO:colcon.colcon_core.shell:Creating package script '/home/cc/ee106a/fa26/class/ee106a-agi/ros_workspaces/lab2/install/turtle_patrol_interface/share/turtle_patrol_interface/package.bash'
[7.682s] INFO:colcon.colcon_core.shell:Creating package script '/home/cc/ee106a/fa26/class/ee106a-agi/ros_workspaces/lab2/install/turtle_patrol_interface/share/turtle_patrol_interface/package.zsh'
[7.685s] Level 1:colcon.colcon_core.environment:create_file_with_runtime_dependencies(/home/cc/ee106a/fa26/class/ee106a-agi/ros_workspaces/lab2/install/turtle_patrol_interface/share/colcon-core/packages/turtle_patrol_interface)
[7.688s] Level 1:colcon.colcon_core.environment:create_environment_scripts_only(turtle_patrol_interface)
[7.689s] Level 1:colcon.colcon_core.environment:checking '/home/cc/ee106a/fa26/class/ee106a-agi/ros_workspaces/lab2/install/turtle_patrol_interface' for CMake module files
[7.691s] Level 1:colcon.colcon_core.environment:checking '/home/cc/ee106a/fa26/class/ee106a-agi/ros_workspaces/lab2/install/turtle_patrol_interface' for CMake config files
[7.695s] Level 1:colcon.colcon_core.shell:create_environment_hook('turtle_patrol_interface', 'cmake_prefix_path')
[7.696s] INFO:colcon.colcon_core.shell:Creating environment hook '/home/cc/ee106a/fa26/class/ee106a-agi/ros_workspaces/lab2/install/turtle_patrol_interface/share/turtle_patrol_interface/hook/cmake_prefix_path.ps1'
[7.699s] INFO:colcon.colcon_core.shell:Creating environment descriptor '/home/cc/ee106a/fa26/class/ee106a-agi/ros_workspaces/lab2/install/turtle_patrol_interface/share/turtle_patrol_interface/hook/cmake_prefix_path.dsv'
[7.702s] INFO:colcon.colcon_core.shell:Creating environment hook '/home/cc/ee106a/fa26/class/ee106a-agi/ros_workspaces/lab2/install/turtle_patrol_interface/share/turtle_patrol_interface/hook/cmake_prefix_path.sh'
[7.706s] Level 1:colcon.colcon_core.environment:checking '/home/cc/ee106a/fa26/class/ee106a-agi/ros_workspaces/lab2/install/turtle_patrol_interface/lib'
[7.706s] Level 1:colcon.colcon_core.shell:create_environment_hook('turtle_patrol_interface', 'ld_library_path_lib')
[7.707s] INFO:colcon.colcon_core.shell:Creating environment hook '/home/cc/ee106a/fa26/class/ee106a-agi/ros_workspaces/lab2/install/turtle_patrol_interface/share/turtle_patrol_interface/hook/ld_library_path_lib.ps1'
[7.709s] INFO:colcon.colcon_core.shell:Creating environment descriptor '/home/cc/ee106a/fa26/class/ee106a-agi/ros_workspaces/lab2/install/turtle_patrol_interface/share/turtle_patrol_interface/hook/ld_library_path_lib.dsv'
[7.712s] INFO:colcon.colcon_core.shell:Creating environment hook '/home/cc/ee106a/fa26/class/ee106a-agi/ros_workspaces/lab2/install/turtle_patrol_interface/share/turtle_patrol_interface/hook/ld_library_path_lib.sh'
[7.714s] Level 1:colcon.colcon_core.environment:checking '/home/cc/ee106a/fa26/class/ee106a-agi/ros_workspaces/lab2/install/turtle_patrol_interface/bin'
[7.714s] Level 1:colcon.colcon_core.environment:checking '/home/cc/ee106a/fa26/class/ee106a-agi/ros_workspaces/lab2/install/turtle_patrol_interface/lib/pkgconfig/turtle_patrol_interface.pc'
[7.714s] Level 1:colcon.colcon_core.environment:checking '/home/cc/ee106a/fa26/class/ee106a-agi/ros_workspaces/lab2/install/turtle_patrol_interface/lib/python3.10/site-packages'
[7.715s] Level 1:colcon.colcon_core.environment:checking '/home/cc/ee106a/fa26/class/ee106a-agi/ros_workspaces/lab2/install/turtle_patrol_interface/bin'
[7.716s] INFO:colcon.colcon_core.shell:Creating package script '/home/cc/ee106a/fa26/class/ee106a-agi/ros_workspaces/lab2/install/turtle_patrol_interface/share/turtle_patrol_interface/package.ps1'
[7.719s] INFO:colcon.colcon_core.shell:Creating package descriptor '/home/cc/ee106a/fa26/class/ee106a-agi/ros_workspaces/lab2/install/turtle_patrol_interface/share/turtle_patrol_interface/package.dsv'
[7.722s] INFO:colcon.colcon_core.shell:Creating package script '/home/cc/ee106a/fa26/class/ee106a-agi/ros_workspaces/lab2/install/turtle_patrol_interface/share/turtle_patrol_interface/package.sh'
[7.726s] INFO:colcon.colcon_core.shell:Creating package script '/home/cc/ee106a/fa26/class/ee106a-agi/ros_workspaces/lab2/install/turtle_patrol_interface/share/turtle_patrol_interface/package.bash'
[7.728s] INFO:colcon.colcon_core.shell:Creating package script '/home/cc/ee106a/fa26/class/ee106a-agi/ros_workspaces/lab2/install/turtle_patrol_interface/share/turtle_patrol_interface/package.zsh'
[7.731s] Level 1:colcon.colcon_core.environment:create_file_with_runtime_dependencies(/home/cc/ee106a/fa26/class/ee106a-agi/ros_workspaces/lab2/install/turtle_patrol_interface/share/colcon-core/packages/turtle_patrol_interface)
[7.733s] DEBUG:colcon.colcon_parallel_executor.executor.parallel:closing loop
[7.733s] DEBUG:colcon.colcon_parallel_executor.executor.parallel:loop closed
[7.735s] DEBUG:colcon.colcon_parallel_executor.executor.parallel:run_until_complete finished with '0'
[7.735s] DEBUG:colcon.colcon_core.event_reactor:joining thread
[7.749s] INFO:colcon.colcon_core.plugin_system:Skipping extension 'colcon_notification.desktop_notification.notify_send': Could not find 'notify-send'
[7.749s] INFO:colcon.colcon_core.plugin_system:Skipping extension 'colcon_notification.desktop_notification.terminal_notifier': Not used on non-Darwin systems
[7.750s] INFO:colcon.colcon_core.plugin_system:Skipping extension 'colcon_notification.desktop_notification.win32': Not used on non-Windows systems
[7.750s] INFO:colcon.colcon_notification.desktop_notification:Sending desktop notification using 'notify2'
[7.865s] DEBUG:colcon.colcon_core.event_reactor:joined thread
[7.865s] INFO:colcon.colcon_core.shell:Creating prefix script '/home/cc/ee106a/fa26/class/ee106a-agi/ros_workspaces/lab2/install/local_setup.ps1'
[7.871s] INFO:colcon.colcon_core.shell:Creating prefix util module '/home/cc/ee106a/fa26/class/ee106a-agi/ros_workspaces/lab2/install/_local_setup_util_ps1.py'
[7.876s] INFO:colcon.colcon_core.shell:Creating prefix chain script '/home/cc/ee106a/fa26/class/ee106a-agi/ros_workspaces/lab2/install/setup.ps1'
[7.884s] INFO:colcon.colcon_core.shell:Creating prefix script '/home/cc/ee106a/fa26/class/ee106a-agi/ros_workspaces/lab2/install/local_setup.sh'
[7.888s] INFO:colcon.colcon_core.shell:Creating prefix util module '/home/cc/ee106a/fa26/class/ee106a-agi/ros_workspaces/lab2/install/_local_setup_util_sh.py'
[7.892s] INFO:colcon.colcon_core.shell:Creating prefix chain script '/home/cc/ee106a/fa26/class/ee106a-agi/ros_workspaces/lab2/install/setup.sh'
[7.898s] INFO:colcon.colcon_core.shell:Creating prefix script '/home/cc/ee106a/fa26/class/ee106a-agi/ros_workspaces/lab2/install/local_setup.bash'
[7.901s] INFO:colcon.colcon_core.shell:Creating prefix chain script '/home/cc/ee106a/fa26/class/ee106a-agi/ros_workspaces/lab2/install/setup.bash'
[7.906s] INFO:colcon.colcon_core.shell:Creating prefix script '/home/cc/ee106a/fa26/class/ee106a-agi/ros_workspaces/lab2/install/local_setup.zsh'
[7.909s] INFO:colcon.colcon_core.shell:Creating prefix chain script '/home/cc/ee106a/fa26/class/ee106a-agi/ros_workspaces/lab2/install/setup.zsh'
