[5.711s] Invoking command in '/home/cc/ee106a/fa26/class/ee106a-agi/ros_workspaces/lab2/build/turtle_patrol': PYTHONPATH=/home/cc/ee106a/fa26/class/ee106a-agi/ros_workspaces/lab2/build/turtle_patrol/prefix_override:/usr/lib/python3/dist-packages/colcon_core/task/python/colcon_distutils_commands:/home/cc/ee106a/fa26/class/ee106a-agi/ros_workspaces/lab2/install/turtle_patrol/lib/python3.10/site-packages:${PYTHONPATH} /usr/bin/python3 -W ignore:setup.py install is deprecated -W ignore:easy_install command is deprecated setup.py develop --editable --build-directory /home/cc/ee106a/fa26/class/ee106a-agi/ros_workspaces/lab2/build/turtle_patrol/build --no-deps symlink_data
[7.335s] running develop
[8.576s] running egg_info
[8.578s] writing turtle_patrol.egg-info/PKG-INFO
[8.584s] writing dependency_links to turtle_patrol.egg-info/dependency_links.txt
[8.589s] writing entry points to turtle_patrol.egg-info/entry_points.txt
[8.595s] writing requirements to turtle_patrol.egg-info/requires.txt
[8.599s] writing top-level names to turtle_patrol.egg-info/top_level.txt
[8.616s] reading manifest file 'turtle_patrol.egg-info/SOURCES.txt'
[8.621s] writing manifest file 'turtle_patrol.egg-info/SOURCES.txt'
[8.631s] running build_ext
[8.634s] Creating /home/cc/ee106a/fa26/class/ee106a-agi/ros_workspaces/lab2/install/turtle_patrol/lib/python3.10/site-packages/turtle-patrol.egg-link (link to .)
[8.640s] Installing multi_patrol_server script to /home/cc/ee106a/fa26/class/ee106a-agi/ros_workspaces/lab2/install/turtle_patrol/lib/turtle_patrol
[8.647s] Installing patrol_client script to /home/cc/ee106a/fa26/class/ee106a-agi/ros_workspaces/lab2/install/turtle_patrol/lib/turtle_patrol
[8.655s] Installing patrol_client_sol script to /home/cc/ee106a/fa26/class/ee106a-agi/ros_workspaces/lab2/install/turtle_patrol/lib/turtle_patrol
[8.663s] Installing patrol_server script to /home/cc/ee106a/fa26/class/ee106a-agi/ros_workspaces/lab2/install/turtle_patrol/lib/turtle_patrol
[8.670s] Installing patrol_server_sol script to /home/cc/ee106a/fa26/class/ee106a-agi/ros_workspaces/lab2/install/turtle_patrol/lib/turtle_patrol
[8.677s] 
[8.678s] Installed /home/cc/ee106a/fa26/class/ee106a-agi/ros_workspaces/lab2/build/turtle_patrol
[8.679s] running symlink_data
[8.763s] Invoked command in '/home/cc/ee106a/fa26/class/ee106a-agi/ros_workspaces/lab2/build/turtle_patrol' returned '0': PYTHONPATH=/home/cc/ee106a/fa26/class/ee106a-agi/ros_workspaces/lab2/build/turtle_patrol/prefix_override:/usr/lib/python3/dist-packages/colcon_core/task/python/colcon_distutils_commands:/home/cc/ee106a/fa26/class/ee106a-agi/ros_workspaces/lab2/install/turtle_patrol/lib/python3.10/site-packages:${PYTHONPATH} /usr/bin/python3 -W ignore:setup.py install is deprecated -W ignore:easy_install command is deprecated setup.py develop --editable --build-directory /home/cc/ee106a/fa26/class/ee106a-agi/ros_workspaces/lab2/build/turtle_patrol/build --no-deps symlink_data
