[0.000000] (-) TimerEvent: {}
[0.000559] (lab2_turtlesim) JobQueued: {'identifier': 'lab2_turtlesim', 'dependencies': OrderedDict()}
[0.000673] (turtle_patrol) JobQueued: {'identifier': 'turtle_patrol', 'dependencies': OrderedDict()}
[0.000737] (turtle_patrol_interface) JobQueued: {'identifier': 'turtle_patrol_interface', 'dependencies': OrderedDict()}
[0.000803] (lab2_turtlesim) JobStarted: {'identifier': 'lab2_turtlesim'}
[0.075853] (turtle_patrol) JobStarted: {'identifier': 'turtle_patrol'}
[0.096266] (-) TimerEvent: {}
[0.126698] (turtle_patrol_interface) JobStarted: {'identifier': 'turtle_patrol_interface'}
[0.196495] (-) TimerEvent: {}
[0.297344] (-) TimerEvent: {}
[0.398192] (-) TimerEvent: {}
[0.498780] (-) TimerEvent: {}
[0.599450] (-) TimerEvent: {}
[0.700308] (-) TimerEvent: {}
[0.801267] (-) TimerEvent: {}
[0.902074] (-) TimerEvent: {}
[1.003835] (-) TimerEvent: {}
[1.104567] (-) TimerEvent: {}
[1.205271] (-) TimerEvent: {}
[1.306017] (-) TimerEvent: {}
[1.406640] (-) TimerEvent: {}
[1.507230] (-) TimerEvent: {}
[1.607820] (-) TimerEvent: {}
[1.708814] (-) TimerEvent: {}
[1.809943] (-) TimerEvent: {}
[1.910751] (-) TimerEvent: {}
[2.011557] (-) TimerEvent: {}
[2.112568] (-) TimerEvent: {}
[2.213588] (-) TimerEvent: {}
[2.314389] (-) TimerEvent: {}
[2.415062] (-) TimerEvent: {}
[2.515676] (-) TimerEvent: {}
[2.616234] (-) TimerEvent: {}
[2.716875] (-) TimerEvent: {}
[2.817855] (-) TimerEvent: {}
[2.918780] (-) TimerEvent: {}
[3.019395] (-) TimerEvent: {}
[3.120085] (-) TimerEvent: {}
[3.220669] (-) TimerEvent: {}
[3.321638] (-) TimerEvent: {}
[3.422283] (-) TimerEvent: {}
[3.523025] (-) TimerEvent: {}
[3.623538] (-) TimerEvent: {}
[3.724490] (-) TimerEvent: {}
[3.825179] (-) TimerEvent: {}
[3.925749] (-) TimerEvent: {}
[4.026559] (-) TimerEvent: {}
[4.127153] (-) TimerEvent: {}
[4.227761] (-) TimerEvent: {}
[4.328575] (-) TimerEvent: {}
[4.390581] (turtle_patrol_interface) JobProgress: {'identifier': 'turtle_patrol_interface', 'progress': 'cmake'}
[4.395999] (turtle_patrol_interface) JobProgress: {'identifier': 'turtle_patrol_interface', 'progress': 'build'}
[4.398998] (turtle_patrol_interface) Command: {'cmd': ['/usr/bin/cmake', '--build', '/home/cc/ee106a/fa26/class/ee106a-agi/ros_workspaces/lab2/build/turtle_patrol_interface', '--', '-j24', '-l24'], 'cwd': '/home/cc/ee106a/fa26/class/ee106a-agi/ros_workspaces/lab2/build/turtle_patrol_interface', 'env': OrderedDict([('ARCH', 'x86_64'), ('QT_SCALE_FACTOR', '1'), ('USER', 'ee106a-agi'), ('HOSTNAME', 'lab12'), ('SSH_AGENT_PID', '135874'), ('XDG_SESSION_TYPE', 'x11'), ('MASTERDIR', '/home/ff/ee106a'), ('XDG_CACHE_HOME', '/home/cc/ee106a/fa26/class/ee106a-agi/.cache'), ('SHLVL', '2'), ('LD_LIBRARY_PATH', '/usr/lib/x86_64-linux-gnu/gazebo-11/plugins:/opt/ros/humble/opt/rviz_ogre_vendor/lib:/opt/ros/humble/lib/x86_64-linux-gnu:/opt/ros/humble/lib'), ('HOME', '/home/cc/ee106a/fa26/class/ee106a-agi'), ('OLDPWD', '/home/cc/ee106a/fa26/class/ee106a-agi'), ('ROS_PYTHON_VERSION', '3'), ('GTK_MODULES', 'appmenu-gtk-module:gail:atk-bridge'), ('DISTROBOX_ENTER_PATH', '/usr/local/bin/distrobox-enter'), ('XRDP_PULSE_SOURCE_SOCKET', 'xrdp_chansrv_audio_in_socket_80'), ('NNTPSERVER', 'news.csua.berkeley.edu'), ('VISUAL', 'emacs'), ('XRDP_PULSE_SINK_SOCKET', 'xrdp_chansrv_audio_out_socket_80'), ('XDG_STATE_HOME', '/home/cc/ee106a/fa26/class/ee106a-agi/.local/state'), ('DBUS_SESSION_BUS_ADDRESS', 'unix:path=/run/user/91029/bus'), ('COLORTERM', 'truecolor'), ('container', 'podman'), ('LIBVIRT_DEFAULT_URI', 'qemu:///system'), ('UBUNTU_MENUPROXY', '1'), ('PULSE_SCRIPT', '/etc/xrdp/pulse/default.pa'), ('COLCON_PREFIX_PATH', '/home/ff/ee106a/robot_workspaces/ur/install'), ('ROS_DISTRO', 'humble'), ('GTK_IM_MODULE', 'ibus'), ('LOGNAME', 'ee106a-agi'), ('MASTER', 'ee106a'), ('WINDOWID', '46139060'), ('ROS_VERSION', '2'), ('XDG_SESSION_CLASS', 'user'), ('TERMINFO_DIRS', '/usr/share/terminfo:/run/host/usr/share/terminfo'), ('TERM', 'xterm-256color'), ('GTK_OVERLAY_SCROLLING', '0'), ('XDG_SESSION_ID', 'c16'), ('ROS_LOCALHOST_ONLY', '0'), ('GTK2_MODULES', 'overlay-scrollbar'), ('PATH', '/opt/ros/humble/bin:/share/b/grading/bin:/home/ff/ee106a/bin:/home/ff/ee106a/bin/arch/x86_64:/share/b/grading/bin:/home/ff/ee106a/bin:/home/ff/ee106a/bin/arch/x86_64:/usr/local/sbin:/usr/local/bin:/usr/sbin:/usr/bin:/sbin:/bin:/usr/games:/usr/local/games:/snap/bin:/share/b/grading/bin:/share/b/grading/sbin:/share/b/runas/x86_64:/share/b/bin:/home/ff/ee106a/venvs/all:/usr/local/sbin:/usr/local/bin:/usr/sbin:/usr/bin:/sbin:/bin:/share/b/grading/bin:/share/b/grading/sbin:/share/b/runas/x86_64:/share/b/bin:/home/ff/ee106a/venvs/all'), ('SESSION_MANAGER', 'local/derby:@/tmp/.ICE-unix/135561,unix/derby:/tmp/.ICE-unix/135561'), ('OS', 'Linux'), ('XRDP_SOCKET_PATH', '/run/xrdp/sockdir'), ('XDG_RUNTIME_DIR', '/run/user/91029'), ('DISPLAY', ':80.0'), ('LANG', 'en_US.UTF-8'), ('XDG_CURRENT_DESKTOP', 'MATE'), ('XDG_DATA_HOME', '/home/cc/ee106a/fa26/class/ee106a-agi/.local/share'), ('XDG_CONFIG_HOME', '/home/cc/ee106a/fa26/class/ee106a-agi/.config'), ('XMODIFIERS', '@im=ibus'), ('SSH_AUTH_SOCK', '/run/user/91029/keyring/ssh'), ('AMENT_PREFIX_PATH', '/home/ff/ee106a/robot_workspaces/ur/install/ur7e_utils:/opt/ros/humble'), ('UID', '91029'), ('SHELL', '/usr/bin/bash'), ('QT_ACCESSIBILITY', '1'), ('RUNAS', '/share/b/runas/x86_64'), ('XRDP_SESSION', '1'), ('GPG_AGENT_INFO', '/run/user/91029/gnupg/S.gpg-agent:0:1'), ('CONFIG_SHELL', '/usr/bin/ksh'), ('QT_IM_MODULE', 'ibus'), ('PWD', '/home/cc/ee106a/fa26/class/ee106a-agi/ros_workspaces/lab2/build/turtle_patrol_interface'), ('EE106_ENV_SETUP', 'lab12'), ('CONTAINER_ID', 'lab12'), ('LC_ALL', 'C.UTF-8'), ('XDG_CONFIG_DIRS', '/etc/xdg'), ('CLUTTER_IM_MODULE', 'ibus'), ('XDG_DATA_DIRS', '/usr/share/mate:/usr/share/gnome:/home/cc/ee106a/fa26/class/ee106a-agi/.local/share/flatpak/exports/share:/var/lib/flatpak/exports/share:/usr/local/share:/usr/share:/var/lib/snapd/desktop'), ('PYTHONPATH', '/home/ff/ee106a/robot_workspaces/ur/install/ur7e_utils/lib/python3.10/site-packages:/opt/ros/humble/lib/python3.10/site-packages:/opt/ros/humble/local/lib/python3.10/dist-packages'), ('MATE_DESKTOP_SESSION_ID', 'this-is-deprecated'), ('COLCON', '1'), ('MANPATH', '/usr/local/man:/usr/man:/usr/X11/man:/usr/local/man:/share/b/grading/man:/usr/local/man:/usr/man:/usr/X11/man:/usr/local/man:/share/b/grading/man:'), ('VTE_VERSION', '6800'), ('EDITOR', 'emacs'), ('QT_FONT_DPI', '96'), ('CMAKE_PREFIX_PATH', '/home/ff/ee106a/robot_workspaces/ur/install/ur7e_utils:/opt/ros/humble')]), 'shell': False}
[4.430473] (-) TimerEvent: {}
[4.531290] (-) TimerEvent: {}
[4.632367] (-) TimerEvent: {}
[4.733202] (-) TimerEvent: {}
[4.834309] (-) TimerEvent: {}
[4.904126] (turtle_patrol_interface) StdoutLine: {'line': b'-- Found ament_cmake: 1.3.14 (/opt/ros/humble/share/ament_cmake/cmake)\n'}
[4.934647] (-) TimerEvent: {}
[5.036843] (-) TimerEvent: {}
[5.137707] (-) TimerEvent: {}
[5.239086] (-) TimerEvent: {}
[5.339873] (-) TimerEvent: {}
[5.441113] (-) TimerEvent: {}
[5.541859] (-) TimerEvent: {}
[5.642655] (-) TimerEvent: {}
[5.743366] (-) TimerEvent: {}
[5.844319] (-) TimerEvent: {}
[5.945064] (-) TimerEvent: {}
[6.045752] (-) TimerEvent: {}
[6.099426] (turtle_patrol_interface) StdoutLine: {'line': b'-- Override CMake install command with custom implementation using symlinks instead of copying resources\n'}
[6.146410] (-) TimerEvent: {}
[6.247093] (-) TimerEvent: {}
[6.260856] (turtle_patrol_interface) StdoutLine: {'line': b'-- Found geometry_msgs: 4.9.2 (/opt/ros/humble/share/geometry_msgs/cmake)\n'}
[6.347334] (-) TimerEvent: {}
[6.448070] (-) TimerEvent: {}
[6.531592] (turtle_patrol_interface) StdoutLine: {'line': b'-- Found rosidl_generator_c: 3.1.9 (/opt/ros/humble/share/rosidl_generator_c/cmake)\n'}
[6.548366] (-) TimerEvent: {}
[6.554586] (turtle_patrol_interface) StdoutLine: {'line': b'-- Found rosidl_adapter: 3.1.9 (/opt/ros/humble/share/rosidl_adapter/cmake)\n'}
[6.608228] (turtle_patrol_interface) StdoutLine: {'line': b'-- Found rosidl_generator_cpp: 3.1.9 (/opt/ros/humble/share/rosidl_generator_cpp/cmake)\n'}
[6.649013] (-) TimerEvent: {}
[6.684074] (turtle_patrol_interface) StdoutLine: {'line': b'-- Using all available rosidl_typesupport_c: rosidl_typesupport_fastrtps_c;rosidl_typesupport_introspection_c\n'}
[6.749192] (-) TimerEvent: {}
[6.773411] (turtle_patrol_interface) StdoutLine: {'line': b'-- Using all available rosidl_typesupport_cpp: rosidl_typesupport_fastrtps_cpp;rosidl_typesupport_introspection_cpp\n'}
[6.849467] (-) TimerEvent: {}
[6.950359] (-) TimerEvent: {}
[7.014617] (turtle_patrol_interface) StdoutLine: {'line': b'-- Found rosidl_default_generators: 1.2.1 (/opt/ros/humble/share/rosidl_default_generators/cmake)\n'}
[7.050642] (-) TimerEvent: {}
[7.151835] (-) TimerEvent: {}
[7.253174] (-) TimerEvent: {}
[7.354480] (-) TimerEvent: {}
[7.455251] (-) TimerEvent: {}
[7.555841] (-) TimerEvent: {}
[7.656731] (-) TimerEvent: {}
[7.757464] (-) TimerEvent: {}
[7.858459] (-) TimerEvent: {}
[7.959241] (-) TimerEvent: {}
[8.060074] (-) TimerEvent: {}
[8.160793] (-) TimerEvent: {}
[8.261627] (-) TimerEvent: {}
[8.362440] (-) TimerEvent: {}
[8.463214] (-) TimerEvent: {}
[8.564073] (-) TimerEvent: {}
[8.665030] (-) TimerEvent: {}
[8.765802] (-) TimerEvent: {}
[8.866599] (-) TimerEvent: {}
[8.968964] (-) TimerEvent: {}
[9.069654] (-) TimerEvent: {}
[9.170426] (-) TimerEvent: {}
[9.271258] (-) TimerEvent: {}
[9.372050] (-) TimerEvent: {}
[9.472617] (-) TimerEvent: {}
[9.573353] (-) TimerEvent: {}
[9.674371] (-) TimerEvent: {}
[9.775043] (-) TimerEvent: {}
[9.790603] (turtle_patrol_interface) StdoutLine: {'line': b'-- Found ament_cmake_ros: 0.10.0 (/opt/ros/humble/share/ament_cmake_ros/cmake)\n'}
[9.875231] (-) TimerEvent: {}
[9.976008] (-) TimerEvent: {}
[10.076708] (-) TimerEvent: {}
[10.177460] (-) TimerEvent: {}
[10.278359] (-) TimerEvent: {}
[10.379222] (-) TimerEvent: {}
[10.479877] (-) TimerEvent: {}
[10.580602] (-) TimerEvent: {}
[10.681503] (-) TimerEvent: {}
[10.782246] (-) TimerEvent: {}
[10.883006] (-) TimerEvent: {}
[10.983983] (-) TimerEvent: {}
[11.084858] (-) TimerEvent: {}
[11.120874] (turtle_patrol) Command: {'cmd': ['/usr/bin/python3', '-W', 'ignore:setup.py install is deprecated', '-W', 'ignore:easy_install command is deprecated', 'setup.py', 'develop', '--editable', '--build-directory', '/home/cc/ee106a/fa26/class/ee106a-agi/ros_workspaces/lab2/build/turtle_patrol/build', '--no-deps', 'symlink_data'], 'cwd': '/home/cc/ee106a/fa26/class/ee106a-agi/ros_workspaces/lab2/build/turtle_patrol', 'env': {'ARCH': 'x86_64', 'QT_SCALE_FACTOR': '1', 'USER': 'ee106a-agi', 'HOSTNAME': 'lab12', 'SSH_AGENT_PID': '135874', 'XDG_SESSION_TYPE': 'x11', 'MASTERDIR': '/home/ff/ee106a', 'XDG_CACHE_HOME': '/home/cc/ee106a/fa26/class/ee106a-agi/.cache', 'SHLVL': '2', 'LD_LIBRARY_PATH': '/usr/lib/x86_64-linux-gnu/gazebo-11/plugins:/opt/ros/humble/opt/rviz_ogre_vendor/lib:/opt/ros/humble/lib/x86_64-linux-gnu:/opt/ros/humble/lib', 'HOME': '/home/cc/ee106a/fa26/class/ee106a-agi', 'OLDPWD': '/home/cc/ee106a/fa26/class/ee106a-agi', 'ROS_PYTHON_VERSION': '3', 'GTK_MODULES': 'appmenu-gtk-module:gail:atk-bridge', 'DISTROBOX_ENTER_PATH': '/usr/local/bin/distrobox-enter', 'XRDP_PULSE_SOURCE_SOCKET': 'xrdp_chansrv_audio_in_socket_80', 'NNTPSERVER': 'news.csua.berkeley.edu', 'VISUAL': 'emacs', 'XRDP_PULSE_SINK_SOCKET': 'xrdp_chansrv_audio_out_socket_80', 'XDG_STATE_HOME': '/home/cc/ee106a/fa26/class/ee106a-agi/.local/state', 'DBUS_SESSION_BUS_ADDRESS': 'unix:path=/run/user/91029/bus', 'COLORTERM': 'truecolor', 'container': 'podman', 'LIBVIRT_DEFAULT_URI': 'qemu:///system', 'UBUNTU_MENUPROXY': '1', 'PULSE_SCRIPT': '/etc/xrdp/pulse/default.pa', 'COLCON_PREFIX_PATH': '/home/ff/ee106a/robot_workspaces/ur/install', 'ROS_DISTRO': 'humble', 'GTK_IM_MODULE': 'ibus', 'LOGNAME': 'ee106a-agi', 'MASTER': 'ee106a', 'WINDOWID': '46139060', 'ROS_VERSION': '2', 'XDG_SESSION_CLASS': 'user', 'TERMINFO_DIRS': '/usr/share/terminfo:/run/host/usr/share/terminfo', 'TERM': 'xterm-256color', 'GTK_OVERLAY_SCROLLING': '0', 'XDG_SESSION_ID': 'c16', 'ROS_LOCALHOST_ONLY': '0', 'GTK2_MODULES': 'overlay-scrollbar', 'PATH': '/opt/ros/humble/bin:/share/b/grading/bin:/home/ff/ee106a/bin:/home/ff/ee106a/bin/arch/x86_64:/share/b/grading/bin:/home/ff/ee106a/bin:/home/ff/ee106a/bin/arch/x86_64:/usr/local/sbin:/usr/local/bin:/usr/sbin:/usr/bin:/sbin:/bin:/usr/games:/usr/local/games:/snap/bin:/share/b/grading/bin:/share/b/grading/sbin:/share/b/runas/x86_64:/share/b/bin:/home/ff/ee106a/venvs/all:/usr/local/sbin:/usr/local/bin:/usr/sbin:/usr/bin:/sbin:/bin:/share/b/grading/bin:/share/b/grading/sbin:/share/b/runas/x86_64:/share/b/bin:/home/ff/ee106a/venvs/all', 'SESSION_MANAGER': 'local/derby:@/tmp/.ICE-unix/135561,unix/derby:/tmp/.ICE-unix/135561', 'OS': 'Linux', 'XRDP_SOCKET_PATH': '/run/xrdp/sockdir', 'XDG_RUNTIME_DIR': '/run/user/91029', 'DISPLAY': ':80.0', 'LANG': 'en_US.UTF-8', 'XDG_CURRENT_DESKTOP': 'MATE', 'XDG_DATA_HOME': '/home/cc/ee106a/fa26/class/ee106a-agi/.local/share', 'XDG_CONFIG_HOME': '/home/cc/ee106a/fa26/class/ee106a-agi/.config', 'XMODIFIERS': '@im=ibus', 'SSH_AUTH_SOCK': '/run/user/91029/keyring/ssh', 'AMENT_PREFIX_PATH': '/home/ff/ee106a/robot_workspaces/ur/install/ur7e_utils:/opt/ros/humble', 'UID': '91029', 'SHELL': '/usr/bin/bash', 'QT_ACCESSIBILITY': '1', 'RUNAS': '/share/b/runas/x86_64', 'XRDP_SESSION': '1', 'GPG_AGENT_INFO': '/run/user/91029/gnupg/S.gpg-agent:0:1', 'CONFIG_SHELL': '/usr/bin/ksh', 'QT_IM_MODULE': 'ibus', 'PWD': '/home/cc/ee106a/fa26/class/ee106a-agi/ros_workspaces/lab2/build/turtle_patrol', 'EE106_ENV_SETUP': 'lab12', 'CONTAINER_ID': 'lab12', 'LC_ALL': 'C.UTF-8', 'XDG_CONFIG_DIRS': '/etc/xdg', 'CLUTTER_IM_MODULE': 'ibus', 'XDG_DATA_DIRS': '/usr/share/mate:/usr/share/gnome:/home/cc/ee106a/fa26/class/ee106a-agi/.local/share/flatpak/exports/share:/var/lib/flatpak/exports/share:/usr/local/share:/usr/share:/var/lib/snapd/desktop', 'PYTHONPATH': '/home/cc/ee106a/fa26/class/ee106a-agi/ros_workspaces/lab2/build/turtle_patrol/prefix_override:/usr/lib/python3/dist-packages/colcon_core/task/python/colcon_distutils_commands:/home/cc/ee106a/fa26/class/ee106a-agi/ros_workspaces/lab2/install/turtle_patrol/lib/python3.10/site-packages:/home/ff/ee106a/robot_workspaces/ur/install/ur7e_utils/lib/python3.10/site-packages:/opt/ros/humble/lib/python3.10/site-packages:/opt/ros/humble/local/lib/python3.10/dist-packages', 'MATE_DESKTOP_SESSION_ID': 'this-is-deprecated', 'COLCON': '1', 'MANPATH': '/usr/local/man:/usr/man:/usr/X11/man:/usr/local/man:/share/b/grading/man:/usr/local/man:/usr/man:/usr/X11/man:/usr/local/man:/share/b/grading/man:', 'VTE_VERSION': '6800', 'EDITOR': 'emacs', 'QT_FONT_DPI': '96'}, 'shell': False}
[11.185278] (-) TimerEvent: {}
[11.188539] (lab2_turtlesim) Command: {'cmd': ['/usr/bin/python3', '-W', 'ignore:setup.py install is deprecated', '-W', 'ignore:easy_install command is deprecated', 'setup.py', 'develop', '--editable', '--build-directory', '/home/cc/ee106a/fa26/class/ee106a-agi/ros_workspaces/lab2/build/lab2_turtlesim/build', '--no-deps', 'symlink_data'], 'cwd': '/home/cc/ee106a/fa26/class/ee106a-agi/ros_workspaces/lab2/build/lab2_turtlesim', 'env': {'ARCH': 'x86_64', 'QT_SCALE_FACTOR': '1', 'USER': 'ee106a-agi', 'HOSTNAME': 'lab12', 'SSH_AGENT_PID': '135874', 'XDG_SESSION_TYPE': 'x11', 'MASTERDIR': '/home/ff/ee106a', 'XDG_CACHE_HOME': '/home/cc/ee106a/fa26/class/ee106a-agi/.cache', 'SHLVL': '2', 'LD_LIBRARY_PATH': '/usr/lib/x86_64-linux-gnu/gazebo-11/plugins:/opt/ros/humble/opt/rviz_ogre_vendor/lib:/opt/ros/humble/lib/x86_64-linux-gnu:/opt/ros/humble/lib', 'HOME': '/home/cc/ee106a/fa26/class/ee106a-agi', 'OLDPWD': '/home/cc/ee106a/fa26/class/ee106a-agi', 'ROS_PYTHON_VERSION': '3', 'GTK_MODULES': 'appmenu-gtk-module:gail:atk-bridge', 'DISTROBOX_ENTER_PATH': '/usr/local/bin/distrobox-enter', 'XRDP_PULSE_SOURCE_SOCKET': 'xrdp_chansrv_audio_in_socket_80', 'NNTPSERVER': 'news.csua.berkeley.edu', 'VISUAL': 'emacs', 'XRDP_PULSE_SINK_SOCKET': 'xrdp_chansrv_audio_out_socket_80', 'XDG_STATE_HOME': '/home/cc/ee106a/fa26/class/ee106a-agi/.local/state', 'DBUS_SESSION_BUS_ADDRESS': 'unix:path=/run/user/91029/bus', 'COLORTERM': 'truecolor', 'container': 'podman', 'LIBVIRT_DEFAULT_URI': 'qemu:///system', 'UBUNTU_MENUPROXY': '1', 'PULSE_SCRIPT': '/etc/xrdp/pulse/default.pa', 'COLCON_PREFIX_PATH': '/home/ff/ee106a/robot_workspaces/ur/install', 'ROS_DISTRO': 'humble', 'GTK_IM_MODULE': 'ibus', 'LOGNAME': 'ee106a-agi', 'MASTER': 'ee106a', 'WINDOWID': '46139060', 'ROS_VERSION': '2', 'XDG_SESSION_CLASS': 'user', 'TERMINFO_DIRS': '/usr/share/terminfo:/run/host/usr/share/terminfo', 'TERM': 'xterm-256color', 'GTK_OVERLAY_SCROLLING': '0', 'XDG_SESSION_ID': 'c16', 'ROS_LOCALHOST_ONLY': '0', 'GTK2_MODULES': 'overlay-scrollbar', 'PATH': '/opt/ros/humble/bin:/share/b/grading/bin:/home/ff/ee106a/bin:/home/ff/ee106a/bin/arch/x86_64:/share/b/grading/bin:/home/ff/ee106a/bin:/home/ff/ee106a/bin/arch/x86_64:/usr/local/sbin:/usr/local/bin:/usr/sbin:/usr/bin:/sbin:/bin:/usr/games:/usr/local/games:/snap/bin:/share/b/grading/bin:/share/b/grading/sbin:/share/b/runas/x86_64:/share/b/bin:/home/ff/ee106a/venvs/all:/usr/local/sbin:/usr/local/bin:/usr/sbin:/usr/bin:/sbin:/bin:/share/b/grading/bin:/share/b/grading/sbin:/share/b/runas/x86_64:/share/b/bin:/home/ff/ee106a/venvs/all', 'SESSION_MANAGER': 'local/derby:@/tmp/.ICE-unix/135561,unix/derby:/tmp/.ICE-unix/135561', 'OS': 'Linux', 'XRDP_SOCKET_PATH': '/run/xrdp/sockdir', 'XDG_RUNTIME_DIR': '/run/user/91029', 'DISPLAY': ':80.0', 'LANG': 'en_US.UTF-8', 'XDG_CURRENT_DESKTOP': 'MATE', 'XDG_DATA_HOME': '/home/cc/ee106a/fa26/class/ee106a-agi/.local/share', 'XDG_CONFIG_HOME': '/home/cc/ee106a/fa26/class/ee106a-agi/.config', 'XMODIFIERS': '@im=ibus', 'SSH_AUTH_SOCK': '/run/user/91029/keyring/ssh', 'AMENT_PREFIX_PATH': '/home/ff/ee106a/robot_workspaces/ur/install/ur7e_utils:/opt/ros/humble', 'UID': '91029', 'SHELL': '/usr/bin/bash', 'QT_ACCESSIBILITY': '1', 'RUNAS': '/share/b/runas/x86_64', 'XRDP_SESSION': '1', 'GPG_AGENT_INFO': '/run/user/91029/gnupg/S.gpg-agent:0:1', 'CONFIG_SHELL': '/usr/bin/ksh', 'QT_IM_MODULE': 'ibus', 'PWD': '/home/cc/ee106a/fa26/class/ee106a-agi/ros_workspaces/lab2/build/lab2_turtlesim', 'EE106_ENV_SETUP': 'lab12', 'CONTAINER_ID': 'lab12', 'LC_ALL': 'C.UTF-8', 'XDG_CONFIG_DIRS': '/etc/xdg', 'CLUTTER_IM_MODULE': 'ibus', 'XDG_DATA_DIRS': '/usr/share/mate:/usr/share/gnome:/home/cc/ee106a/fa26/class/ee106a-agi/.local/share/flatpak/exports/share:/var/lib/flatpak/exports/share:/usr/local/share:/usr/share:/var/lib/snapd/desktop', 'PYTHONPATH': '/home/cc/ee106a/fa26/class/ee106a-agi/ros_workspaces/lab2/build/lab2_turtlesim/prefix_override:/usr/lib/python3/dist-packages/colcon_core/task/python/colcon_distutils_commands:/home/cc/ee106a/fa26/class/ee106a-agi/ros_workspaces/lab2/install/lab2_turtlesim/lib/python3.10/site-packages:/home/ff/ee106a/robot_workspaces/ur/install/ur7e_utils/lib/python3.10/site-packages:/opt/ros/humble/lib/python3.10/site-packages:/opt/ros/humble/local/lib/python3.10/dist-packages', 'MATE_DESKTOP_SESSION_ID': 'this-is-deprecated', 'COLCON': '1', 'MANPATH': '/usr/local/man:/usr/man:/usr/X11/man:/usr/local/man:/share/b/grading/man:/usr/local/man:/usr/man:/usr/X11/man:/usr/local/man:/share/b/grading/man:', 'VTE_VERSION': '6800', 'EDITOR': 'emacs', 'QT_FONT_DPI': '96'}, 'shell': False}
[11.285521] (-) TimerEvent: {}
[11.386381] (-) TimerEvent: {}
[11.487091] (-) TimerEvent: {}
[11.587699] (-) TimerEvent: {}
[11.688416] (-) TimerEvent: {}
[11.789071] (-) TimerEvent: {}
[11.889691] (-) TimerEvent: {}
[11.990274] (-) TimerEvent: {}
[12.091229] (-) TimerEvent: {}
[12.192052] (-) TimerEvent: {}
[12.292702] (-) TimerEvent: {}
[12.393429] (-) TimerEvent: {}
[12.494133] (-) TimerEvent: {}
[12.595040] (-) TimerEvent: {}
[12.695757] (-) TimerEvent: {}
[12.796653] (-) TimerEvent: {}
[12.897434] (-) TimerEvent: {}
[12.998147] (-) TimerEvent: {}
[13.044573] (turtle_patrol) StdoutLine: {'line': b'running develop\n'}
[13.072132] (lab2_turtlesim) StdoutLine: {'line': b'running develop\n'}
[13.098337] (-) TimerEvent: {}
[13.199185] (-) TimerEvent: {}
[13.300146] (-) TimerEvent: {}
[13.401112] (-) TimerEvent: {}
[13.502864] (-) TimerEvent: {}
[13.603601] (-) TimerEvent: {}
[13.704396] (-) TimerEvent: {}
[13.805031] (-) TimerEvent: {}
[13.905592] (-) TimerEvent: {}
[14.006364] (-) TimerEvent: {}
[14.107075] (-) TimerEvent: {}
[14.207680] (-) TimerEvent: {}
[14.280375] (turtle_patrol_interface) StdoutLine: {'line': b'-- Using all available rosidl_typesupport_c: rosidl_typesupport_fastrtps_c;rosidl_typesupport_introspection_c\n'}
[14.308085] (-) TimerEvent: {}
[14.408827] (-) TimerEvent: {}
[14.509747] (-) TimerEvent: {}
[14.610513] (-) TimerEvent: {}
[14.711780] (-) TimerEvent: {}
[14.812555] (-) TimerEvent: {}
[14.913356] (-) TimerEvent: {}
[15.014078] (-) TimerEvent: {}
[15.114962] (-) TimerEvent: {}
[15.215839] (-) TimerEvent: {}
[15.317431] (-) TimerEvent: {}
[15.418230] (-) TimerEvent: {}
[15.519939] (-) TimerEvent: {}
[15.622225] (-) TimerEvent: {}
[15.722817] (-) TimerEvent: {}
[15.746649] (turtle_patrol) StdoutLine: {'line': b'running egg_info\n'}
[15.748333] (turtle_patrol) StdoutLine: {'line': b'writing turtle_patrol.egg-info/PKG-INFO\n'}
[15.753119] (turtle_patrol) StdoutLine: {'line': b'writing dependency_links to turtle_patrol.egg-info/dependency_links.txt\n'}
[15.757401] (turtle_patrol) StdoutLine: {'line': b'writing entry points to turtle_patrol.egg-info/entry_points.txt\n'}
[15.760985] (turtle_patrol) StdoutLine: {'line': b'writing requirements to turtle_patrol.egg-info/requires.txt\n'}
[15.764549] (turtle_patrol) StdoutLine: {'line': b'writing top-level names to turtle_patrol.egg-info/top_level.txt\n'}
[15.788137] (turtle_patrol) StdoutLine: {'line': b"reading manifest file 'turtle_patrol.egg-info/SOURCES.txt'\n"}
[15.792311] (turtle_patrol) StdoutLine: {'line': b"writing manifest file 'turtle_patrol.egg-info/SOURCES.txt'\n"}
[15.815149] (turtle_patrol) StdoutLine: {'line': b'running build_ext\n'}
[15.815669] (turtle_patrol) StdoutLine: {'line': b'Creating /home/cc/ee106a/fa26/class/ee106a-agi/ros_workspaces/lab2/install/turtle_patrol/lib/python3.10/site-packages/turtle-patrol.egg-link (link to .)\n'}
[15.821133] (turtle_patrol) StdoutLine: {'line': b'Installing multi_patrol_client script to /home/cc/ee106a/fa26/class/ee106a-agi/ros_workspaces/lab2/install/turtle_patrol/lib/turtle_patrol\n'}
[15.823005] (-) TimerEvent: {}
[15.828134] (turtle_patrol) StdoutLine: {'line': b'Installing multi_patrol_server script to /home/cc/ee106a/fa26/class/ee106a-agi/ros_workspaces/lab2/install/turtle_patrol/lib/turtle_patrol\n'}
[15.835257] (turtle_patrol) StdoutLine: {'line': b'Installing patrol_client script to /home/cc/ee106a/fa26/class/ee106a-agi/ros_workspaces/lab2/install/turtle_patrol/lib/turtle_patrol\n'}
[15.842744] (turtle_patrol) StdoutLine: {'line': b'Installing patrol_client_sol script to /home/cc/ee106a/fa26/class/ee106a-agi/ros_workspaces/lab2/install/turtle_patrol/lib/turtle_patrol\n'}
[15.849031] (turtle_patrol) StdoutLine: {'line': b'Installing patrol_server script to /home/cc/ee106a/fa26/class/ee106a-agi/ros_workspaces/lab2/install/turtle_patrol/lib/turtle_patrol\n'}
[15.856661] (turtle_patrol) StdoutLine: {'line': b'Installing patrol_server_sol script to /home/cc/ee106a/fa26/class/ee106a-agi/ros_workspaces/lab2/install/turtle_patrol/lib/turtle_patrol\n'}
[15.864278] (turtle_patrol) StdoutLine: {'line': b'\n'}
[15.864688] (turtle_patrol) StdoutLine: {'line': b'Installed /home/cc/ee106a/fa26/class/ee106a-agi/ros_workspaces/lab2/build/turtle_patrol\n'}
[15.864877] (turtle_patrol) StdoutLine: {'line': b'running symlink_data\n'}
[15.905592] (lab2_turtlesim) StdoutLine: {'line': b'running egg_info\n'}
[15.907561] (lab2_turtlesim) StdoutLine: {'line': b'writing lab2_turtlesim.egg-info/PKG-INFO\n'}
[15.912287] (lab2_turtlesim) StdoutLine: {'line': b'writing dependency_links to lab2_turtlesim.egg-info/dependency_links.txt\n'}
[15.916257] (lab2_turtlesim) StdoutLine: {'line': b'writing entry points to lab2_turtlesim.egg-info/entry_points.txt\n'}
[15.920449] (lab2_turtlesim) StdoutLine: {'line': b'writing requirements to lab2_turtlesim.egg-info/requires.txt\n'}
[15.923120] (lab2_turtlesim) StdoutLine: {'line': b'writing top-level names to lab2_turtlesim.egg-info/top_level.txt\n'}
[15.923566] (-) TimerEvent: {}
[15.932030] (turtle_patrol) CommandEnded: {'returncode': 0}
[15.945359] (lab2_turtlesim) StdoutLine: {'line': b"reading manifest file 'lab2_turtlesim.egg-info/SOURCES.txt'\n"}
[15.949056] (lab2_turtlesim) StdoutLine: {'line': b"writing manifest file 'lab2_turtlesim.egg-info/SOURCES.txt'\n"}
[15.958736] (lab2_turtlesim) StdoutLine: {'line': b'running build_ext\n'}
[15.960061] (lab2_turtlesim) StdoutLine: {'line': b'Creating /home/cc/ee106a/fa26/class/ee106a-agi/ros_workspaces/lab2/install/lab2_turtlesim/lib/python3.10/site-packages/lab2-turtlesim.egg-link (link to .)\n'}
[15.965258] (lab2_turtlesim) StdoutLine: {'line': b'Installing turtle_controller script to /home/cc/ee106a/fa26/class/ee106a-agi/ros_workspaces/lab2/install/lab2_turtlesim/lib/lab2_turtlesim\n'}
[15.977872] (lab2_turtlesim) StdoutLine: {'line': b'\n'}
[15.978784] (lab2_turtlesim) StdoutLine: {'line': b'Installed /home/cc/ee106a/fa26/class/ee106a-agi/ros_workspaces/lab2/build/lab2_turtlesim\n'}
[15.980053] (lab2_turtlesim) StdoutLine: {'line': b'running symlink_data\n'}
[16.023772] (-) TimerEvent: {}
[16.120232] (turtle_patrol) JobEnded: {'identifier': 'turtle_patrol', 'rc': 0}
[16.128637] (-) TimerEvent: {}
[16.129156] (lab2_turtlesim) CommandEnded: {'returncode': 0}
[16.229140] (-) TimerEvent: {}
[16.239693] (lab2_turtlesim) JobEnded: {'identifier': 'lab2_turtlesim', 'rc': 0}
[16.329355] (-) TimerEvent: {}
[16.430103] (-) TimerEvent: {}
[16.464668] (turtle_patrol_interface) StdoutLine: {'line': b'-- Using all available rosidl_typesupport_cpp: rosidl_typesupport_fastrtps_cpp;rosidl_typesupport_introspection_cpp\n'}
[16.530339] (-) TimerEvent: {}
[16.631339] (-) TimerEvent: {}
[16.732113] (-) TimerEvent: {}
[16.737639] (turtle_patrol_interface) StdoutLine: {'line': b'-- Found python_cmake_module: 0.10.0 (/opt/ros/humble/share/python_cmake_module/cmake)\n'}
[16.832312] (-) TimerEvent: {}
[16.933100] (-) TimerEvent: {}
[17.033331] (turtle_patrol_interface) StdoutLine: {'line': b'-- Using PYTHON_EXECUTABLE: /usr/bin/python3\n'}
[17.034081] (-) TimerEvent: {}
[17.035312] (turtle_patrol_interface) StdoutLine: {'line': b'-- Using PYTHON_INCLUDE_DIRS: /usr/include/python3.10\n'}
[17.037744] (turtle_patrol_interface) StdoutLine: {'line': b'-- Using PYTHON_LIBRARIES: /usr/lib/x86_64-linux-gnu/libpython3.10.so\n'}
[17.135023] (-) TimerEvent: {}
[17.236836] (-) TimerEvent: {}
[17.338419] (-) TimerEvent: {}
[17.439133] (-) TimerEvent: {}
[17.539721] (-) TimerEvent: {}
[17.640689] (-) TimerEvent: {}
[17.741672] (-) TimerEvent: {}
[17.842558] (-) TimerEvent: {}
[17.943487] (-) TimerEvent: {}
[18.044197] (-) TimerEvent: {}
[18.144943] (-) TimerEvent: {}
[18.245711] (-) TimerEvent: {}
[18.346564] (-) TimerEvent: {}
[18.447572] (-) TimerEvent: {}
[18.549168] (-) TimerEvent: {}
[18.650141] (-) TimerEvent: {}
[18.748319] (turtle_patrol_interface) StdoutLine: {'line': b'-- Found ament_lint_auto: 0.12.15 (/opt/ros/humble/share/ament_lint_auto/cmake)\n'}
[18.750196] (-) TimerEvent: {}
[18.851858] (-) TimerEvent: {}
[18.953440] (-) TimerEvent: {}
[19.054090] (-) TimerEvent: {}
[19.089235] (turtle_patrol_interface) StdoutLine: {'line': b"-- Added test 'lint_cmake' to check CMake code style\n"}
[19.109293] (turtle_patrol_interface) StdoutLine: {'line': b"-- Added test 'xmllint' to check XML markup files\n"}
[19.154302] (-) TimerEvent: {}
[19.254980] (-) TimerEvent: {}
[19.265876] (turtle_patrol_interface) StdoutLine: {'line': b'-- Configuring done\n'}
[19.355069] (-) TimerEvent: {}
[19.455683] (-) TimerEvent: {}
[19.556452] (-) TimerEvent: {}
[19.657038] (-) TimerEvent: {}
[19.757607] (-) TimerEvent: {}
[19.858510] (-) TimerEvent: {}
[19.959227] (-) TimerEvent: {}
[20.060190] (-) TimerEvent: {}
[20.161252] (-) TimerEvent: {}
[20.262016] (-) TimerEvent: {}
[20.363831] (-) TimerEvent: {}
[20.464853] (-) TimerEvent: {}
[20.565691] (-) TimerEvent: {}
[20.662851] (turtle_patrol_interface) StdoutLine: {'line': b'-- Generating done\n'}
[20.665796] (-) TimerEvent: {}
[20.766665] (-) TimerEvent: {}
[20.869667] (-) TimerEvent: {}
[20.970651] (-) TimerEvent: {}
[21.042268] (turtle_patrol_interface) StdoutLine: {'line': b'-- Build files have been written to: /home/cc/ee106a/fa26/class/ee106a-agi/ros_workspaces/lab2/build/turtle_patrol_interface\n'}
[21.070851] (-) TimerEvent: {}
[21.171538] (-) TimerEvent: {}
[21.272172] (-) TimerEvent: {}
[21.372748] (-) TimerEvent: {}
[21.467703] (turtle_patrol_interface) StdoutLine: {'line': b'\x1b[35m\x1b[1mConsolidate compiler generated dependencies of target turtle_patrol_interface__rosidl_generator_c\x1b[0m\n'}
[21.472877] (-) TimerEvent: {}
[21.573487] (-) TimerEvent: {}
[21.674652] (-) TimerEvent: {}
[21.699739] (turtle_patrol_interface) StdoutLine: {'line': b'[  3%] Built target turtle_patrol_interface__rs\n'}
[21.722500] (turtle_patrol_interface) StdoutLine: {'line': b'[  9%] Built target turtle_patrol_interface__cpp\n'}
[21.766255] (turtle_patrol_interface) StdoutLine: {'line': b'[ 25%] Built target turtle_patrol_interface__rosidl_generator_c\n'}
[21.774820] (-) TimerEvent: {}
[21.875676] (-) TimerEvent: {}
[21.957934] (turtle_patrol_interface) StdoutLine: {'line': b'[ 25%] Built target ament_cmake_python_symlink_turtle_patrol_interface\n'}
[21.975883] (-) TimerEvent: {}
[22.076648] (-) TimerEvent: {}
[22.077993] (turtle_patrol_interface) StdoutLine: {'line': b'\x1b[35m\x1b[1mConsolidate compiler generated dependencies of target turtle_patrol_interface__rosidl_typesupport_fastrtps_cpp\x1b[0m\n'}
[22.083324] (turtle_patrol_interface) StdoutLine: {'line': b'\x1b[35m\x1b[1mConsolidate compiler generated dependencies of target turtle_patrol_interface__rosidl_typesupport_introspection_cpp\x1b[0m\n'}
[22.100373] (turtle_patrol_interface) StdoutLine: {'line': b'\x1b[35m\x1b[1mConsolidate compiler generated dependencies of target turtle_patrol_interface__rosidl_typesupport_cpp\x1b[0m\n'}
[22.117291] (turtle_patrol_interface) StdoutLine: {'line': b'\x1b[35m\x1b[1mConsolidate compiler generated dependencies of target turtle_patrol_interface__rosidl_typesupport_fastrtps_c\x1b[0m\n'}
[22.124710] (turtle_patrol_interface) StdoutLine: {'line': b'\x1b[35m\x1b[1mConsolidate compiler generated dependencies of target turtle_patrol_interface__rosidl_typesupport_introspection_c\x1b[0m\n'}
[22.137078] (turtle_patrol_interface) StdoutLine: {'line': b'\x1b[35m\x1b[1mConsolidate compiler generated dependencies of target turtle_patrol_interface__rosidl_typesupport_c\x1b[0m\n'}
[22.176942] (-) TimerEvent: {}
[22.277536] (-) TimerEvent: {}
[22.378301] (-) TimerEvent: {}
[22.479026] (-) TimerEvent: {}
[22.480408] (turtle_patrol_interface) StdoutLine: {'line': b'[ 34%] Built target turtle_patrol_interface__rosidl_typesupport_cpp\n'}
[22.495351] (turtle_patrol_interface) StdoutLine: {'line': b'[ 46%] Built target turtle_patrol_interface__rosidl_typesupport_c\n'}
[22.505570] (turtle_patrol_interface) StdoutLine: {'line': b'[ 59%] Built target turtle_patrol_interface__rosidl_typesupport_introspection_cpp\n'}
[22.510842] (turtle_patrol_interface) StdoutLine: {'line': b'[ 62%] Built target turtle_patrol_interface__rosidl_typesupport_introspection_c\n'}
[22.530841] (turtle_patrol_interface) StdoutLine: {'line': b'[ 71%] Built target turtle_patrol_interface__rosidl_typesupport_fastrtps_c\n'}
[22.531799] (turtle_patrol_interface) StdoutLine: {'line': b'[ 71%] Built target turtle_patrol_interface__rosidl_typesupport_fastrtps_cpp\n'}
[22.579205] (-) TimerEvent: {}
[22.679840] (-) TimerEvent: {}
[22.780544] (-) TimerEvent: {}
[22.794262] (turtle_patrol_interface) StdoutLine: {'line': b'[ 75%] Built target turtle_patrol_interface\n'}
[22.880768] (-) TimerEvent: {}
[22.981508] (-) TimerEvent: {}
[23.019164] (turtle_patrol_interface) StdoutLine: {'line': b'[ 75%] \x1b[34m\x1b[1mGenerating Python code for ROS interfaces\x1b[0m\n'}
[23.081738] (-) TimerEvent: {}
[23.182593] (-) TimerEvent: {}
[23.283886] (-) TimerEvent: {}
[23.385705] (-) TimerEvent: {}
[23.486381] (-) TimerEvent: {}
[23.587090] (-) TimerEvent: {}
[23.687725] (-) TimerEvent: {}
[23.788353] (-) TimerEvent: {}
[23.888979] (-) TimerEvent: {}
[23.989626] (-) TimerEvent: {}
[24.050481] (turtle_patrol_interface) StdoutLine: {'line': b'running egg_info\n'}
[24.055822] (turtle_patrol_interface) StdoutLine: {'line': b'writing turtle_patrol_interface.egg-info/PKG-INFO\n'}
[24.061061] (turtle_patrol_interface) StdoutLine: {'line': b'writing dependency_links to turtle_patrol_interface.egg-info/dependency_links.txt\n'}
[24.069400] (turtle_patrol_interface) StdoutLine: {'line': b'writing top-level names to turtle_patrol_interface.egg-info/top_level.txt\n'}
[24.087836] (turtle_patrol_interface) StdoutLine: {'line': b"reading manifest file 'turtle_patrol_interface.egg-info/SOURCES.txt'\n"}
[24.090109] (-) TimerEvent: {}
[24.092025] (turtle_patrol_interface) StdoutLine: {'line': b"writing manifest file 'turtle_patrol_interface.egg-info/SOURCES.txt'\n"}
[24.190296] (-) TimerEvent: {}
[24.270992] (turtle_patrol_interface) StdoutLine: {'line': b'[ 75%] Built target ament_cmake_python_build_turtle_patrol_interface_egg\n'}
[24.290492] (-) TimerEvent: {}
[24.391152] (-) TimerEvent: {}
[24.491773] (-) TimerEvent: {}
[24.566011] (turtle_patrol_interface) StdoutLine: {'line': b'[ 75%] Built target turtle_patrol_interface__py\n'}
[24.592077] (-) TimerEvent: {}
[24.692743] (-) TimerEvent: {}
[24.793486] (-) TimerEvent: {}
[24.817197] (turtle_patrol_interface) StdoutLine: {'line': b'[ 78%] \x1b[32mBuilding C object CMakeFiles/turtle_patrol_interface__rosidl_generator_py.dir/rosidl_generator_py/turtle_patrol_interface/srv/_patrol_s.c.o\x1b[0m\n'}
[24.893684] (-) TimerEvent: {}
[24.994460] (-) TimerEvent: {}
[25.095233] (-) TimerEvent: {}
[25.195966] (-) TimerEvent: {}
[25.296619] (-) TimerEvent: {}
[25.397337] (-) TimerEvent: {}
[25.445847] (turtle_patrol_interface) StdoutLine: {'line': b'[ 81%] \x1b[32m\x1b[1mLinking C shared library rosidl_generator_py/turtle_patrol_interface/libturtle_patrol_interface__rosidl_generator_py.so\x1b[0m\n'}
[25.497551] (-) TimerEvent: {}
[25.598360] (-) TimerEvent: {}
[25.699410] (-) TimerEvent: {}
[25.801493] (-) TimerEvent: {}
[25.882084] (turtle_patrol_interface) StdoutLine: {'line': b'[ 81%] Built target turtle_patrol_interface__rosidl_generator_py\n'}
[25.901799] (-) TimerEvent: {}
[26.002476] (-) TimerEvent: {}
[26.103169] (-) TimerEvent: {}
[26.203751] (-) TimerEvent: {}
[26.304443] (-) TimerEvent: {}
[26.368387] (turtle_patrol_interface) StdoutLine: {'line': b'[ 90%] \x1b[32mBuilding C object CMakeFiles/turtle_patrol_interface__rosidl_typesupport_fastrtps_c__pyext.dir/rosidl_generator_py/turtle_patrol_interface/_turtle_patrol_interface_s.ep.rosidl_typesupport_fastrtps_c.c.o\x1b[0m\n'}
[26.374493] (turtle_patrol_interface) StdoutLine: {'line': b'[ 90%] \x1b[32mBuilding C object CMakeFiles/turtle_patrol_interface__rosidl_typesupport_c__pyext.dir/rosidl_generator_py/turtle_patrol_interface/_turtle_patrol_interface_s.ep.rosidl_typesupport_c.c.o\x1b[0m\n'}
[26.376599] (turtle_patrol_interface) StdoutLine: {'line': b'[ 90%] \x1b[32mBuilding C object CMakeFiles/turtle_patrol_interface__rosidl_typesupport_introspection_c__pyext.dir/rosidl_generator_py/turtle_patrol_interface/_turtle_patrol_interface_s.ep.rosidl_typesupport_introspection_c.c.o\x1b[0m\n'}
[26.404621] (-) TimerEvent: {}
[26.505359] (-) TimerEvent: {}
[26.605992] (-) TimerEvent: {}
[26.706546] (-) TimerEvent: {}
[26.807254] (-) TimerEvent: {}
[26.908001] (-) TimerEvent: {}
[27.008663] (-) TimerEvent: {}
[27.109617] (-) TimerEvent: {}
[27.211051] (-) TimerEvent: {}
[27.311851] (-) TimerEvent: {}
[27.391722] (turtle_patrol_interface) StdoutLine: {'line': b'[100%] \x1b[32m\x1b[1mLinking C shared library rosidl_generator_py/turtle_patrol_interface/turtle_patrol_interface_s__rosidl_typesupport_fastrtps_c.cpython-310-x86_64-linux-gnu.so\x1b[0m\n'}
[27.394049] (turtle_patrol_interface) StdoutLine: {'line': b'[100%] \x1b[32m\x1b[1mLinking C shared library rosidl_generator_py/turtle_patrol_interface/turtle_patrol_interface_s__rosidl_typesupport_c.cpython-310-x86_64-linux-gnu.so\x1b[0m\n'}
[27.408716] (turtle_patrol_interface) StdoutLine: {'line': b'[100%] \x1b[32m\x1b[1mLinking C shared library rosidl_generator_py/turtle_patrol_interface/turtle_patrol_interface_s__rosidl_typesupport_introspection_c.cpython-310-x86_64-linux-gnu.so\x1b[0m\n'}
[27.411994] (-) TimerEvent: {}
[27.512577] (-) TimerEvent: {}
[27.613293] (-) TimerEvent: {}
[27.713883] (-) TimerEvent: {}
[27.814651] (-) TimerEvent: {}
[27.915349] (-) TimerEvent: {}
[27.970646] (turtle_patrol_interface) StdoutLine: {'line': b'Built target turtle_patrol_interface__rosidl_typesupport_c__pyext\n'}
[28.001705] (turtle_patrol_interface) StdoutLine: {'line': b'Built target turtle_patrol_interface__rosidl_typesupport_fastrtps_c__pyext\n'}
[28.006102] (turtle_patrol_interface) StdoutLine: {'line': b'Built target turtle_patrol_interface__rosidl_typesupport_introspection_c__pyext\n'}
[28.016214] (-) TimerEvent: {}
[28.117166] (-) TimerEvent: {}
[28.121524] (turtle_patrol_interface) CommandEnded: {'returncode': 0}
[28.124970] (turtle_patrol_interface) JobProgress: {'identifier': 'turtle_patrol_interface', 'progress': 'install'}
[28.218578] (-) TimerEvent: {}
[28.219863] (turtle_patrol_interface) Command: {'cmd': ['/usr/bin/cmake', '--install', '/home/cc/ee106a/fa26/class/ee106a-agi/ros_workspaces/lab2/build/turtle_patrol_interface'], 'cwd': '/home/cc/ee106a/fa26/class/ee106a-agi/ros_workspaces/lab2/build/turtle_patrol_interface', 'env': OrderedDict([('ARCH', 'x86_64'), ('QT_SCALE_FACTOR', '1'), ('USER', 'ee106a-agi'), ('HOSTNAME', 'lab12'), ('SSH_AGENT_PID', '135874'), ('XDG_SESSION_TYPE', 'x11'), ('MASTERDIR', '/home/ff/ee106a'), ('XDG_CACHE_HOME', '/home/cc/ee106a/fa26/class/ee106a-agi/.cache'), ('SHLVL', '2'), ('LD_LIBRARY_PATH', '/usr/lib/x86_64-linux-gnu/gazebo-11/plugins:/opt/ros/humble/opt/rviz_ogre_vendor/lib:/opt/ros/humble/lib/x86_64-linux-gnu:/opt/ros/humble/lib'), ('HOME', '/home/cc/ee106a/fa26/class/ee106a-agi'), ('OLDPWD', '/home/cc/ee106a/fa26/class/ee106a-agi'), ('ROS_PYTHON_VERSION', '3'), ('GTK_MODULES', 'appmenu-gtk-module:gail:atk-bridge'), ('DISTROBOX_ENTER_PATH', '/usr/local/bin/distrobox-enter'), ('XRDP_PULSE_SOURCE_SOCKET', 'xrdp_chansrv_audio_in_socket_80'), ('NNTPSERVER', 'news.csua.berkeley.edu'), ('VISUAL', 'emacs'), ('XRDP_PULSE_SINK_SOCKET', 'xrdp_chansrv_audio_out_socket_80'), ('XDG_STATE_HOME', '/home/cc/ee106a/fa26/class/ee106a-agi/.local/state'), ('DBUS_SESSION_BUS_ADDRESS', 'unix:path=/run/user/91029/bus'), ('COLORTERM', 'truecolor'), ('container', 'podman'), ('LIBVIRT_DEFAULT_URI', 'qemu:///system'), ('UBUNTU_MENUPROXY', '1'), ('PULSE_SCRIPT', '/etc/xrdp/pulse/default.pa'), ('COLCON_PREFIX_PATH', '/home/ff/ee106a/robot_workspaces/ur/install'), ('ROS_DISTRO', 'humble'), ('GTK_IM_MODULE', 'ibus'), ('LOGNAME', 'ee106a-agi'), ('MASTER', 'ee106a'), ('WINDOWID', '46139060'), ('ROS_VERSION', '2'), ('XDG_SESSION_CLASS', 'user'), ('TERMINFO_DIRS', '/usr/share/terminfo:/run/host/usr/share/terminfo'), ('TERM', 'xterm-256color'), ('GTK_OVERLAY_SCROLLING', '0'), ('XDG_SESSION_ID', 'c16'), ('ROS_LOCALHOST_ONLY', '0'), ('GTK2_MODULES', 'overlay-scrollbar'), ('PATH', '/opt/ros/humble/bin:/share/b/grading/bin:/home/ff/ee106a/bin:/home/ff/ee106a/bin/arch/x86_64:/share/b/grading/bin:/home/ff/ee106a/bin:/home/ff/ee106a/bin/arch/x86_64:/usr/local/sbin:/usr/local/bin:/usr/sbin:/usr/bin:/sbin:/bin:/usr/games:/usr/local/games:/snap/bin:/share/b/grading/bin:/share/b/grading/sbin:/share/b/runas/x86_64:/share/b/bin:/home/ff/ee106a/venvs/all:/usr/local/sbin:/usr/local/bin:/usr/sbin:/usr/bin:/sbin:/bin:/share/b/grading/bin:/share/b/grading/sbin:/share/b/runas/x86_64:/share/b/bin:/home/ff/ee106a/venvs/all'), ('SESSION_MANAGER', 'local/derby:@/tmp/.ICE-unix/135561,unix/derby:/tmp/.ICE-unix/135561'), ('OS', 'Linux'), ('XRDP_SOCKET_PATH', '/run/xrdp/sockdir'), ('XDG_RUNTIME_DIR', '/run/user/91029'), ('DISPLAY', ':80.0'), ('LANG', 'en_US.UTF-8'), ('XDG_CURRENT_DESKTOP', 'MATE'), ('XDG_DATA_HOME', '/home/cc/ee106a/fa26/class/ee106a-agi/.local/share'), ('XDG_CONFIG_HOME', '/home/cc/ee106a/fa26/class/ee106a-agi/.config'), ('XMODIFIERS', '@im=ibus'), ('SSH_AUTH_SOCK', '/run/user/91029/keyring/ssh'), ('AMENT_PREFIX_PATH', '/home/ff/ee106a/robot_workspaces/ur/install/ur7e_utils:/opt/ros/humble'), ('UID', '91029'), ('SHELL', '/usr/bin/bash'), ('QT_ACCESSIBILITY', '1'), ('RUNAS', '/share/b/runas/x86_64'), ('XRDP_SESSION', '1'), ('GPG_AGENT_INFO', '/run/user/91029/gnupg/S.gpg-agent:0:1'), ('CONFIG_SHELL', '/usr/bin/ksh'), ('QT_IM_MODULE', 'ibus'), ('PWD', '/home/cc/ee106a/fa26/class/ee106a-agi/ros_workspaces/lab2/build/turtle_patrol_interface'), ('EE106_ENV_SETUP', 'lab12'), ('CONTAINER_ID', 'lab12'), ('LC_ALL', 'C.UTF-8'), ('XDG_CONFIG_DIRS', '/etc/xdg'), ('CLUTTER_IM_MODULE', 'ibus'), ('XDG_DATA_DIRS', '/usr/share/mate:/usr/share/gnome:/home/cc/ee106a/fa26/class/ee106a-agi/.local/share/flatpak/exports/share:/var/lib/flatpak/exports/share:/usr/local/share:/usr/share:/var/lib/snapd/desktop'), ('PYTHONPATH', '/home/ff/ee106a/robot_workspaces/ur/install/ur7e_utils/lib/python3.10/site-packages:/opt/ros/humble/lib/python3.10/site-packages:/opt/ros/humble/local/lib/python3.10/dist-packages'), ('MATE_DESKTOP_SESSION_ID', 'this-is-deprecated'), ('COLCON', '1'), ('MANPATH', '/usr/local/man:/usr/man:/usr/X11/man:/usr/local/man:/share/b/grading/man:/usr/local/man:/usr/man:/usr/X11/man:/usr/local/man:/share/b/grading/man:'), ('VTE_VERSION', '6800'), ('EDITOR', 'emacs'), ('QT_FONT_DPI', '96'), ('CMAKE_PREFIX_PATH', '/home/ff/ee106a/robot_workspaces/ur/install/ur7e_utils:/opt/ros/humble')]), 'shell': False}
[28.315147] (turtle_patrol_interface) StdoutLine: {'line': b'-- Install configuration: ""\n'}
[28.318964] (-) TimerEvent: {}
[28.321202] (turtle_patrol_interface) StdoutLine: {'line': b'-- Execute custom install script\n'}
[28.328400] (turtle_patrol_interface) StdoutLine: {'line': b'-- Up-to-date symlink: /home/cc/ee106a/fa26/class/ee106a-agi/ros_workspaces/lab2/install/turtle_patrol_interface/include/turtle_patrol_interface/turtle_patrol_interface/msg/rosidl_typesupport_introspection_c__visibility_control.h\n'}
[28.331834] (turtle_patrol_interface) StdoutLine: {'line': b'-- Up-to-date symlink: /home/cc/ee106a/fa26/class/ee106a-agi/ros_workspaces/lab2/install/turtle_patrol_interface/include/turtle_patrol_interface/turtle_patrol_interface/srv/detail/patrol__rosidl_typesupport_introspection_c.h\n'}
[28.338289] (turtle_patrol_interface) StdoutLine: {'line': b'-- Up-to-date symlink: /home/cc/ee106a/fa26/class/ee106a-agi/ros_workspaces/lab2/install/turtle_patrol_interface/include/turtle_patrol_interface/turtle_patrol_interface/srv/detail/patrol__rosidl_typesupport_introspection_cpp.hpp\n'}
[28.342170] (turtle_patrol_interface) StdoutLine: {'line': b'-- Up-to-date symlink: /home/cc/ee106a/fa26/class/ee106a-agi/ros_workspaces/lab2/install/turtle_patrol_interface/share/ament_index/resource_index/rosidl_interfaces/turtle_patrol_interface\n'}
[28.349473] (turtle_patrol_interface) StdoutLine: {'line': b'-- Up-to-date symlink: /home/cc/ee106a/fa26/class/ee106a-agi/ros_workspaces/lab2/install/turtle_patrol_interface/include/turtle_patrol_interface/turtle_patrol_interface/msg/rosidl_generator_c__visibility_control.h\n'}
[28.353781] (turtle_patrol_interface) StdoutLine: {'line': b'-- Up-to-date symlink: /home/cc/ee106a/fa26/class/ee106a-agi/ros_workspaces/lab2/install/turtle_patrol_interface/include/turtle_patrol_interface/turtle_patrol_interface/srv/detail/patrol__functions.h\n'}
[28.357492] (turtle_patrol_interface) StdoutLine: {'line': b'-- Up-to-date symlink: /home/cc/ee106a/fa26/class/ee106a-agi/ros_workspaces/lab2/install/turtle_patrol_interface/include/turtle_patrol_interface/turtle_patrol_interface/srv/detail/patrol__struct.h\n'}
[28.360064] (turtle_patrol_interface) StdoutLine: {'line': b'-- Up-to-date symlink: /home/cc/ee106a/fa26/class/ee106a-agi/ros_workspaces/lab2/install/turtle_patrol_interface/include/turtle_patrol_interface/turtle_patrol_interface/srv/detail/patrol__type_support.h\n'}
[28.364283] (turtle_patrol_interface) StdoutLine: {'line': b'-- Up-to-date symlink: /home/cc/ee106a/fa26/class/ee106a-agi/ros_workspaces/lab2/install/turtle_patrol_interface/include/turtle_patrol_interface/turtle_patrol_interface/srv/patrol.h\n'}
[28.369591] (turtle_patrol_interface) StdoutLine: {'line': b'-- Up-to-date symlink: /home/cc/ee106a/fa26/class/ee106a-agi/ros_workspaces/lab2/install/turtle_patrol_interface/share/turtle_patrol_interface/environment/library_path.sh\n'}
[28.374139] (turtle_patrol_interface) StdoutLine: {'line': b'-- Up-to-date symlink: /home/cc/ee106a/fa26/class/ee106a-agi/ros_workspaces/lab2/install/turtle_patrol_interface/share/turtle_patrol_interface/environment/library_path.dsv\n'}
[28.377724] (turtle_patrol_interface) StdoutLine: {'line': b'-- Up-to-date symlink: /home/cc/ee106a/fa26/class/ee106a-agi/ros_workspaces/lab2/install/turtle_patrol_interface/share/turtle_patrol_interface/environment/pythonpath.sh\n'}
[28.380492] (turtle_patrol_interface) StdoutLine: {'line': b'-- Up-to-date symlink: /home/cc/ee106a/fa26/class/ee106a-agi/ros_workspaces/lab2/install/turtle_patrol_interface/share/turtle_patrol_interface/environment/pythonpath.dsv\n'}
[28.385383] (turtle_patrol_interface) StdoutLine: {'line': b'-- Up-to-date symlink: /home/cc/ee106a/fa26/class/ee106a-agi/ros_workspaces/lab2/install/turtle_patrol_interface/local/lib/python3.10/dist-packages/turtle_patrol_interface-0.0.0-py3.10.egg-info/PKG-INFO\n'}
[28.388193] (turtle_patrol_interface) StdoutLine: {'line': b'-- Up-to-date symlink: /home/cc/ee106a/fa26/class/ee106a-agi/ros_workspaces/lab2/install/turtle_patrol_interface/local/lib/python3.10/dist-packages/turtle_patrol_interface-0.0.0-py3.10.egg-info/SOURCES.txt\n'}
[28.391609] (turtle_patrol_interface) StdoutLine: {'line': b'-- Up-to-date symlink: /home/cc/ee106a/fa26/class/ee106a-agi/ros_workspaces/lab2/install/turtle_patrol_interface/local/lib/python3.10/dist-packages/turtle_patrol_interface-0.0.0-py3.10.egg-info/dependency_links.txt\n'}
[28.395342] (turtle_patrol_interface) StdoutLine: {'line': b'-- Up-to-date symlink: /home/cc/ee106a/fa26/class/ee106a-agi/ros_workspaces/lab2/install/turtle_patrol_interface/local/lib/python3.10/dist-packages/turtle_patrol_interface-0.0.0-py3.10.egg-info/top_level.txt\n'}
[28.405717] (turtle_patrol_interface) StdoutLine: {'line': b'-- Up-to-date symlink: /home/cc/ee106a/fa26/class/ee106a-agi/ros_workspaces/lab2/install/turtle_patrol_interface/local/lib/python3.10/dist-packages/turtle_patrol_interface/.nfs000000000194f2ce000058d1\n'}
[28.413008] (turtle_patrol_interface) StdoutLine: {'line': b'-- Up-to-date symlink: /home/cc/ee106a/fa26/class/ee106a-agi/ros_workspaces/lab2/install/turtle_patrol_interface/local/lib/python3.10/dist-packages/turtle_patrol_interface/__init__.py\n'}
[28.418520] (turtle_patrol_interface) StdoutLine: {'line': b'-- Up-to-date symlink: /home/cc/ee106a/fa26/class/ee106a-agi/ros_workspaces/lab2/install/turtle_patrol_interface/local/lib/python3.10/dist-packages/turtle_patrol_interface/_turtle_patrol_interface_s.ep.rosidl_typesupport_c.c\n'}
[28.419105] (-) TimerEvent: {}
[28.422611] (turtle_patrol_interface) StdoutLine: {'line': b'-- Up-to-date symlink: /home/cc/ee106a/fa26/class/ee106a-agi/ros_workspaces/lab2/install/turtle_patrol_interface/local/lib/python3.10/dist-packages/turtle_patrol_interface/_turtle_patrol_interface_s.ep.rosidl_typesupport_fastrtps_c.c\n'}
[28.427565] (turtle_patrol_interface) StdoutLine: {'line': b'-- Up-to-date symlink: /home/cc/ee106a/fa26/class/ee106a-agi/ros_workspaces/lab2/install/turtle_patrol_interface/local/lib/python3.10/dist-packages/turtle_patrol_interface/_turtle_patrol_interface_s.ep.rosidl_typesupport_introspection_c.c\n'}
[28.429750] (turtle_patrol_interface) StdoutLine: {'line': b'-- Up-to-date symlink: /home/cc/ee106a/fa26/class/ee106a-agi/ros_workspaces/lab2/install/turtle_patrol_interface/local/lib/python3.10/dist-packages/turtle_patrol_interface/libturtle_patrol_interface__rosidl_generator_py.so\n'}
[28.434779] (turtle_patrol_interface) StdoutLine: {'line': b'-- Up-to-date symlink: /home/cc/ee106a/fa26/class/ee106a-agi/ros_workspaces/lab2/install/turtle_patrol_interface/local/lib/python3.10/dist-packages/turtle_patrol_interface/srv/__init__.py\n'}
[28.438754] (turtle_patrol_interface) StdoutLine: {'line': b'-- Up-to-date symlink: /home/cc/ee106a/fa26/class/ee106a-agi/ros_workspaces/lab2/install/turtle_patrol_interface/local/lib/python3.10/dist-packages/turtle_patrol_interface/srv/_patrol.py\n'}
[28.443172] (turtle_patrol_interface) StdoutLine: {'line': b'-- Up-to-date symlink: /home/cc/ee106a/fa26/class/ee106a-agi/ros_workspaces/lab2/install/turtle_patrol_interface/local/lib/python3.10/dist-packages/turtle_patrol_interface/srv/_patrol_s.c\n'}
[28.446225] (turtle_patrol_interface) StdoutLine: {'line': b'-- Up-to-date symlink: /home/cc/ee106a/fa26/class/ee106a-agi/ros_workspaces/lab2/install/turtle_patrol_interface/local/lib/python3.10/dist-packages/turtle_patrol_interface/turtle_patrol_interface_s__rosidl_typesupport_c.cpython-310-x86_64-linux-gnu.so\n'}
[28.449294] (turtle_patrol_interface) StdoutLine: {'line': b'-- Up-to-date symlink: /home/cc/ee106a/fa26/class/ee106a-agi/ros_workspaces/lab2/install/turtle_patrol_interface/local/lib/python3.10/dist-packages/turtle_patrol_interface/turtle_patrol_interface_s__rosidl_typesupport_fastrtps_c.cpython-310-x86_64-linux-gnu.so\n'}
[28.453433] (turtle_patrol_interface) StdoutLine: {'line': b'-- Up-to-date symlink: /home/cc/ee106a/fa26/class/ee106a-agi/ros_workspaces/lab2/install/turtle_patrol_interface/local/lib/python3.10/dist-packages/turtle_patrol_interface/turtle_patrol_interface_s__rosidl_typesupport_introspection_c.cpython-310-x86_64-linux-gnu.so\n'}
[28.457759] (turtle_patrol_interface) StdoutLine: {'line': b'-- Up-to-date symlink: /home/cc/ee106a/fa26/class/ee106a-agi/ros_workspaces/lab2/install/turtle_patrol_interface/local/lib/python3.10/dist-packages/turtle_patrol_interface/turtle_patrol_interface_s__rosidl_typesupport_fastrtps_c.cpython-310-x86_64-linux-gnu.so\n'}
[28.461261] (turtle_patrol_interface) StdoutLine: {'line': b'-- Up-to-date symlink: /home/cc/ee106a/fa26/class/ee106a-agi/ros_workspaces/lab2/install/turtle_patrol_interface/local/lib/python3.10/dist-packages/turtle_patrol_interface/turtle_patrol_interface_s__rosidl_typesupport_introspection_c.cpython-310-x86_64-linux-gnu.so\n'}
[28.465109] (turtle_patrol_interface) StdoutLine: {'line': b'-- Up-to-date symlink: /home/cc/ee106a/fa26/class/ee106a-agi/ros_workspaces/lab2/install/turtle_patrol_interface/local/lib/python3.10/dist-packages/turtle_patrol_interface/turtle_patrol_interface_s__rosidl_typesupport_c.cpython-310-x86_64-linux-gnu.so\n'}
[28.474460] (turtle_patrol_interface) StdoutLine: {'line': b'-- Up-to-date symlink: /home/cc/ee106a/fa26/class/ee106a-agi/ros_workspaces/lab2/install/turtle_patrol_interface/include/turtle_patrol_interface/turtle_patrol_interface/msg/rosidl_typesupport_fastrtps_c__visibility_control.h\n'}
[28.478176] (turtle_patrol_interface) StdoutLine: {'line': b'-- Up-to-date symlink: /home/cc/ee106a/fa26/class/ee106a-agi/ros_workspaces/lab2/install/turtle_patrol_interface/include/turtle_patrol_interface/turtle_patrol_interface/srv/detail/patrol__rosidl_typesupport_fastrtps_c.h\n'}
[28.481096] (turtle_patrol_interface) StdoutLine: {'line': b'-- Up-to-date symlink: /home/cc/ee106a/fa26/class/ee106a-agi/ros_workspaces/lab2/install/turtle_patrol_interface/share/ament_index/resource_index/rust_packages/turtle_patrol_interface\n'}
[28.487649] (turtle_patrol_interface) StdoutLine: {'line': b'-- Up-to-date symlink: /home/cc/ee106a/fa26/class/ee106a-agi/ros_workspaces/lab2/install/turtle_patrol_interface/share/turtle_patrol_interface/rust/Cargo.toml\n'}
[28.492774] (turtle_patrol_interface) StdoutLine: {'line': b'-- Up-to-date symlink: /home/cc/ee106a/fa26/class/ee106a-agi/ros_workspaces/lab2/install/turtle_patrol_interface/share/turtle_patrol_interface/rust/build.rs\n'}
[28.496802] (turtle_patrol_interface) StdoutLine: {'line': b'-- Up-to-date symlink: /home/cc/ee106a/fa26/class/ee106a-agi/ros_workspaces/lab2/install/turtle_patrol_interface/share/turtle_patrol_interface/rust/src/lib.rs\n'}
[28.500455] (turtle_patrol_interface) StdoutLine: {'line': b'-- Up-to-date symlink: /home/cc/ee106a/fa26/class/ee106a-agi/ros_workspaces/lab2/install/turtle_patrol_interface/share/turtle_patrol_interface/rust/src/srv.rs\n'}
[28.505138] (turtle_patrol_interface) StdoutLine: {'line': b'-- Up-to-date symlink: /home/cc/ee106a/fa26/class/ee106a-agi/ros_workspaces/lab2/install/turtle_patrol_interface/share/turtle_patrol_interface/rust/src/srv/rmw.rs\n'}
[28.508749] (turtle_patrol_interface) StdoutLine: {'line': b'-- Up-to-date symlink: /home/cc/ee106a/fa26/class/ee106a-agi/ros_workspaces/lab2/install/turtle_patrol_interface/share/turtle_patrol_interface/srv/Patrol.idl\n'}
[28.513147] (turtle_patrol_interface) StdoutLine: {'line': b'-- Up-to-date symlink: /home/cc/ee106a/fa26/class/ee106a-agi/ros_workspaces/lab2/install/turtle_patrol_interface/share/turtle_patrol_interface/srv/Patrol.srv\n'}
[28.518257] (turtle_patrol_interface) StdoutLine: {'line': b'-- Up-to-date symlink: /home/cc/ee106a/fa26/class/ee106a-agi/ros_workspaces/lab2/install/turtle_patrol_interface/share/turtle_patrol_interface/srv/Patrol_Request.msg\n'}
[28.519203] (-) TimerEvent: {}
[28.521549] (turtle_patrol_interface) StdoutLine: {'line': b'-- Up-to-date symlink: /home/cc/ee106a/fa26/class/ee106a-agi/ros_workspaces/lab2/install/turtle_patrol_interface/share/turtle_patrol_interface/srv/Patrol_Response.msg\n'}
[28.524841] (turtle_patrol_interface) StdoutLine: {'line': b'-- Up-to-date symlink: /home/cc/ee106a/fa26/class/ee106a-agi/ros_workspaces/lab2/install/turtle_patrol_interface/share/ament_index/resource_index/package_run_dependencies/turtle_patrol_interface\n'}
[28.528162] (turtle_patrol_interface) StdoutLine: {'line': b'-- Up-to-date symlink: /home/cc/ee106a/fa26/class/ee106a-agi/ros_workspaces/lab2/install/turtle_patrol_interface/share/ament_index/resource_index/parent_prefix_path/turtle_patrol_interface\n'}
[28.530770] (turtle_patrol_interface) StdoutLine: {'line': b'-- Up-to-date symlink: /home/cc/ee106a/fa26/class/ee106a-agi/ros_workspaces/lab2/install/turtle_patrol_interface/share/turtle_patrol_interface/environment/ament_prefix_path.sh\n'}
[28.534185] (turtle_patrol_interface) StdoutLine: {'line': b'-- Up-to-date symlink: /home/cc/ee106a/fa26/class/ee106a-agi/ros_workspaces/lab2/install/turtle_patrol_interface/share/turtle_patrol_interface/environment/ament_prefix_path.dsv\n'}
[28.536688] (turtle_patrol_interface) StdoutLine: {'line': b'-- Up-to-date symlink: /home/cc/ee106a/fa26/class/ee106a-agi/ros_workspaces/lab2/install/turtle_patrol_interface/share/turtle_patrol_interface/environment/path.sh\n'}
[28.539442] (turtle_patrol_interface) StdoutLine: {'line': b'-- Up-to-date symlink: /home/cc/ee106a/fa26/class/ee106a-agi/ros_workspaces/lab2/install/turtle_patrol_interface/share/turtle_patrol_interface/environment/path.dsv\n'}
[28.542518] (turtle_patrol_interface) StdoutLine: {'line': b'-- Up-to-date symlink: /home/cc/ee106a/fa26/class/ee106a-agi/ros_workspaces/lab2/install/turtle_patrol_interface/share/turtle_patrol_interface/local_setup.bash\n'}
[28.545332] (turtle_patrol_interface) StdoutLine: {'line': b'-- Up-to-date symlink: /home/cc/ee106a/fa26/class/ee106a-agi/ros_workspaces/lab2/install/turtle_patrol_interface/share/turtle_patrol_interface/local_setup.sh\n'}
[28.551199] (turtle_patrol_interface) StdoutLine: {'line': b'-- Up-to-date symlink: /home/cc/ee106a/fa26/class/ee106a-agi/ros_workspaces/lab2/install/turtle_patrol_interface/include/turtle_patrol_interface/turtle_patrol_interface/msg/rosidl_generator_cpp__visibility_control.hpp\n'}
[28.554227] (turtle_patrol_interface) StdoutLine: {'line': b'-- Up-to-date symlink: /home/cc/ee106a/fa26/class/ee106a-agi/ros_workspaces/lab2/install/turtle_patrol_interface/include/turtle_patrol_interface/turtle_patrol_interface/srv/detail/patrol__builder.hpp\n'}
[28.556565] (turtle_patrol_interface) StdoutLine: {'line': b'-- Up-to-date symlink: /home/cc/ee106a/fa26/class/ee106a-agi/ros_workspaces/lab2/install/turtle_patrol_interface/include/turtle_patrol_interface/turtle_patrol_interface/srv/detail/patrol__struct.hpp\n'}
[28.559246] (turtle_patrol_interface) StdoutLine: {'line': b'-- Up-to-date symlink: /home/cc/ee106a/fa26/class/ee106a-agi/ros_workspaces/lab2/install/turtle_patrol_interface/include/turtle_patrol_interface/turtle_patrol_interface/srv/detail/patrol__traits.hpp\n'}
[28.562301] (turtle_patrol_interface) StdoutLine: {'line': b'-- Up-to-date symlink: /home/cc/ee106a/fa26/class/ee106a-agi/ros_workspaces/lab2/install/turtle_patrol_interface/include/turtle_patrol_interface/turtle_patrol_interface/srv/detail/patrol__type_support.hpp\n'}
[28.564284] (turtle_patrol_interface) StdoutLine: {'line': b'-- Up-to-date symlink: /home/cc/ee106a/fa26/class/ee106a-agi/ros_workspaces/lab2/install/turtle_patrol_interface/include/turtle_patrol_interface/turtle_patrol_interface/srv/patrol.hpp\n'}
[28.567464] (turtle_patrol_interface) StdoutLine: {'line': b'-- Up-to-date symlink: /home/cc/ee106a/fa26/class/ee106a-agi/ros_workspaces/lab2/install/turtle_patrol_interface/share/turtle_patrol_interface/local_setup.zsh\n'}
[28.570847] (turtle_patrol_interface) StdoutLine: {'line': b'-- Up-to-date symlink: /home/cc/ee106a/fa26/class/ee106a-agi/ros_workspaces/lab2/install/turtle_patrol_interface/share/turtle_patrol_interface/local_setup.dsv\n'}
[28.572859] (turtle_patrol_interface) StdoutLine: {'line': b'-- Symlinking: /home/cc/ee106a/fa26/class/ee106a-agi/ros_workspaces/lab2/install/turtle_patrol_interface/share/turtle_patrol_interface/package.dsv\n'}
[28.619445] (-) TimerEvent: {}
[28.657979] (turtle_patrol_interface) StdoutLine: {'line': b'-- Up-to-date symlink: /home/cc/ee106a/fa26/class/ee106a-agi/ros_workspaces/lab2/install/turtle_patrol_interface/share/ament_index/resource_index/packages/turtle_patrol_interface\n'}
[28.661257] (turtle_patrol_interface) StdoutLine: {'line': b'-- Up-to-date symlink: /home/cc/ee106a/fa26/class/ee106a-agi/ros_workspaces/lab2/install/turtle_patrol_interface/share/turtle_patrol_interface/cmake/rosidl_cmake-extras.cmake\n'}
[28.666030] (turtle_patrol_interface) StdoutLine: {'line': b'-- Up-to-date symlink: /home/cc/ee106a/fa26/class/ee106a-agi/ros_workspaces/lab2/install/turtle_patrol_interface/share/turtle_patrol_interface/cmake/ament_cmake_export_dependencies-extras.cmake\n'}
[28.669504] (turtle_patrol_interface) StdoutLine: {'line': b'-- Up-to-date symlink: /home/cc/ee106a/fa26/class/ee106a-agi/ros_workspaces/lab2/install/turtle_patrol_interface/share/turtle_patrol_interface/cmake/ament_cmake_export_include_directories-extras.cmake\n'}
[28.672720] (turtle_patrol_interface) StdoutLine: {'line': b'-- Up-to-date symlink: /home/cc/ee106a/fa26/class/ee106a-agi/ros_workspaces/lab2/install/turtle_patrol_interface/share/turtle_patrol_interface/cmake/ament_cmake_export_libraries-extras.cmake\n'}
[28.676061] (turtle_patrol_interface) StdoutLine: {'line': b'-- Up-to-date symlink: /home/cc/ee106a/fa26/class/ee106a-agi/ros_workspaces/lab2/install/turtle_patrol_interface/share/turtle_patrol_interface/cmake/ament_cmake_export_targets-extras.cmake\n'}
[28.679148] (turtle_patrol_interface) StdoutLine: {'line': b'-- Up-to-date symlink: /home/cc/ee106a/fa26/class/ee106a-agi/ros_workspaces/lab2/install/turtle_patrol_interface/share/turtle_patrol_interface/cmake/rosidl_cmake_export_typesupport_targets-extras.cmake\n'}
[28.683937] (turtle_patrol_interface) StdoutLine: {'line': b'-- Up-to-date symlink: /home/cc/ee106a/fa26/class/ee106a-agi/ros_workspaces/lab2/install/turtle_patrol_interface/share/turtle_patrol_interface/cmake/rosidl_cmake_export_typesupport_libraries-extras.cmake\n'}
[28.686727] (turtle_patrol_interface) StdoutLine: {'line': b'-- Up-to-date symlink: /home/cc/ee106a/fa26/class/ee106a-agi/ros_workspaces/lab2/install/turtle_patrol_interface/share/turtle_patrol_interface/cmake/rosidl_cmake_aggregate_target-extras.cmake\n'}
[28.690441] (turtle_patrol_interface) StdoutLine: {'line': b'-- Up-to-date symlink: /home/cc/ee106a/fa26/class/ee106a-agi/ros_workspaces/lab2/install/turtle_patrol_interface/share/turtle_patrol_interface/cmake/turtle_patrol_interfaceConfig.cmake\n'}
[28.693209] (turtle_patrol_interface) StdoutLine: {'line': b'-- Up-to-date symlink: /home/cc/ee106a/fa26/class/ee106a-agi/ros_workspaces/lab2/install/turtle_patrol_interface/share/turtle_patrol_interface/cmake/turtle_patrol_interfaceConfig-version.cmake\n'}
[28.696717] (turtle_patrol_interface) StdoutLine: {'line': b'-- Up-to-date symlink: /home/cc/ee106a/fa26/class/ee106a-agi/ros_workspaces/lab2/install/turtle_patrol_interface/share/turtle_patrol_interface/package.xml\n'}
[28.708555] (turtle_patrol_interface) StdoutLine: {'line': b'-- Up-to-date symlink: /home/cc/ee106a/fa26/class/ee106a-agi/ros_workspaces/lab2/install/turtle_patrol_interface/include/turtle_patrol_interface/turtle_patrol_interface/msg/rosidl_typesupport_fastrtps_cpp__visibility_control.h\n'}
[28.711703] (turtle_patrol_interface) StdoutLine: {'line': b'-- Up-to-date symlink: /home/cc/ee106a/fa26/class/ee106a-agi/ros_workspaces/lab2/install/turtle_patrol_interface/include/turtle_patrol_interface/turtle_patrol_interface/srv/detail/patrol__rosidl_typesupport_fastrtps_cpp.hpp\n'}
[28.718281] (turtle_patrol_interface) StdoutLine: {'line': b'-- Up-to-date symlink: /home/cc/ee106a/fa26/class/ee106a-agi/ros_workspaces/lab2/install/turtle_patrol_interface/include/turtle_patrol_interface/turtle_patrol_interface/msg/rosidl_typesupport_introspection_c__visibility_control.h\n'}
[28.719520] (-) TimerEvent: {}
[28.721457] (turtle_patrol_interface) StdoutLine: {'line': b'-- Up-to-date symlink: /home/cc/ee106a/fa26/class/ee106a-agi/ros_workspaces/lab2/install/turtle_patrol_interface/include/turtle_patrol_interface/turtle_patrol_interface/srv/detail/patrol__rosidl_typesupport_introspection_c.h\n'}
[28.726656] (turtle_patrol_interface) StdoutLine: {'line': b'-- Up-to-date symlink: /home/cc/ee106a/fa26/class/ee106a-agi/ros_workspaces/lab2/install/turtle_patrol_interface/include/turtle_patrol_interface/turtle_patrol_interface/srv/detail/patrol__rosidl_typesupport_introspection_cpp.hpp\n'}
[28.730555] (turtle_patrol_interface) StdoutLine: {'line': b'-- Up-to-date symlink: /home/cc/ee106a/fa26/class/ee106a-agi/ros_workspaces/lab2/install/turtle_patrol_interface/share/turtle_patrol_interface/environment/pythonpath.sh\n'}
[28.733835] (turtle_patrol_interface) StdoutLine: {'line': b'-- Up-to-date symlink: /home/cc/ee106a/fa26/class/ee106a-agi/ros_workspaces/lab2/install/turtle_patrol_interface/share/turtle_patrol_interface/environment/pythonpath.dsv\n'}
[28.739569] (turtle_patrol_interface) StdoutLine: {'line': b'-- Up-to-date symlink: /home/cc/ee106a/fa26/class/ee106a-agi/ros_workspaces/lab2/install/turtle_patrol_interface/local/lib/python3.10/dist-packages/turtle_patrol_interface-0.0.0-py3.10.egg-info/PKG-INFO\n'}
[28.743277] (turtle_patrol_interface) StdoutLine: {'line': b'-- Up-to-date symlink: /home/cc/ee106a/fa26/class/ee106a-agi/ros_workspaces/lab2/install/turtle_patrol_interface/local/lib/python3.10/dist-packages/turtle_patrol_interface-0.0.0-py3.10.egg-info/SOURCES.txt\n'}
[28.746965] (turtle_patrol_interface) StdoutLine: {'line': b'-- Up-to-date symlink: /home/cc/ee106a/fa26/class/ee106a-agi/ros_workspaces/lab2/install/turtle_patrol_interface/local/lib/python3.10/dist-packages/turtle_patrol_interface-0.0.0-py3.10.egg-info/dependency_links.txt\n'}
[28.750618] (turtle_patrol_interface) StdoutLine: {'line': b'-- Up-to-date symlink: /home/cc/ee106a/fa26/class/ee106a-agi/ros_workspaces/lab2/install/turtle_patrol_interface/local/lib/python3.10/dist-packages/turtle_patrol_interface-0.0.0-py3.10.egg-info/top_level.txt\n'}
[28.759104] (turtle_patrol_interface) StdoutLine: {'line': b'-- Up-to-date symlink: /home/cc/ee106a/fa26/class/ee106a-agi/ros_workspaces/lab2/install/turtle_patrol_interface/local/lib/python3.10/dist-packages/turtle_patrol_interface/.nfs000000000194f2ce000058d1\n'}
[28.762340] (turtle_patrol_interface) StdoutLine: {'line': b'-- Up-to-date symlink: /home/cc/ee106a/fa26/class/ee106a-agi/ros_workspaces/lab2/install/turtle_patrol_interface/local/lib/python3.10/dist-packages/turtle_patrol_interface/__init__.py\n'}
[28.766344] (turtle_patrol_interface) StdoutLine: {'line': b'-- Up-to-date symlink: /home/cc/ee106a/fa26/class/ee106a-agi/ros_workspaces/lab2/install/turtle_patrol_interface/local/lib/python3.10/dist-packages/turtle_patrol_interface/_turtle_patrol_interface_s.ep.rosidl_typesupport_c.c\n'}
[28.770684] (turtle_patrol_interface) StdoutLine: {'line': b'-- Up-to-date symlink: /home/cc/ee106a/fa26/class/ee106a-agi/ros_workspaces/lab2/install/turtle_patrol_interface/local/lib/python3.10/dist-packages/turtle_patrol_interface/_turtle_patrol_interface_s.ep.rosidl_typesupport_fastrtps_c.c\n'}
[28.774782] (turtle_patrol_interface) StdoutLine: {'line': b'-- Up-to-date symlink: /home/cc/ee106a/fa26/class/ee106a-agi/ros_workspaces/lab2/install/turtle_patrol_interface/local/lib/python3.10/dist-packages/turtle_patrol_interface/_turtle_patrol_interface_s.ep.rosidl_typesupport_introspection_c.c\n'}
[28.778620] (turtle_patrol_interface) StdoutLine: {'line': b'-- Up-to-date symlink: /home/cc/ee106a/fa26/class/ee106a-agi/ros_workspaces/lab2/install/turtle_patrol_interface/local/lib/python3.10/dist-packages/turtle_patrol_interface/libturtle_patrol_interface__rosidl_generator_py.so\n'}
[28.782341] (turtle_patrol_interface) StdoutLine: {'line': b'-- Up-to-date symlink: /home/cc/ee106a/fa26/class/ee106a-agi/ros_workspaces/lab2/install/turtle_patrol_interface/local/lib/python3.10/dist-packages/turtle_patrol_interface/srv/__init__.py\n'}
[28.786928] (turtle_patrol_interface) StdoutLine: {'line': b'-- Up-to-date symlink: /home/cc/ee106a/fa26/class/ee106a-agi/ros_workspaces/lab2/install/turtle_patrol_interface/local/lib/python3.10/dist-packages/turtle_patrol_interface/srv/_patrol.py\n'}
[28.791129] (turtle_patrol_interface) StdoutLine: {'line': b'-- Up-to-date symlink: /home/cc/ee106a/fa26/class/ee106a-agi/ros_workspaces/lab2/install/turtle_patrol_interface/local/lib/python3.10/dist-packages/turtle_patrol_interface/srv/_patrol_s.c\n'}
[28.795015] (turtle_patrol_interface) StdoutLine: {'line': b'-- Up-to-date symlink: /home/cc/ee106a/fa26/class/ee106a-agi/ros_workspaces/lab2/install/turtle_patrol_interface/local/lib/python3.10/dist-packages/turtle_patrol_interface/turtle_patrol_interface_s__rosidl_typesupport_c.cpython-310-x86_64-linux-gnu.so\n'}
[28.798654] (turtle_patrol_interface) StdoutLine: {'line': b'-- Up-to-date symlink: /home/cc/ee106a/fa26/class/ee106a-agi/ros_workspaces/lab2/install/turtle_patrol_interface/local/lib/python3.10/dist-packages/turtle_patrol_interface/turtle_patrol_interface_s__rosidl_typesupport_fastrtps_c.cpython-310-x86_64-linux-gnu.so\n'}
[28.802793] (turtle_patrol_interface) StdoutLine: {'line': b'-- Up-to-date symlink: /home/cc/ee106a/fa26/class/ee106a-agi/ros_workspaces/lab2/install/turtle_patrol_interface/local/lib/python3.10/dist-packages/turtle_patrol_interface/turtle_patrol_interface_s__rosidl_typesupport_introspection_c.cpython-310-x86_64-linux-gnu.so\n'}
[28.806694] (turtle_patrol_interface) StdoutLine: {'line': b'-- Up-to-date symlink: /home/cc/ee106a/fa26/class/ee106a-agi/ros_workspaces/lab2/install/turtle_patrol_interface/local/lib/python3.10/dist-packages/turtle_patrol_interface/turtle_patrol_interface_s__rosidl_typesupport_fastrtps_c.cpython-310-x86_64-linux-gnu.so\n'}
[28.810962] (turtle_patrol_interface) StdoutLine: {'line': b'-- Up-to-date symlink: /home/cc/ee106a/fa26/class/ee106a-agi/ros_workspaces/lab2/install/turtle_patrol_interface/local/lib/python3.10/dist-packages/turtle_patrol_interface/turtle_patrol_interface_s__rosidl_typesupport_introspection_c.cpython-310-x86_64-linux-gnu.so\n'}
[28.814937] (turtle_patrol_interface) StdoutLine: {'line': b'-- Up-to-date symlink: /home/cc/ee106a/fa26/class/ee106a-agi/ros_workspaces/lab2/install/turtle_patrol_interface/local/lib/python3.10/dist-packages/turtle_patrol_interface/turtle_patrol_interface_s__rosidl_typesupport_c.cpython-310-x86_64-linux-gnu.so\n'}
[28.819649] (-) TimerEvent: {}
[28.820079] (turtle_patrol_interface) StdoutLine: {'line': b'-- Up-to-date symlink: /home/cc/ee106a/fa26/class/ee106a-agi/ros_workspaces/lab2/install/turtle_patrol_interface/share/ament_index/resource_index/rust_packages/turtle_patrol_interface\n'}
[28.826785] (turtle_patrol_interface) StdoutLine: {'line': b'-- Up-to-date symlink: /home/cc/ee106a/fa26/class/ee106a-agi/ros_workspaces/lab2/install/turtle_patrol_interface/share/turtle_patrol_interface/rust/Cargo.toml\n'}
[28.830563] (turtle_patrol_interface) StdoutLine: {'line': b'-- Up-to-date symlink: /home/cc/ee106a/fa26/class/ee106a-agi/ros_workspaces/lab2/install/turtle_patrol_interface/share/turtle_patrol_interface/rust/build.rs\n'}
[28.836205] (turtle_patrol_interface) StdoutLine: {'line': b'-- Up-to-date symlink: /home/cc/ee106a/fa26/class/ee106a-agi/ros_workspaces/lab2/install/turtle_patrol_interface/share/turtle_patrol_interface/rust/src/lib.rs\n'}
[28.839330] (turtle_patrol_interface) StdoutLine: {'line': b'-- Up-to-date symlink: /home/cc/ee106a/fa26/class/ee106a-agi/ros_workspaces/lab2/install/turtle_patrol_interface/share/turtle_patrol_interface/rust/src/srv.rs\n'}
[28.843018] (turtle_patrol_interface) StdoutLine: {'line': b'-- Up-to-date symlink: /home/cc/ee106a/fa26/class/ee106a-agi/ros_workspaces/lab2/install/turtle_patrol_interface/share/turtle_patrol_interface/rust/src/srv/rmw.rs\n'}
[28.847496] (turtle_patrol_interface) StdoutLine: {'line': b'-- Up-to-date symlink: /home/cc/ee106a/fa26/class/ee106a-agi/ros_workspaces/lab2/install/turtle_patrol_interface/share/turtle_patrol_interface/srv/Patrol.idl\n'}
[28.851755] (turtle_patrol_interface) StdoutLine: {'line': b'-- Up-to-date symlink: /home/cc/ee106a/fa26/class/ee106a-agi/ros_workspaces/lab2/install/turtle_patrol_interface/share/turtle_patrol_interface/srv/Patrol.srv\n'}
[28.855819] (turtle_patrol_interface) StdoutLine: {'line': b'-- Up-to-date symlink: /home/cc/ee106a/fa26/class/ee106a-agi/ros_workspaces/lab2/install/turtle_patrol_interface/share/turtle_patrol_interface/srv/Patrol_Request.msg\n'}
[28.859491] (turtle_patrol_interface) StdoutLine: {'line': b'-- Up-to-date symlink: /home/cc/ee106a/fa26/class/ee106a-agi/ros_workspaces/lab2/install/turtle_patrol_interface/share/turtle_patrol_interface/srv/Patrol_Response.msg\n'}
[28.863369] (turtle_patrol_interface) StdoutLine: {'line': b'-- Up-to-date symlink: /home/cc/ee106a/fa26/class/ee106a-agi/ros_workspaces/lab2/install/turtle_patrol_interface/share/ament_index/resource_index/package_run_dependencies/turtle_patrol_interface\n'}
[28.867511] (turtle_patrol_interface) StdoutLine: {'line': b'-- Up-to-date symlink: /home/cc/ee106a/fa26/class/ee106a-agi/ros_workspaces/lab2/install/turtle_patrol_interface/share/ament_index/resource_index/parent_prefix_path/turtle_patrol_interface\n'}
[28.870876] (turtle_patrol_interface) StdoutLine: {'line': b'-- Up-to-date symlink: /home/cc/ee106a/fa26/class/ee106a-agi/ros_workspaces/lab2/install/turtle_patrol_interface/share/turtle_patrol_interface/environment/ament_prefix_path.sh\n'}
[28.874084] (turtle_patrol_interface) StdoutLine: {'line': b'-- Up-to-date symlink: /home/cc/ee106a/fa26/class/ee106a-agi/ros_workspaces/lab2/install/turtle_patrol_interface/share/turtle_patrol_interface/environment/ament_prefix_path.dsv\n'}
[28.876790] (turtle_patrol_interface) StdoutLine: {'line': b'-- Up-to-date symlink: /home/cc/ee106a/fa26/class/ee106a-agi/ros_workspaces/lab2/install/turtle_patrol_interface/share/turtle_patrol_interface/environment/path.sh\n'}
[28.880106] (turtle_patrol_interface) StdoutLine: {'line': b'-- Up-to-date symlink: /home/cc/ee106a/fa26/class/ee106a-agi/ros_workspaces/lab2/install/turtle_patrol_interface/share/turtle_patrol_interface/environment/path.dsv\n'}
[28.882680] (turtle_patrol_interface) StdoutLine: {'line': b'-- Up-to-date symlink: /home/cc/ee106a/fa26/class/ee106a-agi/ros_workspaces/lab2/install/turtle_patrol_interface/share/turtle_patrol_interface/local_setup.bash\n'}
[28.886239] (turtle_patrol_interface) StdoutLine: {'line': b'-- Up-to-date symlink: /home/cc/ee106a/fa26/class/ee106a-agi/ros_workspaces/lab2/install/turtle_patrol_interface/share/turtle_patrol_interface/local_setup.sh\n'}
[28.888327] (turtle_patrol_interface) StdoutLine: {'line': b'-- Up-to-date symlink: /home/cc/ee106a/fa26/class/ee106a-agi/ros_workspaces/lab2/install/turtle_patrol_interface/share/turtle_patrol_interface/local_setup.zsh\n'}
[28.891348] (turtle_patrol_interface) StdoutLine: {'line': b'-- Up-to-date symlink: /home/cc/ee106a/fa26/class/ee106a-agi/ros_workspaces/lab2/install/turtle_patrol_interface/share/turtle_patrol_interface/local_setup.dsv\n'}
[28.894264] (turtle_patrol_interface) StdoutLine: {'line': b'-- Up-to-date symlink: /home/cc/ee106a/fa26/class/ee106a-agi/ros_workspaces/lab2/install/turtle_patrol_interface/share/turtle_patrol_interface/package.dsv\n'}
[28.897277] (turtle_patrol_interface) StdoutLine: {'line': b'-- Up-to-date symlink: /home/cc/ee106a/fa26/class/ee106a-agi/ros_workspaces/lab2/install/turtle_patrol_interface/share/ament_index/resource_index/packages/turtle_patrol_interface\n'}
[28.900011] (turtle_patrol_interface) StdoutLine: {'line': b'-- Up-to-date symlink: /home/cc/ee106a/fa26/class/ee106a-agi/ros_workspaces/lab2/install/turtle_patrol_interface/share/turtle_patrol_interface/cmake/rosidl_cmake-extras.cmake\n'}
[28.903073] (turtle_patrol_interface) StdoutLine: {'line': b'-- Up-to-date symlink: /home/cc/ee106a/fa26/class/ee106a-agi/ros_workspaces/lab2/install/turtle_patrol_interface/share/turtle_patrol_interface/cmake/ament_cmake_export_dependencies-extras.cmake\n'}
[28.905729] (turtle_patrol_interface) StdoutLine: {'line': b'-- Up-to-date symlink: /home/cc/ee106a/fa26/class/ee106a-agi/ros_workspaces/lab2/install/turtle_patrol_interface/share/turtle_patrol_interface/cmake/ament_cmake_export_include_directories-extras.cmake\n'}
[28.909139] (turtle_patrol_interface) StdoutLine: {'line': b'-- Up-to-date symlink: /home/cc/ee106a/fa26/class/ee106a-agi/ros_workspaces/lab2/install/turtle_patrol_interface/share/turtle_patrol_interface/cmake/ament_cmake_export_libraries-extras.cmake\n'}
[28.911559] (turtle_patrol_interface) StdoutLine: {'line': b'-- Up-to-date symlink: /home/cc/ee106a/fa26/class/ee106a-agi/ros_workspaces/lab2/install/turtle_patrol_interface/share/turtle_patrol_interface/cmake/ament_cmake_export_targets-extras.cmake\n'}
[28.914267] (turtle_patrol_interface) StdoutLine: {'line': b'-- Up-to-date symlink: /home/cc/ee106a/fa26/class/ee106a-agi/ros_workspaces/lab2/install/turtle_patrol_interface/share/turtle_patrol_interface/cmake/rosidl_cmake_export_typesupport_targets-extras.cmake\n'}
[28.917066] (turtle_patrol_interface) StdoutLine: {'line': b'-- Up-to-date symlink: /home/cc/ee106a/fa26/class/ee106a-agi/ros_workspaces/lab2/install/turtle_patrol_interface/share/turtle_patrol_interface/cmake/rosidl_cmake_export_typesupport_libraries-extras.cmake\n'}
[28.919764] (-) TimerEvent: {}
[28.920827] (turtle_patrol_interface) StdoutLine: {'line': b'-- Up-to-date symlink: /home/cc/ee106a/fa26/class/ee106a-agi/ros_workspaces/lab2/install/turtle_patrol_interface/share/turtle_patrol_interface/cmake/rosidl_cmake_aggregate_target-extras.cmake\n'}
[28.923497] (turtle_patrol_interface) StdoutLine: {'line': b'-- Up-to-date symlink: /home/cc/ee106a/fa26/class/ee106a-agi/ros_workspaces/lab2/install/turtle_patrol_interface/share/turtle_patrol_interface/cmake/turtle_patrol_interfaceConfig.cmake\n'}
[28.925949] (turtle_patrol_interface) StdoutLine: {'line': b'-- Up-to-date symlink: /home/cc/ee106a/fa26/class/ee106a-agi/ros_workspaces/lab2/install/turtle_patrol_interface/share/turtle_patrol_interface/cmake/turtle_patrol_interfaceConfig-version.cmake\n'}
[28.928547] (turtle_patrol_interface) StdoutLine: {'line': b'-- Up-to-date symlink: /home/cc/ee106a/fa26/class/ee106a-agi/ros_workspaces/lab2/install/turtle_patrol_interface/share/turtle_patrol_interface/package.xml\n'}
[28.931190] (turtle_patrol_interface) StdoutLine: {'line': b'-- Installing: /home/cc/ee106a/fa26/class/ee106a-agi/ros_workspaces/lab2/install/turtle_patrol_interface/lib/libturtle_patrol_interface__rosidl_generator_c.so\n'}
[28.946438] (turtle_patrol_interface) StdoutLine: {'line': b'-- Set runtime path of "/home/cc/ee106a/fa26/class/ee106a-agi/ros_workspaces/lab2/install/turtle_patrol_interface/lib/libturtle_patrol_interface__rosidl_generator_c.so" to ""\n'}
[28.949009] (turtle_patrol_interface) StdoutLine: {'line': b'-- Up-to-date: /home/cc/ee106a/fa26/class/ee106a-agi/ros_workspaces/lab2/install/turtle_patrol_interface/lib/libturtle_patrol_interface__rosidl_typesupport_fastrtps_c.so\n'}
[28.953160] (turtle_patrol_interface) StdoutLine: {'line': b'-- Up-to-date: /home/cc/ee106a/fa26/class/ee106a-agi/ros_workspaces/lab2/install/turtle_patrol_interface/lib/libturtle_patrol_interface__rosidl_typesupport_fastrtps_cpp.so\n'}
[28.957228] (turtle_patrol_interface) StdoutLine: {'line': b'-- Up-to-date: /home/cc/ee106a/fa26/class/ee106a-agi/ros_workspaces/lab2/install/turtle_patrol_interface/lib/libturtle_patrol_interface__rosidl_typesupport_introspection_c.so\n'}
[28.970714] (turtle_patrol_interface) StdoutLine: {'line': b'-- Installing: /home/cc/ee106a/fa26/class/ee106a-agi/ros_workspaces/lab2/install/turtle_patrol_interface/lib/libturtle_patrol_interface__rosidl_typesupport_c.so\n'}
[28.983349] (turtle_patrol_interface) StdoutLine: {'line': b'-- Set runtime path of "/home/cc/ee106a/fa26/class/ee106a-agi/ros_workspaces/lab2/install/turtle_patrol_interface/lib/libturtle_patrol_interface__rosidl_typesupport_c.so" to ""\n'}
[28.991973] (turtle_patrol_interface) StdoutLine: {'line': b'-- Installing: /home/cc/ee106a/fa26/class/ee106a-agi/ros_workspaces/lab2/install/turtle_patrol_interface/lib/libturtle_patrol_interface__rosidl_typesupport_introspection_cpp.so\n'}
[29.006649] (turtle_patrol_interface) StdoutLine: {'line': b'-- Set runtime path of "/home/cc/ee106a/fa26/class/ee106a-agi/ros_workspaces/lab2/install/turtle_patrol_interface/lib/libturtle_patrol_interface__rosidl_typesupport_introspection_cpp.so" to ""\n'}
[29.014423] (turtle_patrol_interface) StdoutLine: {'line': b'-- Installing: /home/cc/ee106a/fa26/class/ee106a-agi/ros_workspaces/lab2/install/turtle_patrol_interface/lib/libturtle_patrol_interface__rosidl_typesupport_cpp.so\n'}
[29.019945] (-) TimerEvent: {}
[29.030155] (turtle_patrol_interface) StdoutLine: {'line': b'-- Set runtime path of "/home/cc/ee106a/fa26/class/ee106a-agi/ros_workspaces/lab2/install/turtle_patrol_interface/lib/libturtle_patrol_interface__rosidl_typesupport_cpp.so" to ""\n'}
[29.120120] (-) TimerEvent: {}
[29.220686] (-) TimerEvent: {}
[29.288475] (turtle_patrol_interface) StdoutLine: {'line': b"Listing '/home/cc/ee106a/fa26/class/ee106a-agi/ros_workspaces/lab2/install/turtle_patrol_interface/local/lib/python3.10/dist-packages/turtle_patrol_interface'...\n"}
[29.289002] (turtle_patrol_interface) StdoutLine: {'line': b"Listing '/home/cc/ee106a/fa26/class/ee106a-agi/ros_workspaces/lab2/install/turtle_patrol_interface/local/lib/python3.10/dist-packages/turtle_patrol_interface/srv'...\n"}
[29.290337] (turtle_patrol_interface) StdoutLine: {'line': b"Compiling '/home/cc/ee106a/fa26/class/ee106a-agi/ros_workspaces/lab2/install/turtle_patrol_interface/local/lib/python3.10/dist-packages/turtle_patrol_interface/srv/__init__.py'...\n"}
[29.292506] (turtle_patrol_interface) StdoutLine: {'line': b"Compiling '/home/cc/ee106a/fa26/class/ee106a-agi/ros_workspaces/lab2/install/turtle_patrol_interface/local/lib/python3.10/dist-packages/turtle_patrol_interface/srv/_patrol.py'...\n"}
[29.304854] (turtle_patrol_interface) StdoutLine: {'line': b'-- Installing: /home/cc/ee106a/fa26/class/ee106a-agi/ros_workspaces/lab2/install/turtle_patrol_interface/lib/libturtle_patrol_interface__rosidl_generator_py.so\n'}
[29.321140] (turtle_patrol_interface) StdoutLine: {'line': b'-- Set runtime path of "/home/cc/ee106a/fa26/class/ee106a-agi/ros_workspaces/lab2/install/turtle_patrol_interface/lib/libturtle_patrol_interface__rosidl_generator_py.so" to ""\n'}
[29.321836] (-) TimerEvent: {}
[29.327319] (turtle_patrol_interface) StdoutLine: {'line': b'-- Up-to-date: /home/cc/ee106a/fa26/class/ee106a-agi/ros_workspaces/lab2/install/turtle_patrol_interface/share/turtle_patrol_interface/cmake/export_turtle_patrol_interface__rosidl_generator_cExport.cmake\n'}
[29.329675] (turtle_patrol_interface) StdoutLine: {'line': b'-- Up-to-date: /home/cc/ee106a/fa26/class/ee106a-agi/ros_workspaces/lab2/install/turtle_patrol_interface/share/turtle_patrol_interface/cmake/export_turtle_patrol_interface__rosidl_generator_cExport-noconfig.cmake\n'}
[29.335168] (turtle_patrol_interface) StdoutLine: {'line': b'-- Up-to-date: /home/cc/ee106a/fa26/class/ee106a-agi/ros_workspaces/lab2/install/turtle_patrol_interface/share/turtle_patrol_interface/cmake/export_turtle_patrol_interface__rosidl_typesupport_fastrtps_cExport.cmake\n'}
[29.337189] (turtle_patrol_interface) StdoutLine: {'line': b'-- Up-to-date: /home/cc/ee106a/fa26/class/ee106a-agi/ros_workspaces/lab2/install/turtle_patrol_interface/share/turtle_patrol_interface/cmake/export_turtle_patrol_interface__rosidl_typesupport_fastrtps_cExport-noconfig.cmake\n'}
[29.342255] (turtle_patrol_interface) StdoutLine: {'line': b'-- Up-to-date: /home/cc/ee106a/fa26/class/ee106a-agi/ros_workspaces/lab2/install/turtle_patrol_interface/share/turtle_patrol_interface/cmake/export_turtle_patrol_interface__rosidl_generator_cppExport.cmake\n'}
[29.348097] (turtle_patrol_interface) StdoutLine: {'line': b'-- Up-to-date: /home/cc/ee106a/fa26/class/ee106a-agi/ros_workspaces/lab2/install/turtle_patrol_interface/share/turtle_patrol_interface/cmake/export_turtle_patrol_interface__rosidl_typesupport_fastrtps_cppExport.cmake\n'}
[29.350261] (turtle_patrol_interface) StdoutLine: {'line': b'-- Up-to-date: /home/cc/ee106a/fa26/class/ee106a-agi/ros_workspaces/lab2/install/turtle_patrol_interface/share/turtle_patrol_interface/cmake/export_turtle_patrol_interface__rosidl_typesupport_fastrtps_cppExport-noconfig.cmake\n'}
[29.356085] (turtle_patrol_interface) StdoutLine: {'line': b'-- Up-to-date: /home/cc/ee106a/fa26/class/ee106a-agi/ros_workspaces/lab2/install/turtle_patrol_interface/share/turtle_patrol_interface/cmake/turtle_patrol_interface__rosidl_typesupport_introspection_cExport.cmake\n'}
[29.358419] (turtle_patrol_interface) StdoutLine: {'line': b'-- Up-to-date: /home/cc/ee106a/fa26/class/ee106a-agi/ros_workspaces/lab2/install/turtle_patrol_interface/share/turtle_patrol_interface/cmake/turtle_patrol_interface__rosidl_typesupport_introspection_cExport-noconfig.cmake\n'}
[29.362979] (turtle_patrol_interface) StdoutLine: {'line': b'-- Up-to-date: /home/cc/ee106a/fa26/class/ee106a-agi/ros_workspaces/lab2/install/turtle_patrol_interface/share/turtle_patrol_interface/cmake/turtle_patrol_interface__rosidl_typesupport_cExport.cmake\n'}
[29.365592] (turtle_patrol_interface) StdoutLine: {'line': b'-- Up-to-date: /home/cc/ee106a/fa26/class/ee106a-agi/ros_workspaces/lab2/install/turtle_patrol_interface/share/turtle_patrol_interface/cmake/turtle_patrol_interface__rosidl_typesupport_cExport-noconfig.cmake\n'}
[29.370323] (turtle_patrol_interface) StdoutLine: {'line': b'-- Up-to-date: /home/cc/ee106a/fa26/class/ee106a-agi/ros_workspaces/lab2/install/turtle_patrol_interface/share/turtle_patrol_interface/cmake/turtle_patrol_interface__rosidl_typesupport_introspection_cppExport.cmake\n'}
[29.371947] (turtle_patrol_interface) StdoutLine: {'line': b'-- Up-to-date: /home/cc/ee106a/fa26/class/ee106a-agi/ros_workspaces/lab2/install/turtle_patrol_interface/share/turtle_patrol_interface/cmake/turtle_patrol_interface__rosidl_typesupport_introspection_cppExport-noconfig.cmake\n'}
[29.375710] (turtle_patrol_interface) StdoutLine: {'line': b'-- Up-to-date: /home/cc/ee106a/fa26/class/ee106a-agi/ros_workspaces/lab2/install/turtle_patrol_interface/share/turtle_patrol_interface/cmake/turtle_patrol_interface__rosidl_typesupport_cppExport.cmake\n'}
[29.377420] (turtle_patrol_interface) StdoutLine: {'line': b'-- Up-to-date: /home/cc/ee106a/fa26/class/ee106a-agi/ros_workspaces/lab2/install/turtle_patrol_interface/share/turtle_patrol_interface/cmake/turtle_patrol_interface__rosidl_typesupport_cppExport-noconfig.cmake\n'}
[29.381576] (turtle_patrol_interface) StdoutLine: {'line': b'-- Up-to-date: /home/cc/ee106a/fa26/class/ee106a-agi/ros_workspaces/lab2/install/turtle_patrol_interface/share/turtle_patrol_interface/cmake/export_turtle_patrol_interface__rosidl_generator_pyExport.cmake\n'}
[29.383612] (turtle_patrol_interface) StdoutLine: {'line': b'-- Up-to-date: /home/cc/ee106a/fa26/class/ee106a-agi/ros_workspaces/lab2/install/turtle_patrol_interface/share/turtle_patrol_interface/cmake/export_turtle_patrol_interface__rosidl_generator_pyExport-noconfig.cmake\n'}
[29.397983] (turtle_patrol_interface) CommandEnded: {'returncode': 0}
[29.422069] (-) TimerEvent: {}
[29.522728] (-) TimerEvent: {}
[29.613581] (turtle_patrol_interface) JobEnded: {'identifier': 'turtle_patrol_interface', 'rc': 0}
[29.623484] (-) TimerEvent: {}
[29.623750] (-) EventReactorShutdown: {}
