[5.422s] Invoking command in '/home/cc/ee106a/fa26/class/ee106a-agi/ros_workspaces/lab2/build/turtle_patrol': PYTHONPATH=/home/cc/ee106a/fa26/class/ee106a-agi/ros_workspaces/lab2/build/turtle_patrol/prefix_override:/usr/lib/python3/dist-packages/colcon_core/task/python/colcon_distutils_commands:/home/cc/ee106a/fa26/class/ee106a-agi/ros_workspaces/lab2/install/turtle_patrol/lib/python3.10/site-packages:${PYTHONPATH} /usr/bin/python3 -W ignore:setup.py install is deprecated -W ignore:easy_install command is deprecated setup.py develop --editable --build-directory /home/cc/ee106a/fa26/class/ee106a-agi/ros_workspaces/lab2/build/turtle_patrol/build --no-deps symlink_data
[6.900s] running develop
[8.113s] running egg_info
[8.114s] creating turtle_patrol.egg-info
[8.117s] writing turtle_patrol.egg-info/PKG-INFO
[8.126s] writing dependency_links to turtle_patrol.egg-info/dependency_links.txt
[8.130s] writing entry points to turtle_patrol.egg-info/entry_points.txt
[8.134s] writing requirements to turtle_patrol.egg-info/requires.txt
[8.138s] writing top-level names to turtle_patrol.egg-info/top_level.txt
[8.142s] writing manifest file 'turtle_patrol.egg-info/SOURCES.txt'
[8.156s] reading manifest file 'turtle_patrol.egg-info/SOURCES.txt'
[8.160s] writing manifest file 'turtle_patrol.egg-info/SOURCES.txt'
[8.166s] running build_ext
[8.167s] Creating /home/cc/ee106a/fa26/class/ee106a-agi/ros_workspaces/lab2/install/turtle_patrol/lib/python3.10/site-packages/turtle-patrol.egg-link (link to .)
[8.174s] Installing multi_patrol_client script to /home/cc/ee106a/fa26/class/ee106a-agi/ros_workspaces/lab2/install/turtle_patrol/lib/turtle_patrol
[8.182s] Installing multi_patrol_server script to /home/cc/ee106a/fa26/class/ee106a-agi/ros_workspaces/lab2/install/turtle_patrol/lib/turtle_patrol
[8.190s] Installing patrol_client script to /home/cc/ee106a/fa26/class/ee106a-agi/ros_workspaces/lab2/install/turtle_patrol/lib/turtle_patrol
[8.195s] Installing patrol_client_sol script to /home/cc/ee106a/fa26/class/ee106a-agi/ros_workspaces/lab2/install/turtle_patrol/lib/turtle_patrol
[8.201s] Installing patrol_server script to /home/cc/ee106a/fa26/class/ee106a-agi/ros_workspaces/lab2/install/turtle_patrol/lib/turtle_patrol
[8.208s] Installing patrol_server_sol script to /home/cc/ee106a/fa26/class/ee106a-agi/ros_workspaces/lab2/install/turtle_patrol/lib/turtle_patrol
[8.214s] 
[8.215s] Installed /home/cc/ee106a/fa26/class/ee106a-agi/ros_workspaces/lab2/build/turtle_patrol
[8.215s] running symlink_data
[8.215s] creating /home/cc/ee106a/fa26/class/ee106a-agi/ros_workspaces/lab2/install/turtle_patrol/share/ament_index
[8.217s] creating /home/cc/ee106a/fa26/class/ee106a-agi/ros_workspaces/lab2/install/turtle_patrol/share/ament_index/resource_index
[8.217s] creating /home/cc/ee106a/fa26/class/ee106a-agi/ros_workspaces/lab2/install/turtle_patrol/share/ament_index/resource_index/packages
[8.221s] symbolically linking /home/cc/ee106a/fa26/class/ee106a-agi/ros_workspaces/lab2/build/turtle_patrol/resource/turtle_patrol -> /home/cc/ee106a/fa26/class/ee106a-agi/ros_workspaces/lab2/install/turtle_patrol/share/ament_index/resource_index/packages
[8.224s] symbolically linking /home/cc/ee106a/fa26/class/ee106a-agi/ros_workspaces/lab2/build/turtle_patrol/package.xml -> /home/cc/ee106a/fa26/class/ee106a-agi/ros_workspaces/lab2/install/turtle_patrol/share/turtle_patrol
[8.307s] Invoked command in '/home/cc/ee106a/fa26/class/ee106a-agi/ros_workspaces/lab2/build/turtle_patrol' returned '0': PYTHONPATH=/home/cc/ee106a/fa26/class/ee106a-agi/ros_workspaces/lab2/build/turtle_patrol/prefix_override:/usr/lib/python3/dist-packages/colcon_core/task/python/colcon_distutils_commands:/home/cc/ee106a/fa26/class/ee106a-agi/ros_workspaces/lab2/install/turtle_patrol/lib/python3.10/site-packages:${PYTHONPATH} /usr/bin/python3 -W ignore:setup.py install is deprecated -W ignore:easy_install command is deprecated setup.py develop --editable --build-directory /home/cc/ee106a/fa26/class/ee106a-agi/ros_workspaces/lab2/build/turtle_patrol/build --no-deps symlink_data
