running develop
running egg_info
creating lab2_turtlesim.egg-info
writing lab2_turtlesim.egg-info/PKG-INFO
writing dependency_links to lab2_turtlesim.egg-info/dependency_links.txt
writing entry points to lab2_turtlesim.egg-info/entry_points.txt
writing requirements to lab2_turtlesim.egg-info/requires.txt
writing top-level names to lab2_turtlesim.egg-info/top_level.txt
writing manifest file 'lab2_turtlesim.egg-info/SOURCES.txt'
reading manifest file 'lab2_turtlesim.egg-info/SOURCES.txt'
writing manifest file 'lab2_turtlesim.egg-info/SOURCES.txt'
running build_ext
Creating /home/cc/ee106a/fa26/class/ee106a-agi/ros_workspaces/lab2/install/lab2_turtlesim/lib/python3.10/site-packages/lab2-turtlesim.egg-link (link to .)
Installing turtle_controller script to /home/cc/ee106a/fa26/class/ee106a-agi/ros_workspaces/lab2/install/lab2_turtlesim/lib/lab2_turtlesim

Installed /home/cc/ee106a/fa26/class/ee106a-agi/ros_workspaces/lab2/build/lab2_turtlesim
running symlink_data
creating /home/cc/ee106a/fa26/class/ee106a-agi/ros_workspaces/lab2/install/lab2_turtlesim/share/ament_index
creating /home/cc/ee106a/fa26/class/ee106a-agi/ros_workspaces/lab2/install/lab2_turtlesim/share/ament_index/resource_index
creating /home/cc/ee106a/fa26/class/ee106a-agi/ros_workspaces/lab2/install/lab2_turtlesim/share/ament_index/resource_index/packages
symbolically linking /home/cc/ee106a/fa26/class/ee106a-agi/ros_workspaces/lab2/build/lab2_turtlesim/resource/lab2_turtlesim -> /home/cc/ee106a/fa26/class/ee106a-agi/ros_workspaces/lab2/install/lab2_turtlesim/share/ament_index/resource_index/packages
symbolically linking /home/cc/ee106a/fa26/class/ee106a-agi/ros_workspaces/lab2/build/lab2_turtlesim/package.xml -> /home/cc/ee106a/fa26/class/ee106a-agi/ros_workspaces/lab2/install/lab2_turtlesim/share/lab2_turtlesim
