[0.750s] Invoking command in '/home/user/ros_workspaces/lab1/src/chatter': PYTHONPATH=/home/user/ros_workspaces/lab1/build/chatter/prefix_override:/usr/lib/python3/dist-packages/colcon_core/task/python/colcon_distutils_commands:/home/user/ros_workspaces/lab1/install/chatter/lib/python3.10/site-packages:${PYTHONPATH} _=/usr/bin/env /usr/bin/python3 -W ignore:setup.py install is deprecated -W ignore:easy_install command is deprecated setup.py egg_info --egg-base ../../build/chatter build --build-base /home/user/ros_workspaces/lab1/build/chatter/build install --record /home/user/ros_workspaces/lab1/build/chatter/install.log --single-version-externally-managed install_data
[0.924s] /usr/local/lib/python3.10/dist-packages/setuptools/_distutils/dist.py:289: UserWarning: Unknown distribution option: 'tests_require'
[0.924s]   warnings.warn(msg)
[1.037s] running egg_info
[1.055s] writing ../../build/chatter/chatter.egg-info/PKG-INFO
[1.055s] writing dependency_links to ../../build/chatter/chatter.egg-info/dependency_links.txt
[1.055s] writing entry points to ../../build/chatter/chatter.egg-info/entry_points.txt
[1.056s] writing requirements to ../../build/chatter/chatter.egg-info/requires.txt
[1.056s] writing top-level names to ../../build/chatter/chatter.egg-info/top_level.txt
[1.101s] reading manifest file '../../build/chatter/chatter.egg-info/SOURCES.txt'
[1.102s] writing manifest file '../../build/chatter/chatter.egg-info/SOURCES.txt'
[1.102s] running build
[1.102s] running build_py
[1.103s] running install
[1.108s] running install_lib
[1.127s] running install_data
[1.127s] running install_egg_info
[1.147s] removing '/home/user/ros_workspaces/lab1/install/chatter/lib/python3.10/site-packages/chatter-0.0.0-py3.10.egg-info' (and everything under it)
[1.147s] Copying ../../build/chatter/chatter.egg-info to /home/user/ros_workspaces/lab1/install/chatter/lib/python3.10/site-packages/chatter-0.0.0-py3.10.egg-info
[1.148s] running install_scripts
[1.186s] Installing listener script to /home/user/ros_workspaces/lab1/install/chatter/lib/chatter
[1.186s] Installing talker script to /home/user/ros_workspaces/lab1/install/chatter/lib/chatter
[1.187s] writing list of installed files to '/home/user/ros_workspaces/lab1/build/chatter/install.log'
[1.216s] Invoked command in '/home/user/ros_workspaces/lab1/src/chatter' returned '0': PYTHONPATH=/home/user/ros_workspaces/lab1/build/chatter/prefix_override:/usr/lib/python3/dist-packages/colcon_core/task/python/colcon_distutils_commands:/home/user/ros_workspaces/lab1/install/chatter/lib/python3.10/site-packages:${PYTHONPATH} _=/usr/bin/env /usr/bin/python3 -W ignore:setup.py install is deprecated -W ignore:easy_install command is deprecated setup.py egg_info --egg-base ../../build/chatter build --build-base /home/user/ros_workspaces/lab1/build/chatter/build install --record /home/user/ros_workspaces/lab1/build/chatter/install.log --single-version-externally-managed install_data
